Archive member included to satisfy reference by file (symbol)

app/libapp.a(cta2045_pack.c.obj)
                              (--whole-archive)
app/libapp.a(cta2045_resp.c.obj)
                              (--whole-archive)
app/libapp.a(cta2045_uart.c.obj)
                              (--whole-archive)
app/libapp.a(main.c.obj)      (--whole-archive)
zephyr/libzephyr.a(validate_libc.c.obj)
                              (--whole-archive)
zephyr/libzephyr.a(heap.c.obj)
                              (--whole-archive)
zephyr/libzephyr.a(cbprintf_packaged.c.obj)
                              (--whole-archive)
zephyr/libzephyr.a(clock.c.obj)
                              (--whole-archive)
zephyr/libzephyr.a(printk.c.obj)
                              (--whole-archive)
zephyr/libzephyr.a(sem.c.obj)
                              (--whole-archive)
zephyr/libzephyr.a(thread_entry.c.obj)
                              (--whole-archive)
zephyr/libzephyr.a(cbprintf_complete.c.obj)
                              (--whole-archive)
zephyr/libzephyr.a(assert.c.obj)
                              (--whole-archive)
zephyr/libzephyr.a(mpsc_pbuf.c.obj)
                              (--whole-archive)
zephyr/libzephyr.a(dec.c.obj)
                              (--whole-archive)
zephyr/libzephyr.a(hex.c.obj)
                              (--whole-archive)
zephyr/libzephyr.a(rb.c.obj)  (--whole-archive)
zephyr/libzephyr.a(timeutil.c.obj)
                              (--whole-archive)
zephyr/libzephyr.a(bitarray.c.obj)
                              (--whole-archive)
zephyr/libzephyr.a(onoff.c.obj)
                              (--whole-archive)
zephyr/libzephyr.a(notify.c.obj)
                              (--whole-archive)
zephyr/libzephyr.a(ring_buffer.c.obj)
                              (--whole-archive)
zephyr/libzephyr.a(last_section_id.c.obj)
                              (--whole-archive)
zephyr/libzephyr.a(configs.c.obj)
                              (--whole-archive)
zephyr/libzephyr.a(log_core.c.obj)
                              (--whole-archive)
zephyr/libzephyr.a(log_mgmt.c.obj)
                              (--whole-archive)
zephyr/libzephyr.a(log_cache.c.obj)
                              (--whole-archive)
zephyr/libzephyr.a(log_msg.c.obj)
                              (--whole-archive)
zephyr/libzephyr.a(log_output.c.obj)
                              (--whole-archive)
zephyr/libzephyr.a(log_backend_uart.c.obj)
                              (--whole-archive)
zephyr/libzephyr.a(mem_attr.c.obj)
                              (--whole-archive)
zephyr/libzephyr.a(tracing_none.c.obj)
                              (--whole-archive)
zephyr/arch/common/libarch__common.a(sw_isr_common.c.obj)
                              (--whole-archive)
zephyr/arch/arch/arm/core/libarch__arm__core.a(fatal.c.obj)
                              (--whole-archive)
zephyr/arch/arch/arm/core/libarch__arm__core.a(nmi.c.obj)
                              (--whole-archive)
zephyr/arch/arch/arm/core/libarch__arm__core.a(nmi_on_reset.S.obj)
                              (--whole-archive)
zephyr/arch/arch/arm/core/libarch__arm__core.a(tls.c.obj)
                              (--whole-archive)
zephyr/arch/arch/arm/core/cortex_m/libarch__arm__core__cortex_m.a(exc_exit.c.obj)
                              (--whole-archive)
zephyr/arch/arch/arm/core/cortex_m/libarch__arm__core__cortex_m.a(fault.c.obj)
                              (--whole-archive)
zephyr/arch/arch/arm/core/cortex_m/libarch__arm__core__cortex_m.a(fault_s.S.obj)
                              (--whole-archive)
zephyr/arch/arch/arm/core/cortex_m/libarch__arm__core__cortex_m.a(fpu.c.obj)
                              (--whole-archive)
zephyr/arch/arch/arm/core/cortex_m/libarch__arm__core__cortex_m.a(reset.S.obj)
                              (--whole-archive)
zephyr/arch/arch/arm/core/cortex_m/libarch__arm__core__cortex_m.a(scb.c.obj)
                              (--whole-archive)
zephyr/arch/arch/arm/core/cortex_m/libarch__arm__core__cortex_m.a(thread_abort.c.obj)
                              (--whole-archive)
zephyr/arch/arch/arm/core/cortex_m/libarch__arm__core__cortex_m.a(vector_table.S.obj)
                              (--whole-archive)
zephyr/arch/arch/arm/core/cortex_m/libarch__arm__core__cortex_m.a(swap_helper.S.obj)
                              (--whole-archive)
zephyr/arch/arch/arm/core/cortex_m/libarch__arm__core__cortex_m.a(irq_manage.c.obj)
                              (--whole-archive)
zephyr/arch/arch/arm/core/cortex_m/libarch__arm__core__cortex_m.a(prep_c.c.obj)
                              (--whole-archive)
zephyr/arch/arch/arm/core/cortex_m/libarch__arm__core__cortex_m.a(thread.c.obj)
                              (--whole-archive)
zephyr/arch/arch/arm/core/cortex_m/libarch__arm__core__cortex_m.a(cpu_idle.c.obj)
                              (--whole-archive)
zephyr/arch/arch/arm/core/cortex_m/libarch__arm__core__cortex_m.a(irq_init.c.obj)
[...]
Memory Configuration

Name             Origin             Length             Attributes
FLASH            0x0000000000000000 0x0000000000100000 xr
RAM              0x0000000020000000 0x0000000000016000 xw
IDT_LIST         0x00000000ffff7fff 0x0000000000008000 xw
*default*        0x0000000000000000 0xffffffffffffffff

Linker script and memory map

                0x0000000000004fb4                vfprintf = __l_vfprintf
                0x0000000000000000                vfscanf = __l_vfscanf
LOAD zephyr/CMakeFiles/zephyr_final.dir/misc/empty_file.c.obj
LOAD zephyr/CMakeFiles/zephyr_final.dir/isr_tables.c.obj
LOAD zephyr/CMakeFiles/offsets.dir/./arch/arm/core/offsets/offsets.c.obj
LOAD app/libapp.a
LOAD zephyr/libzephyr.a
LOAD zephyr/arch/common/libarch__common.a
LOAD zephyr/arch/arch/arm/core/libarch__arm__core.a
LOAD zephyr/arch/arch/arm/core/cortex_m/libarch__arm__core__cortex_m.a
LOAD zephyr/arch/arch/arm/core/cortex_m/cmse/libarch__arm__core__cortex_m__cmse.a
LOAD zephyr/arch/arch/arm/core/mpu/libarch__arm__core__mpu.a
LOAD zephyr/lib/libc/picolibc/liblib__libc__picolibc.a
LOAD zephyr/lib/libc/common/liblib__libc__common.a
LOAD zephyr/soc/soc/nrf9161/libsoc__nordic.a
LOAD zephyr/drivers/clock_control/libdrivers__clock_control.a
LOAD zephyr/drivers/console/libdrivers__console.a
LOAD zephyr/drivers/gpio/libdrivers__gpio.a
LOAD zephyr/drivers/pinctrl/libdrivers__pinctrl.a
LOAD zephyr/drivers/serial/libdrivers__serial.a
LOAD zephyr/drivers/timer/libdrivers__timer.a
LOAD modules/hal_nordic/nrfx/libmodules__hal_nordic__nrfx.a
LOAD zephyr/kernel/libkernel.a
LOAD zephyr/arch/common/libisr_tables.a
LOAD /opt/zephyr-sdk/arm-zephyr-eabi/bin/../lib/gcc/../../picolibc/arm-zephyr-eabi/lib/thumb/v8-m.main/nofp/libc.a
LOAD /opt/zephyr-sdk/arm-zephyr-eabi/bin/../lib/gcc/arm-zephyr-eabi/12.2.0/thumb/v8-m.main/nofp/libgcc.a
                0x0000000000000020                _region_min_align = 0x20

.rel.plt        0x0000000000000000        0x0
 *(SORT_BY_ALIGNMENT(.rel.plt))
                [!provide]                        PROVIDE (__rel_iplt_start = .)
 *(SORT_BY_ALIGNMENT(.rel.iplt))
 .rel.iplt      0x0000000000000000        0x0 zephyr/CMakeFiles/zephyr_final.dir/isr_tables.c.obj
                [!provide]                        PROVIDE (__rel_iplt_end = .)

.rela.plt       0x0000000000000000        0x0
 *(SORT_BY_ALIGNMENT(.rela.plt))
                [!provide]                        PROVIDE (__rela_iplt_start = .)
 *(SORT_BY_ALIGNMENT(.rela.iplt))
                [!provide]                        PROVIDE (__rela_iplt_end = .)

.rel.dyn
 *(SORT_BY_ALIGNMENT(.rel.*))

.rela.dyn
 *(SORT_BY_ALIGNMENT(.rela.*))

/DISCARD/
 *(SORT_BY_ALIGNMENT(.plt))

/DISCARD/
 *(SORT_BY_ALIGNMENT(.iplt))
                0x0000000000000000                __rom_region_start = 0x0

rom_start       0x0000000000000000      0x144
                0x0000000000000000                __rom_start_address = .
 FILL mask 0x00
                0x0000000000000000                . = (. + (0x0 - (. - __rom_start_address)))
                0x0000000000000000                . = ALIGN (0x4)
                0x0000000000000000                . = ALIGN (0x80)
                0x0000000000000000                . = ALIGN (0x200)
                0x0000000000000000                _vector_start = .
 *(SORT_BY_ALIGNMENT(.exc_vector_table))
 *(SORT_BY_ALIGNMENT(.exc_vector_table.*))
 .exc_vector_table._vector_table_section
                0x0000000000000000       0x40 zephyr/arch/arch/arm/core/cortex_m/libarch__arm__core__cortex_m.a(vector_table.S.obj)
                0x0000000000000000                _vector_table
 *(SORT_BY_ALIGNMENT(.vectors))
                0x0000000000000144                _vector_end = .
                0x0000000000000040                . = ALIGN (0x4)
 *(SORT_BY_ALIGNMENT(.gnu.linkonce.irq_vector_table*))
 .gnu.linkonce.irq_vector_table
                0x0000000000000040      0x104 zephyr/CMakeFiles/zephyr_final.dir/isr_tables.c.obj
                0x0000000000000040                _irq_vector_table
                0x0000000000000144                _vector_end = .

text            0x0000000000000144     0x6ba0
                0x0000000000000144                __text_region_start = .
 *(SORT_BY_ALIGNMENT(.text))
 .text          0x0000000000000144       0x10 /opt/zephyr-sdk/arm-zephyr-eabi/bin/../lib/gcc/../../picolibc/arm-zephyr-eabi/lib/thumb/v8-m.main/nofp/libc.a(strlen.S.o)
                0x0000000000000144                strlen
 *(SORT_BY_ALIGNMENT(.text.*))
 .text.basic_pack
                0x0000000000000154       0x44 app/libapp.a(cta2045_pack.c.obj)
                0x0000000000000154                basic_pack
 .text.datalink_pack_max_payload_req
                0x0000000000000198       0x38 app/libapp.a(cta2045_pack.c.obj)
                0x0000000000000198                datalink_pack_max_payload_req
 .text.intermediate_pack_get_utc_time_resp
                0x00000000000001d0       0x5c app/libapp.a(cta2045_pack.c.obj)
                0x00000000000001d0                intermediate_pack_get_utc_time_resp
 .text.process_basic_message
                0x000000000000022c       0x88 app/libapp.a(cta2045_resp.c.obj)
                0x000000000000022c                process_basic_message
 .text.process_intermediate_message
                0x00000000000002b4       0xa8 app/libapp.a(cta2045_resp.c.obj)
                0x00000000000002b4                process_intermediate_message
 .text.ConvertDataLinkType
                0x000000000000035c       0x14 app/libapp.a(cta2045_resp.c.obj)
                0x000000000000035c                ConvertDataLinkType
 .text.uart_isr
                0x0000000000000370       0x94 app/libapp.a(cta2045_uart.c.obj)
 .text.send_response
                0x0000000000000404       0x60 app/libapp.a(cta2045_uart.c.obj)
                0x0000000000000404                send_response
 .text.cta2045_uart_init
                0x0000000000000464       0x7c app/libapp.a(cta2045_uart.c.obj)
                0x0000000000000464                cta2045_uart_init
 .text.cta2045_uart_thread
                0x00000000000004e0       0x30 app/libapp.a(cta2045_uart.c.obj)
                0x00000000000004e0                cta2045_uart_thread
 .text.main     0x0000000000000510       0x98 app/libapp.a(main.c.obj)
                0x0000000000000510                main
 .text.cbvprintf_package
                0x00000000000005a8      0x3a4 zephyr/libzephyr.a(cbprintf_packaged.c.obj)
                0x00000000000005a8                cbvprintf_package
 .text.cbprintf_package_convert
                0x000000000000094c      0x3cc zephyr/libzephyr.a(cbprintf_packaged.c.obj)
                0x000000000000094c                cbprintf_package_convert
 .text.__printk_hook_install
                0x0000000000000d18        0xc zephyr/libzephyr.a(printk.c.obj)
                0x0000000000000d18                __printk_hook_install
 .text.z_thread_entry
                0x0000000000000d24       0x34 zephyr/libzephyr.a(thread_entry.c.obj)
                0x0000000000000d24                z_thread_entry
 .text.process_event
                0x0000000000000d58      0x21c zephyr/libzephyr.a(onoff.c.obj)
 .text.activate_foreach_backend
                0x0000000000000f74       0x64 zephyr/libzephyr.a(log_core.c.obj)
 .text.enable_logger
                0x0000000000000fd8       0x5c zephyr/libzephyr.a(log_core.c.obj)
 .text.log_process_thread_timer_expiry_fn
                0x0000000000001034        0xc zephyr/libzephyr.a(log_core.c.obj)
 .text.z_log_init
                0x0000000000001040       0x98 zephyr/libzephyr.a(log_core.c.obj)
 .text.log_format_func_t_get
                0x00000000000010d8        0xc zephyr/libzephyr.a(log_core.c.obj)
                0x00000000000010d8                log_format_func_t_get
 .text.log_set_timestamp_func
                0x00000000000010e4       0x20 zephyr/libzephyr.a(log_core.c.obj)
                0x00000000000010e4                log_set_timestamp_func
 .text.z_log_notify_backend_enabled
                0x0000000000001104       0x1c zephyr/libzephyr.a(log_core.c.obj)
                0x0000000000001104                z_log_notify_backend_enabled
 .text.z_log_dropped
                0x0000000000001120       0x3c zephyr/libzephyr.a(log_core.c.obj)
                0x0000000000001120                z_log_dropped
 .text.z_log_dropped_read_and_clear
                0x000000000000115c       0x18 zephyr/libzephyr.a(log_core.c.obj)
                0x000000000000115c                z_log_dropped_read_and_clear
 .text.dropped_notify
                0x0000000000001174       0x30 zephyr/libzephyr.a(log_core.c.obj)
                0x0000000000001174                dropped_notify
 .text.z_log_msg_init
                0x00000000000011a4       0x20 zephyr/libzephyr.a(log_core.c.obj)
                0x00000000000011a4                z_log_msg_init
 .text.log_core_init
                0x00000000000011c4       0x50 zephyr/libzephyr.a(log_core.c.obj)
                0x00000000000011c4                log_core_init
 .text.z_log_msg_alloc
                0x0000000000001214       0x10 zephyr/libzephyr.a(log_core.c.obj)
                0x0000000000001214                z_log_msg_alloc
 .text.z_log_msg_local_claim
                0x0000000000001224        0xc zephyr/libzephyr.a(log_core.c.obj)
                0x0000000000001224                z_log_msg_local_claim
 .text.z_log_msg_free
                0x0000000000001230       0x10 zephyr/libzephyr.a(log_core.c.obj)
                0x0000000000001230                z_log_msg_free
 .text.z_log_msg_pending
                0x0000000000001240        0xc zephyr/libzephyr.a(log_core.c.obj)
                0x0000000000001240                z_log_msg_pending
 .text.z_impl_log_process
                0x000000000000124c       0xb8 zephyr/libzephyr.a(log_core.c.obj)
                0x000000000000124c                z_impl_log_process
 .text.z_impl_log_panic
                0x0000000000001304       0x44 zephyr/libzephyr.a(log_core.c.obj)
                0x0000000000001304                z_impl_log_panic
 .text.log_process_thread_func
                0x0000000000001348       0xa4 zephyr/libzephyr.a(log_core.c.obj)
 .text.z_log_msg_post_finalize
                0x00000000000013ec       0x78 zephyr/libzephyr.a(log_core.c.obj)
 .text.z_log_msg_commit
                0x0000000000001464       0x24 zephyr/libzephyr.a(log_core.c.obj)
                0x0000000000001464                z_log_msg_commit
 .text.log_source_name_get
                0x0000000000001488       0x1c zephyr/libzephyr.a(log_mgmt.c.obj)
                0x0000000000001488                log_source_name_get
 .text.z_impl_z_log_msg_static_create
                0x00000000000014a4      0x108 zephyr/libzephyr.a(log_msg.c.obj)
                0x00000000000014a4                z_impl_z_log_msg_static_create
 .text.z_log_msg_runtime_vcreate
                0x00000000000015ac       0xa0 zephyr/libzephyr.a(log_msg.c.obj)
                0x00000000000015ac                z_log_msg_runtime_vcreate
 .text.log_msg_get_source_id
                0x000000000000164c       0x18 zephyr/libzephyr.a(log_msg.c.obj)
                0x000000000000164c                log_msg_get_source_id
 .text.print_formatted
                0x0000000000001664       0x24 zephyr/libzephyr.a(log_output.c.obj)
 .text.newline_print
                0x0000000000001688       0x1c zephyr/libzephyr.a(log_output.c.obj)
 .text.log_output_process
                0x00000000000016a4      0x2d4 zephyr/libzephyr.a(log_output.c.obj)
                0x00000000000016a4                log_output_process
 .text.log_output_dropped_process
                0x0000000000001978       0x58 zephyr/libzephyr.a(log_output.c.obj)
                0x0000000000001978                log_output_dropped_process
 .text.log_output_timestamp_freq_set
                0x00000000000019d0       0x2c zephyr/libzephyr.a(log_output.c.obj)
                0x00000000000019d0                log_output_timestamp_freq_set
 .text.char_out
                0x00000000000019fc       0x24 zephyr/libzephyr.a(log_backend_uart.c.obj)
 .text.mem_attr_get_regions
                0x0000000000001a20        0xc zephyr/libzephyr.a(mem_attr.c.obj)
                0x0000000000001a20                mem_attr_get_regions
 .text.z_arm_fatal_error
                0x0000000000001a2c       0xb8 zephyr/arch/arch/arm/core/libarch__arm__core.a(fatal.c.obj)
                0x0000000000001a2c                z_arm_fatal_error
 .text.z_SysNmiOnReset
                0x0000000000001ae4        0x8 zephyr/arch/arch/arm/core/libarch__arm__core.a(nmi_on_reset.S.obj)
                0x0000000000001ae4                z_SysNmiOnReset
 .text.arch_tls_stack_setup
                0x0000000000001aec       0x40 zephyr/arch/arch/arm/core/libarch__arm__core.a(tls.c.obj)
                0x0000000000001aec                arch_tls_stack_setup
 .text._HandlerModeExit
                0x0000000000001b2c       0x20 zephyr/arch/arch/arm/core/cortex_m/libarch__arm__core__cortex_m.a(exc_exit.c.obj)
                0x0000000000001b2c                z_arm_exc_exit
                0x0000000000001b2c                z_arm_int_exit
 .text.mem_manage_fault.constprop.0
                0x0000000000001b4c       0xd0 zephyr/arch/arch/arm/core/cortex_m/libarch__arm__core__cortex_m.a(fault.c.obj)
 .text.usage_fault.constprop.0
                0x0000000000001c1c       0xbc zephyr/arch/arch/arm/core/cortex_m/libarch__arm__core__cortex_m.a(fault.c.obj)
 .text.bus_fault.constprop.0
                0x0000000000001cd8       0xd0 zephyr/arch/arch/arm/core/cortex_m/libarch__arm__core__cortex_m.a(fault.c.obj)
 .text.z_arm_fault
                0x0000000000001da8      0x1d0 zephyr/arch/arch/arm/core/cortex_m/libarch__arm__core__cortex_m.a(fault.c.obj)
                0x0000000000001da8                z_arm_fault
 .text.z_arm_fault_init
                0x0000000000001f78       0x20 zephyr/arch/arch/arm/core/cortex_m/libarch__arm__core__cortex_m.a(fault.c.obj)
                0x0000000000001f78                z_arm_fault_init
 .text.__fault  0x0000000000001f98       0x14 zephyr/arch/arch/arm/core/cortex_m/libarch__arm__core__cortex_m.a(fault_s.S.obj)
                0x0000000000001f98                z_arm_bus_fault
                0x0000000000001f98                z_arm_usage_fault
                0x0000000000001f98                z_arm_mpu_fault
                0x0000000000001f98                z_arm_exc_spurious
                0x0000000000001f98                z_arm_debug_monitor
                0x0000000000001f98                z_arm_hard_fault
 .text._reset_section
                0x0000000000001fac       0x38 zephyr/arch/arch/arm/core/cortex_m/libarch__arm__core__cortex_m.a(reset.S.obj)
                0x0000000000001fac                z_arm_reset
                0x0000000000001fac                __start
 .text.z_impl_k_thread_abort
                0x0000000000001fe4       0x2c zephyr/arch/arch/arm/core/cortex_m/libarch__arm__core__cortex_m.a(thread_abort.c.obj)
                0x0000000000001fe4                z_impl_k_thread_abort
 .text.z_arm_pendsv
                0x0000000000002010       0x60 zephyr/arch/arch/arm/core/cortex_m/libarch__arm__core__cortex_m.a(swap_helper.S.obj)
                0x0000000000002010                z_arm_pendsv
 .text.z_arm_svc
                0x0000000000002070       0x24 zephyr/arch/arch/arm/core/cortex_m/libarch__arm__core__cortex_m.a(swap_helper.S.obj)
                0x0000000000002070                z_arm_svc
 .text.arm_irq_enable
                0x0000000000002094       0x1c zephyr/arch/arch/arm/core/cortex_m/libarch__arm__core__cortex_m.a(irq_manage.c.obj)
                0x0000000000002094                arm_irq_enable
 .text.arm_irq_is_enabled
                0x00000000000020b0       0x1c zephyr/arch/arch/arm/core/cortex_m/libarch__arm__core__cortex_m.a(irq_manage.c.obj)
                0x00000000000020b0                arm_irq_is_enabled
 .text.arm_irq_priority_set
                0x00000000000020cc       0x2c zephyr/arch/arch/arm/core/cortex_m/libarch__arm__core__cortex_m.a(irq_manage.c.obj)
                0x00000000000020cc                arm_irq_priority_set
 .text.relocate_vector_table
                0x00000000000020f8       0x1c zephyr/arch/arch/arm/core/cortex_m/libarch__arm__core__cortex_m.a(prep_c.c.obj)
                0x00000000000020f8                relocate_vector_table
 .text.z_prep_c
                0x0000000000002114       0x38 zephyr/arch/arch/arm/core/cortex_m/libarch__arm__core__cortex_m.a(prep_c.c.obj)
                0x0000000000002114                z_prep_c
 .text.arch_new_thread
                0x000000000000214c       0x38 zephyr/arch/arch/arm/core/cortex_m/libarch__arm__core__cortex_m.a(thread.c.obj)
                0x000000000000214c                arch_new_thread
 .text.arch_switch_to_main_thread
                0x0000000000002184       0x40 zephyr/arch/arch/arm/core/cortex_m/libarch__arm__core__cortex_m.a(thread.c.obj)
                0x0000000000002184                arch_switch_to_main_thread
 .text.z_arm_cpu_idle_init
                0x00000000000021c4        0xc zephyr/arch/arch/arm/core/cortex_m/libarch__arm__core__cortex_m.a(cpu_idle.c.obj)
                0x00000000000021c4                z_arm_cpu_idle_init
 .text.z_arm_interrupt_init
                0x00000000000021d0       0x18 zephyr/arch/arch/arm/core/cortex_m/libarch__arm__core__cortex_m.a(irq_init.c.obj)
                0x00000000000021d0                z_arm_interrupt_init
 .text._isr_wrapper
                0x00000000000021e8       0x24 zephyr/arch/arch/arm/core/cortex_m/libarch__arm__core__cortex_m.a(isr_wrapper.c.obj)
                0x00000000000021e8                _isr_wrapper
 .text.z_arm_configure_static_mpu_regions
                0x000000000000220c       0x38 zephyr/arch/arch/arm/core/mpu/libarch__arm__core__mpu.a(arm_core_mpu.c.obj)
                0x000000000000220c                z_arm_configure_static_mpu_regions
 .text.region_init
                0x0000000000002244       0x34 zephyr/arch/arch/arm/core/mpu/libarch__arm__core__mpu.a(arm_mpu.c.obj)
 .text.region_allocate_and_init
                0x0000000000002278       0x38 zephyr/arch/arch/arm/core/mpu/libarch__arm__core__mpu.a(arm_mpu.c.obj)
 .text.mpu_configure_regions_and_partition.constprop.0
                0x00000000000022b0      0x164 zephyr/arch/arch/arm/core/mpu/libarch__arm__core__mpu.a(arm_mpu.c.obj)
 .text.arm_core_mpu_enable
                0x0000000000002414       0x18 zephyr/arch/arch/arm/core/mpu/libarch__arm__core__mpu.a(arm_mpu.c.obj)
                0x0000000000002414                arm_core_mpu_enable
 .text.arm_core_mpu_disable
                0x000000000000242c       0x14 zephyr/arch/arch/arm/core/mpu/libarch__arm__core__mpu.a(arm_mpu.c.obj)
                0x000000000000242c                arm_core_mpu_disable
 .text.arm_core_mpu_configure_static_mpu_regions
                0x0000000000002440       0x14 zephyr/arch/arch/arm/core/mpu/libarch__arm__core__mpu.a(arm_mpu.c.obj)
                0x0000000000002440                arm_core_mpu_configure_static_mpu_regions
 .text.arm_core_mpu_mark_areas_for_dynamic_regions
                0x0000000000002454       0xb8 zephyr/arch/arch/arm/core/mpu/libarch__arm__core__mpu.a(arm_mpu.c.obj)
                0x0000000000002454                arm_core_mpu_mark_areas_for_dynamic_regions
 .text.z_arm_mpu_init
                0x000000000000250c      0x11c zephyr/arch/arch/arm/core/mpu/libarch__arm__core__mpu.a(arm_mpu.c.obj)
                0x000000000000250c                z_arm_mpu_init
 .text.cbvprintf
                0x0000000000002628       0x38 zephyr/lib/libc/picolibc/liblib__libc__picolibc.a(cbprintf.c.obj)
                0x0000000000002628                cbvprintf
 .text.z_impl_zephyr_fputc
                0x0000000000002660       0x10 zephyr/lib/libc/picolibc/liblib__libc__picolibc.a(stdio.c.obj)
                0x0000000000002660                z_impl_zephyr_fputc
 .text.__stdout_hook_install
                0x0000000000002670       0x18 zephyr/lib/libc/picolibc/liblib__libc__picolibc.a(stdio.c.obj)
                0x0000000000002670                __stdout_hook_install
 .text.malloc_prepare
                0x0000000000002688       0x24 zephyr/lib/libc/common/liblib__libc__common.a(malloc.c.obj)
 .text.nordicsemi_nrf91_init
                0x00000000000026ac       0x10 zephyr/soc/soc/nrf9161/libsoc__nordic.a(soc.c.obj)
 .text.arch_busy_wait
                0x00000000000026bc       0x14 zephyr/soc/soc/nrf9161/libsoc__nordic.a(soc.c.obj)
                0x00000000000026bc                arch_busy_wait
 .text.onoff_stop
                0x00000000000026d0       0x30 zephyr/drivers/clock_control/libdrivers__clock_control.a(clock_control_nrf.c.obj)
 .text.onoff_start
                0x0000000000002700       0x44 zephyr/drivers/clock_control/libdrivers__clock_control.a(clock_control_nrf.c.obj)
 .text.generic_hfclk_stop
                0x0000000000002744       0x34 zephyr/drivers/clock_control/libdrivers__clock_control.a(clock_control_nrf.c.obj)
 .text.clk_init
                0x0000000000002778       0x58 zephyr/drivers/clock_control/libdrivers__clock_control.a(clock_control_nrf.c.obj)
 .text.api_blocking_start
                0x00000000000027d0       0x34 zephyr/drivers/clock_control/libdrivers__clock_control.a(clock_control_nrf.c.obj)
 .text.clkstarted_handle.constprop.0
                0x0000000000002804       0x4c zephyr/drivers/clock_control/libdrivers__clock_control.a(clock_control_nrf.c.obj)
 .text.generic_hfclk_start
                0x0000000000002850       0x78 zephyr/drivers/clock_control/libdrivers__clock_control.a(clock_control_nrf.c.obj)
 .text.clock_event_handler
                0x00000000000028c8       0x1c zephyr/drivers/clock_control/libdrivers__clock_control.a(clock_control_nrf.c.obj)
 .text.z_nrf_clock_control_lf_on
                0x00000000000028e4       0xf8 zephyr/drivers/clock_control/libdrivers__clock_control.a(clock_control_nrf.c.obj)
                0x00000000000028e4                z_nrf_clock_control_lf_on
 .text.uart_console_init
                0x00000000000029dc       0x28 zephyr/drivers/console/libdrivers__console.a(uart_console.c.obj)
 .text.console_out
                0x0000000000002a04       0x28 zephyr/drivers/console/libdrivers__console.a(uart_console.c.obj)
 .text.nrfx_gpio_handler
                0x0000000000002a2c       0x3c zephyr/drivers/gpio/libdrivers__gpio.a(gpio_nrfx.c.obj)
 .text.gpio_nrfx_pin_configure
                0x0000000000002a68      0x180 zephyr/drivers/gpio/libdrivers__gpio.a(gpio_nrfx.c.obj)
 .text.gpio_nrfx_init
                0x0000000000002be8       0x48 zephyr/drivers/gpio/libdrivers__gpio.a(gpio_nrfx.c.obj)
 .text.gpio_nrfx_pin_interrupt_configure
                0x0000000000002c30      0x114 zephyr/drivers/gpio/libdrivers__gpio.a(gpio_nrfx.c.obj)
 .text.pinctrl_configure_pins
                0x0000000000002d44      0x17c zephyr/drivers/pinctrl/libdrivers__pinctrl.a(pinctrl_nrf.c.obj)
                0x0000000000002d44                pinctrl_configure_pins
 .text.uarte_nrfx_poll_out
                0x0000000000002ec0       0xb4 zephyr/drivers/serial/libdrivers__serial.a(uart_nrfx_uarte.c.obj)
 .text.uarte_instance_init.constprop.0
                0x0000000000002f74      0x108 zephyr/drivers/serial/libdrivers__serial.a(uart_nrfx_uarte.c.obj)
 .text.compare_int_lock
                0x000000000000307c       0x40 zephyr/drivers/timer/libdrivers__timer.a(nrf_rtc_timer.c.obj)
 .text.sys_clock_timeout_handler
                0x00000000000030bc       0x48 zephyr/drivers/timer/libdrivers__timer.a(nrf_rtc_timer.c.obj)
 .text.compare_int_unlock
                0x0000000000003104       0x4c zephyr/drivers/timer/libdrivers__timer.a(nrf_rtc_timer.c.obj)
 .text.z_nrf_rtc_timer_read
                0x0000000000003150       0x44 zephyr/drivers/timer/libdrivers__timer.a(nrf_rtc_timer.c.obj)
                0x0000000000003150                z_nrf_rtc_timer_read
 .text.compare_set
                0x0000000000003194      0x124 zephyr/drivers/timer/libdrivers__timer.a(nrf_rtc_timer.c.obj)
 .text.sys_clock_driver_init
                0x00000000000032b8       0x90 zephyr/drivers/timer/libdrivers__timer.a(nrf_rtc_timer.c.obj)
 .text.rtc_nrf_isr
                0x0000000000003348       0xd0 zephyr/drivers/timer/libdrivers__timer.a(nrf_rtc_timer.c.obj)
                0x0000000000003348                rtc_nrf_isr
 .text.sys_clock_set_timeout
                0x0000000000003418       0x5c zephyr/drivers/timer/libdrivers__timer.a(nrf_rtc_timer.c.obj)
                0x0000000000003418                sys_clock_set_timeout
 .text.sys_clock_elapsed
                0x0000000000003474       0x14 zephyr/drivers/timer/libdrivers__timer.a(nrf_rtc_timer.c.obj)
                0x0000000000003474                sys_clock_elapsed
 .text.uicr_HFXOCNT_erased
                0x0000000000003488       0x40 modules/hal_nordic/nrfx/libmodules__hal_nordic__nrfx.a(system_nrf91.c.obj)
 .text.uicr_HFXOSRC_erased
                0x00000000000034c8       0x3c modules/hal_nordic/nrfx/libmodules__hal_nordic__nrfx.a(system_nrf91.c.obj)
 .text.SystemInit
                0x0000000000003504      0x1bc modules/hal_nordic/nrfx/libmodules__hal_nordic__nrfx.a(system_nrf91.c.obj)
                0x0000000000003504                SystemInit
 .text.nrfx_flag32_alloc
                0x00000000000036c0       0x40 modules/hal_nordic/nrfx/libmodules__hal_nordic__nrfx.a(nrfx_flag32_allocator.c.obj)
                0x00000000000036c0                nrfx_flag32_alloc
 .text.nrfx_flag32_free
                0x0000000000003700       0x38 modules/hal_nordic/nrfx/libmodules__hal_nordic__nrfx.a(nrfx_flag32_allocator.c.obj)
                0x0000000000003700                nrfx_flag32_free
 .text.nrfx_gppi_channels_enable
                0x0000000000003738        0xc modules/hal_nordic/nrfx/libmodules__hal_nordic__nrfx.a(nrfx_gppi_dppi.c.obj)
                0x0000000000003738                nrfx_gppi_channels_enable
 .text.nrfx_gppi_channel_alloc
                0x0000000000003744        0xc modules/hal_nordic/nrfx/libmodules__hal_nordic__nrfx.a(nrfx_gppi_dppi.c.obj)
                0x0000000000003744                nrfx_gppi_channel_alloc
 .text.nrfx_clock_init
                0x0000000000003750       0x20 modules/hal_nordic/nrfx/libmodules__hal_nordic__nrfx.a(nrfx_clock.c.obj)
                0x0000000000003750                nrfx_clock_init
 .text.nrfx_clock_enable
                0x0000000000003770       0x28 modules/hal_nordic/nrfx/libmodules__hal_nordic__nrfx.a(nrfx_clock.c.obj)
                0x0000000000003770                nrfx_clock_enable
 .text.nrfx_clock_start
                0x0000000000003798       0xb0 modules/hal_nordic/nrfx/libmodules__hal_nordic__nrfx.a(nrfx_clock.c.obj)
                0x0000000000003798                nrfx_clock_start
 .text.nrfx_power_clock_irq_handler
                0x0000000000003848       0x70 modules/hal_nordic/nrfx/libmodules__hal_nordic__nrfx.a(nrfx_clock.c.obj)
                0x0000000000003848                nrfx_power_clock_irq_handler
 .text.nrfx_dppi_channel_alloc
                0x00000000000038b8       0x10 modules/hal_nordic/nrfx/libmodules__hal_nordic__nrfx.a(nrfx_dppi.c.obj)
                0x00000000000038b8                nrfx_dppi_channel_alloc
 .text.nrf_gpio_pin_port_decode
                0x00000000000038c8       0x18 modules/hal_nordic/nrfx/libmodules__hal_nordic__nrfx.a(nrfx_gpiote.c.obj)
 .text.call_handler.constprop.0
                0x00000000000038e0       0x3c modules/hal_nordic/nrfx/libmodules__hal_nordic__nrfx.a(nrfx_gpiote.c.obj)
 .text.latch_pending_read_and_check
                0x000000000000391c       0x1c modules/hal_nordic/nrfx/libmodules__hal_nordic__nrfx.a(nrfx_gpiote.c.obj)
 .text.release_handler.isra.0
                0x0000000000003938       0x54 modules/hal_nordic/nrfx/libmodules__hal_nordic__nrfx.a(nrfx_gpiote.c.obj)
 .text.__nrfy_internal_gpiote_events_process.constprop.0
                0x000000000000398c       0x5c modules/hal_nordic/nrfx/libmodules__hal_nordic__nrfx.a(nrfx_gpiote.c.obj)
 .text.pin_trigger_disable
                0x00000000000039e8       0x40 modules/hal_nordic/nrfx/libmodules__hal_nordic__nrfx.a(nrfx_gpiote.c.obj)
 .text.pin_uninit
                0x0000000000003a28       0x78 modules/hal_nordic/nrfx/libmodules__hal_nordic__nrfx.a(nrfx_gpiote.c.obj)
 .text.nrfx_gpiote_input_configure
                0x0000000000003aa0      0x168 modules/hal_nordic/nrfx/libmodules__hal_nordic__nrfx.a(nrfx_gpiote.c.obj)
                0x0000000000003aa0                nrfx_gpiote_input_configure
 .text.nrfx_gpiote_output_configure
                0x0000000000003c08       0xf0 modules/hal_nordic/nrfx/libmodules__hal_nordic__nrfx.a(nrfx_gpiote.c.obj)
                0x0000000000003c08                nrfx_gpiote_output_configure
 .text.nrfx_gpiote_global_callback_set
                0x0000000000003cf8        0xc modules/hal_nordic/nrfx/libmodules__hal_nordic__nrfx.a(nrfx_gpiote.c.obj)
                0x0000000000003cf8                nrfx_gpiote_global_callback_set
 .text.nrfx_gpiote_channel_get
                0x0000000000003d04       0x24 modules/hal_nordic/nrfx/libmodules__hal_nordic__nrfx.a(nrfx_gpiote.c.obj)
                0x0000000000003d04                nrfx_gpiote_channel_get
 .text.nrfx_gpiote_init
                0x0000000000003d28       0x48 modules/hal_nordic/nrfx/libmodules__hal_nordic__nrfx.a(nrfx_gpiote.c.obj)
                0x0000000000003d28                nrfx_gpiote_init
 .text.nrfx_gpiote_init_check
                0x0000000000003d70       0x14 modules/hal_nordic/nrfx/libmodules__hal_nordic__nrfx.a(nrfx_gpiote.c.obj)
                0x0000000000003d70                nrfx_gpiote_init_check
 .text.nrfx_gpiote_channel_free
                0x0000000000003d84       0x10 modules/hal_nordic/nrfx/libmodules__hal_nordic__nrfx.a(nrfx_gpiote.c.obj)
                0x0000000000003d84                nrfx_gpiote_channel_free
 .text.nrfx_gpiote_channel_alloc
                0x0000000000003d94       0x10 modules/hal_nordic/nrfx/libmodules__hal_nordic__nrfx.a(nrfx_gpiote.c.obj)
                0x0000000000003d94                nrfx_gpiote_channel_alloc
 .text.nrfx_gpiote_trigger_enable
                0x0000000000003da4       0x90 modules/hal_nordic/nrfx/libmodules__hal_nordic__nrfx.a(nrfx_gpiote.c.obj)
                0x0000000000003da4                nrfx_gpiote_trigger_enable
 .text.nrfx_gpiote_0_irq_handler
                0x0000000000003e34      0x14c modules/hal_nordic/nrfx/libmodules__hal_nordic__nrfx.a(nrfx_gpiote.c.obj)
                0x0000000000003e34                nrfx_gpiote_0_irq_handler
 .text.k_sys_fatal_error_handler
                0x0000000000003f80       0x20 zephyr/kernel/libkernel.a(fatal.c.obj)
                0x0000000000003f80                k_sys_fatal_error_handler
 .text.z_fatal_error
                0x0000000000003fa0       0xe8 zephyr/kernel/libkernel.a(fatal.c.obj)
                0x0000000000003fa0                z_fatal_error
 .text.z_sys_init_run_level
                0x0000000000004088       0x30 zephyr/kernel/libkernel.a(init.c.obj)
 .text.bg_thread_main
                0x00000000000040b8       0xc0 zephyr/kernel/libkernel.a(init.c.obj)
 .text.z_bss_zero
                0x0000000000004178       0x18 zephyr/kernel/libkernel.a(init.c.obj)
                0x0000000000004178                z_bss_zero
 .text.z_init_cpu
                0x0000000000004190       0x68 zephyr/kernel/libkernel.a(init.c.obj)
                0x0000000000004190                z_init_cpu
 .text.z_cstart
                0x00000000000041f8       0xd4 zephyr/kernel/libkernel.a(init.c.obj)
                0x00000000000041f8                z_cstart
 .text.z_impl_k_sem_give
                0x00000000000042cc       0x68 zephyr/kernel/libkernel.a(sem.c.obj)
                0x00000000000042cc                z_impl_k_sem_give
 .text.z_impl_k_sem_take
                0x0000000000004334       0x4c zephyr/kernel/libkernel.a(sem.c.obj)
                0x0000000000004334                z_impl_k_sem_take
 .text.z_setup_new_thread
                0x0000000000004380       0x7c zephyr/kernel/libkernel.a(thread.c.obj)
                0x0000000000004380                z_setup_new_thread
 .text.z_impl_k_thread_create
                0x00000000000043fc       0x58 zephyr/kernel/libkernel.a(thread.c.obj)
                0x00000000000043fc                z_impl_k_thread_create
 .text.z_dummy_thread_init
                0x0000000000004454       0x18 zephyr/kernel/libkernel.a(thread.c.obj)
                0x0000000000004454                z_dummy_thread_init
 .text.z_swap_irqlock
                0x000000000000446c       0x30 zephyr/kernel/libkernel.a(sched.c.obj)
 .text.ready_thread
                0x000000000000449c       0x84 zephyr/kernel/libkernel.a(sched.c.obj)
 .text.unready_thread
                0x0000000000004520       0x54 zephyr/kernel/libkernel.a(sched.c.obj)
 .text.add_thread_timeout
                0x0000000000004574       0x1c zephyr/kernel/libkernel.a(sched.c.obj)
 .text.move_thread_to_end_of_prio_q
                0x0000000000004590       0x90 zephyr/kernel/libkernel.a(sched.c.obj)
                0x0000000000004590                move_thread_to_end_of_prio_q
 .text.z_pend_curr
                0x0000000000004620       0x44 zephyr/kernel/libkernel.a(sched.c.obj)
                0x0000000000004620                z_pend_curr
 .text.z_reschedule
                0x0000000000004664       0x24 zephyr/kernel/libkernel.a(sched.c.obj)
                0x0000000000004664                z_reschedule
 .text.z_reschedule_irqlock
                0x0000000000004688       0x28 zephyr/kernel/libkernel.a(sched.c.obj)
                0x0000000000004688                z_reschedule_irqlock
 .text.k_sched_lock
                0x00000000000046b0       0x28 zephyr/kernel/libkernel.a(sched.c.obj)
                0x00000000000046b0                k_sched_lock
 .text.k_sched_unlock
                0x00000000000046d8       0x68 zephyr/kernel/libkernel.a(sched.c.obj)
                0x00000000000046d8                k_sched_unlock
 .text.z_sched_init
                0x0000000000004740       0x10 zephyr/kernel/libkernel.a(sched.c.obj)
                0x0000000000004740                z_sched_init
 .text.z_impl_k_yield
                0x0000000000004750       0x88 zephyr/kernel/libkernel.a(sched.c.obj)
                0x0000000000004750                z_impl_k_yield
 .text.z_tick_sleep
                0x00000000000047d8       0x78 zephyr/kernel/libkernel.a(sched.c.obj)
 .text.z_impl_k_wakeup
                0x0000000000004850       0x48 zephyr/kernel/libkernel.a(sched.c.obj)
                0x0000000000004850                z_impl_k_wakeup
 .text.z_impl_k_sched_current_thread_query
                0x0000000000004898        0xc zephyr/kernel/libkernel.a(sched.c.obj)
                0x0000000000004898                z_impl_k_sched_current_thread_query
 .text.z_thread_abort
                0x00000000000048a4      0x140 zephyr/kernel/libkernel.a(sched.c.obj)
                0x00000000000048a4                z_thread_abort
 .text.slice_timeout
                0x00000000000049e4       0x20 zephyr/kernel/libkernel.a(timeslicing.c.obj)
 .text.thread_is_sliceable
                0x0000000000004a04       0x3c zephyr/kernel/libkernel.a(timeslicing.c.obj)
                0x0000000000004a04                thread_is_sliceable
 .text.z_reset_time_slice
                0x0000000000004a40       0x50 zephyr/kernel/libkernel.a(timeslicing.c.obj)
                0x0000000000004a40                z_reset_time_slice
 .text.z_time_slice
                0x0000000000004a90       0x60 zephyr/kernel/libkernel.a(timeslicing.c.obj)
                0x0000000000004a90                z_time_slice
 .text.z_data_copy
                0x0000000000004af0       0x38 zephyr/kernel/libkernel.a(xip.c.obj)
                0x0000000000004af0                z_data_copy
 .text.first    0x0000000000004b28       0x10 zephyr/kernel/libkernel.a(timeout.c.obj)
 .text.elapsed  0x0000000000004b38       0x14 zephyr/kernel/libkernel.a(timeout.c.obj)
 .text.remove_timeout
                0x0000000000004b4c       0x38 zephyr/kernel/libkernel.a(timeout.c.obj)
 .text.z_add_timeout
                0x0000000000004b84      0x120 zephyr/kernel/libkernel.a(timeout.c.obj)
                0x0000000000004b84                z_add_timeout
 .text.sys_clock_announce
                0x0000000000004ca4       0xbc zephyr/kernel/libkernel.a(timeout.c.obj)
                0x0000000000004ca4                sys_clock_announce
 .text.sys_clock_tick_get
                0x0000000000004d60       0x30 zephyr/kernel/libkernel.a(timeout.c.obj)
                0x0000000000004d60                sys_clock_tick_get
 .text.z_timer_expiration_handler
                0x0000000000004d90      0x110 zephyr/kernel/libkernel.a(timer.c.obj)
                0x0000000000004d90                z_timer_expiration_handler
 .text.z_impl_k_timer_start
                0x0000000000004ea0       0x70 zephyr/kernel/libkernel.a(timer.c.obj)
                0x0000000000004ea0                z_impl_k_timer_start
 .text.boot_banner
                0x0000000000004f10        0xc zephyr/kernel/libkernel.a(banner.c.obj)
                0x0000000000004f10                boot_banner
 .text.puts     0x0000000000004f1c       0x40 /opt/zephyr-sdk/arm-zephyr-eabi/bin/../lib/gcc/../../picolibc/arm-zephyr-eabi/lib/thumb/v8-m.main/nofp/libc.a(libc_tinystdio_puts.c.o)
                0x0000000000004f1c                puts
 .text.snprintf
                0x0000000000004f5c       0x58 /opt/zephyr-sdk/arm-zephyr-eabi/bin/../lib/gcc/../../picolibc/arm-zephyr-eabi/lib/thumb/v8-m.main/nofp/libc.a(libc_tinystdio_snprintf.c.o)
                0x0000000000004f5c                snprintf
 .text.__l_vfprintf
                0x0000000000004fb4      0x4b4 /opt/zephyr-sdk/arm-zephyr-eabi/bin/../lib/gcc/../../picolibc/arm-zephyr-eabi/lib/thumb/v8-m.main/nofp/libc.a(libc_tinystdio_vflprintf.c.o)
                0x0000000000004fb4                __l_vfprintf
 .text._OffsetAbsSyms
                0x0000000000005468        0x2 zephyr/CMakeFiles/offsets.dir/./arch/arm/core/offsets/offsets.c.obj
                0x0000000000005468                _OffsetAbsSyms
 .text.checksum_calc
                0x000000000000546a       0x5a app/libapp.a(cta2045_pack.c.obj)
                0x000000000000546a                checksum_calc
 .text.nak_pack
                0x00000000000054c4       0x26 app/libapp.a(cta2045_pack.c.obj)
                0x00000000000054c4                nak_pack
 .text.ack_pack
                0x00000000000054ea       0x12 app/libapp.a(cta2045_pack.c.obj)
                0x00000000000054ea                ack_pack
 .text.process_datalink_message
                0x00000000000054fc       0x52 app/libapp.a(cta2045_resp.c.obj)
                0x00000000000054fc                process_datalink_message
 .text.process_response
                0x000000000000554e       0x54 app/libapp.a(cta2045_resp.c.obj)
                0x000000000000554e                process_response
 .text.chunk_size
                0x00000000000055a2        0xa zephyr/libzephyr.a(heap.c.obj)
 .text.free_list_add
                0x00000000000055ac       0x4e zephyr/libzephyr.a(heap.c.obj)
 .text.sys_heap_init
                0x00000000000055fa       0x7a zephyr/libzephyr.a(heap.c.obj)
                0x00000000000055fa                sys_heap_init
 .text.cbpprintf_external
                0x0000000000005674       0x62 zephyr/libzephyr.a(cbprintf_packaged.c.obj)
                0x0000000000005674                cbpprintf_external
 .text.is_ptr   0x00000000000056d6       0x4a zephyr/libzephyr.a(cbprintf_packaged.c.obj)
                0x00000000000056d6                is_ptr
 .text.arch_printk_char_out
                0x0000000000005720        0x4 zephyr/libzephyr.a(printk.c.obj)
                0x0000000000005720                arch_printk_char_out
 .text.printk   0x0000000000005724       0x1a zephyr/libzephyr.a(printk.c.obj)
                0x0000000000005724                printk
 .text.free_space
                0x000000000000573e       0x26 zephyr/libzephyr.a(mpsc_pbuf.c.obj)
 .text.get_usage
                0x0000000000005764       0x22 zephyr/libzephyr.a(mpsc_pbuf.c.obj)
 .text.idx_inc  0x0000000000005786       0x1c zephyr/libzephyr.a(mpsc_pbuf.c.obj)
 .text.rd_idx_inc
                0x00000000000057a2       0x18 zephyr/libzephyr.a(mpsc_pbuf.c.obj)
 .text.add_skip_item
                0x00000000000057ba       0x3e zephyr/libzephyr.a(mpsc_pbuf.c.obj)
 .text.drop_item_locked
                0x00000000000057f8      0x100 zephyr/libzephyr.a(mpsc_pbuf.c.obj)
 .text.post_drop_action
                0x00000000000058f8       0x36 zephyr/libzephyr.a(mpsc_pbuf.c.obj)
 .text.max_utilization_update
                0x000000000000592e       0x1a zephyr/libzephyr.a(mpsc_pbuf.c.obj)
 .text.mpsc_pbuf_init
                0x0000000000005948       0x42 zephyr/libzephyr.a(mpsc_pbuf.c.obj)
                0x0000000000005948                mpsc_pbuf_init
 .text.mpsc_pbuf_alloc
                0x000000000000598a       0xfe zephyr/libzephyr.a(mpsc_pbuf.c.obj)
                0x000000000000598a                mpsc_pbuf_alloc
 .text.mpsc_pbuf_commit
                0x0000000000005a88       0x3e zephyr/libzephyr.a(mpsc_pbuf.c.obj)
                0x0000000000005a88                mpsc_pbuf_commit
 .text.mpsc_pbuf_claim
                0x0000000000005ac6       0xa8 zephyr/libzephyr.a(mpsc_pbuf.c.obj)
                0x0000000000005ac6                mpsc_pbuf_claim
 .text.mpsc_pbuf_free
                0x0000000000005b6e       0x76 zephyr/libzephyr.a(mpsc_pbuf.c.obj)
                0x0000000000005b6e                mpsc_pbuf_free
 .text.mpsc_pbuf_is_pending
                0x0000000000005be4       0x32 zephyr/libzephyr.a(mpsc_pbuf.c.obj)
                0x0000000000005be4                mpsc_pbuf_is_pending
 .text.process_recheck
                0x0000000000005c16       0x38 zephyr/libzephyr.a(onoff.c.obj)
 .text.validate_args
                0x0000000000005c4e       0x20 zephyr/libzephyr.a(onoff.c.obj)
 .text.notify_one
                0x0000000000005c6e       0x2c zephyr/libzephyr.a(onoff.c.obj)
 .text.transition_complete
                0x0000000000005c9a       0x1a zephyr/libzephyr.a(onoff.c.obj)
 .text.onoff_manager_init
                0x0000000000005cb4       0x26 zephyr/libzephyr.a(onoff.c.obj)
                0x0000000000005cb4                onoff_manager_init
 .text.onoff_request
                0x0000000000005cda       0xae zephyr/libzephyr.a(onoff.c.obj)
                0x0000000000005cda                onoff_request
 .text.sys_notify_validate
                0x0000000000005d88       0x22 zephyr/libzephyr.a(notify.c.obj)
                0x0000000000005d88                sys_notify_validate
 .text.sys_notify_finalize
                0x0000000000005daa       0x1a zephyr/libzephyr.a(notify.c.obj)
                0x0000000000005daa                sys_notify_finalize
 .text.ring_buf_area_claim
                0x0000000000005dc4       0x30 zephyr/libzephyr.a(ring_buffer.c.obj)
                0x0000000000005dc4                ring_buf_area_claim
 .text.ring_buf_put_claim
                0x0000000000005df4       0x1e zephyr/libzephyr.a(ring_buffer.c.obj)
 .text.ring_buf_get_claim
                0x0000000000005e12       0x1e zephyr/libzephyr.a(ring_buffer.c.obj)
 .text.ring_buf_area_finish
                0x0000000000005e30       0x32 zephyr/libzephyr.a(ring_buffer.c.obj)
                0x0000000000005e30                ring_buf_area_finish
 .text.ring_buf_put
                0x0000000000005e62       0x40 zephyr/libzephyr.a(ring_buffer.c.obj)
                0x0000000000005e62                ring_buf_put
 .text.ring_buf_get
                0x0000000000005ea2       0x44 zephyr/libzephyr.a(ring_buffer.c.obj)
                0x0000000000005ea2                ring_buf_get
 .text._ConfigAbsSyms
                0x0000000000005ee6        0x2 zephyr/libzephyr.a(configs.c.obj)
                0x0000000000005ee6                _ConfigAbsSyms
 .text.log_msg_generic_get_wlen
                0x0000000000005ee8       0x20 zephyr/libzephyr.a(log_core.c.obj)
 .text.dummy_timestamp
                0x0000000000005f08        0x4 zephyr/libzephyr.a(log_core.c.obj)
 .text.default_get_timestamp
                0x0000000000005f0c        0x4 zephyr/libzephyr.a(log_core.c.obj)
 .text.atomic_inc
                0x0000000000005f10       0x12 zephyr/libzephyr.a(log_core.c.obj)
 .text.z_log_vprintk
                0x0000000000005f22       0x1c zephyr/libzephyr.a(log_core.c.obj)
                0x0000000000005f22                z_log_vprintk
 .text.z_log_notify_drop
                0x0000000000005f3e        0x6 zephyr/libzephyr.a(log_core.c.obj)
 .text.z_log_get_tag
                0x0000000000005f44        0x4 zephyr/libzephyr.a(log_core.c.obj)
                0x0000000000005f44                z_log_get_tag
 .text.log_backend_enable
                0x0000000000005f48       0x12 zephyr/libzephyr.a(log_mgmt.c.obj)
                0x0000000000005f48                log_backend_enable
 .text.z_cbprintf_cpy
                0x0000000000005f5a       0x2e zephyr/libzephyr.a(log_msg.c.obj)
 .text.z_log_msg_finalize
                0x0000000000005f88       0x32 zephyr/libzephyr.a(log_msg.c.obj)
                0x0000000000005f88                z_log_msg_finalize
 .text.z_log_msg_simple_create
                0x0000000000005fba       0x6e zephyr/libzephyr.a(log_msg.c.obj)
 .text.z_impl_z_log_msg_simple_create_0
                0x0000000000006028       0x12 zephyr/libzephyr.a(log_msg.c.obj)
                0x0000000000006028                z_impl_z_log_msg_simple_create_0
 .text.z_impl_z_log_msg_simple_create_1
                0x000000000000603a       0x14 zephyr/libzephyr.a(log_msg.c.obj)
                0x000000000000603a                z_impl_z_log_msg_simple_create_1
 .text.log_output_write
                0x000000000000604e       0x1c zephyr/libzephyr.a(log_output.c.obj)
 .text.log_output_flush
                0x000000000000606a       0x1a zephyr/libzephyr.a(log_output.c.obj)
 .text.out_func
                0x0000000000006084       0x2e zephyr/libzephyr.a(log_output.c.obj)
 .text.cr_out_func
                0x00000000000060b2       0x1c zephyr/libzephyr.a(log_output.c.obj)
 .text.log_output_msg_process
                0x00000000000060ce       0x6a zephyr/libzephyr.a(log_output.c.obj)
                0x00000000000060ce                log_output_msg_process
 .text.format_set
                0x0000000000006138        0xc zephyr/libzephyr.a(log_backend_uart.c.obj)
 .text.log_backend_uart_init
                0x0000000000006144        0xc zephyr/libzephyr.a(log_backend_uart.c.obj)
 .text.panic    0x0000000000006150       0x32 zephyr/libzephyr.a(log_backend_uart.c.obj)
 .text.dropped  0x0000000000006182        0xa zephyr/libzephyr.a(log_backend_uart.c.obj)
 .text.process  0x000000000000618c       0x1e zephyr/libzephyr.a(log_backend_uart.c.obj)
 .text.z_do_kernel_oops
                0x00000000000061aa        0x8 zephyr/arch/arch/arm/core/libarch__arm__core.a(fatal.c.obj)
                0x00000000000061aa                z_do_kernel_oops
 .text.z_arm_nmi
                0x00000000000061b2        0xe zephyr/arch/arch/arm/core/libarch__arm__core.a(nmi.c.obj)
                0x00000000000061b2                z_arm_nmi
 .text.z_log_msg_simple_create_0.constprop.0
                0x00000000000061c0        0x8 zephyr/arch/arch/arm/core/cortex_m/libarch__arm__core__cortex_m.a(fault.c.obj)
 .text.z_irq_spurious
                0x00000000000061c8        0x8 zephyr/arch/arch/arm/core/cortex_m/libarch__arm__core__cortex_m.a(irq_manage.c.obj)
                0x00000000000061c8                z_irq_spurious
 .text.configure_builtin_stack_guard
                0x00000000000061d0        0x8 zephyr/arch/arch/arm/core/cortex_m/libarch__arm__core__cortex_m.a(thread.c.obj)
                0x00000000000061d0                configure_builtin_stack_guard
 .text.arch_coprocessors_disable
                0x00000000000061d8        0x6 zephyr/arch/arch/arm/core/cortex_m/libarch__arm__core__cortex_m.a(thread.c.obj)
                0x00000000000061d8                arch_coprocessors_disable
 .text.arch_irq_unlock_outlined
                0x00000000000061de        0xe zephyr/arch/arch/arm/core/cortex_m/libarch__arm__core__cortex_m.a(thread.c.obj)
                0x00000000000061de                arch_irq_unlock_outlined
 .text.arch_cpu_idle
                0x00000000000061ec       0x1a zephyr/arch/arch/arm/core/cortex_m/libarch__arm__core__cortex_m.a(cpu_idle.c.obj)
                0x00000000000061ec                arch_cpu_idle
 .text.arch_cpu_atomic_idle
                0x0000000000006206       0x1e zephyr/arch/arch/arm/core/cortex_m/libarch__arm__core__cortex_m.a(cpu_idle.c.obj)
                0x0000000000006206                arch_cpu_atomic_idle
 .text.arm_cmse_mpu_region_get
                0x0000000000006224       0x12 zephyr/arch/arch/arm/core/cortex_m/cmse/libarch__arm__core__cortex_m__cmse.a(arm_core_cmse.c.obj)
                0x0000000000006224                arm_cmse_mpu_region_get
 .text.mpu_configure_region
                0x0000000000006236       0x32 zephyr/arch/arch/arm/core/mpu/libarch__arm__core__mpu.a(arm_mpu.c.obj)
 .text.cbputc   0x0000000000006268        0xc zephyr/lib/libc/picolibc/liblib__libc__picolibc.a(cbprintf.c.obj)
 .text.picolibc_put
                0x0000000000006274        0xa zephyr/lib/libc/picolibc/liblib__libc__picolibc.a(stdio.c.obj)
 .text.get_status
                0x000000000000627e       0x12 zephyr/drivers/clock_control/libdrivers__clock_control.a(clock_control_nrf.c.obj)
 .text.stop     0x0000000000006290       0x50 zephyr/drivers/clock_control/libdrivers__clock_control.a(clock_control_nrf.c.obj)
 .text.api_stop
                0x00000000000062e0        0x6 zephyr/drivers/clock_control/libdrivers__clock_control.a(clock_control_nrf.c.obj)
 .text.async_start
                0x00000000000062e6       0x5a zephyr/drivers/clock_control/libdrivers__clock_control.a(clock_control_nrf.c.obj)
 .text.api_start
                0x0000000000006340        0xe zephyr/drivers/clock_control/libdrivers__clock_control.a(clock_control_nrf.c.obj)
 .text.onoff_started_callback
                0x000000000000634e       0x12 zephyr/drivers/clock_control/libdrivers__clock_control.a(clock_control_nrf.c.obj)
 .text.lfclk_start
                0x0000000000006360        0x6 zephyr/drivers/clock_control/libdrivers__clock_control.a(clock_control_nrf.c.obj)
 .text.lfclk_stop
                0x0000000000006366        0x6 zephyr/drivers/clock_control/libdrivers__clock_control.a(clock_control_nrf.c.obj)
 .text.blocking_start_callback
                0x000000000000636c        0x6 zephyr/drivers/clock_control/libdrivers__clock_control.a(clock_control_nrf.c.obj)
 .text.gpio_nrfx_port_get_raw
                0x0000000000006372        0xc zephyr/drivers/gpio/libdrivers__gpio.a(gpio_nrfx.c.obj)
 .text.gpio_nrfx_port_set_masked_raw
                0x000000000000637e       0x14 zephyr/drivers/gpio/libdrivers__gpio.a(gpio_nrfx.c.obj)
 .text.gpio_nrfx_port_set_bits_raw
                0x0000000000006392        0xa zephyr/drivers/gpio/libdrivers__gpio.a(gpio_nrfx.c.obj)
 .text.gpio_nrfx_port_clear_bits_raw
                0x000000000000639c        0xa zephyr/drivers/gpio/libdrivers__gpio.a(gpio_nrfx.c.obj)
 .text.gpio_nrfx_port_toggle_bits
                0x00000000000063a6       0x14 zephyr/drivers/gpio/libdrivers__gpio.a(gpio_nrfx.c.obj)
 .text.gpio_nrfx_manage_callback
                0x00000000000063ba       0x52 zephyr/drivers/gpio/libdrivers__gpio.a(gpio_nrfx.c.obj)
 .text.pinctrl_lookup_state
                0x000000000000640c       0x26 zephyr/drivers/pinctrl/libdrivers__pinctrl.a(common.c.obj)
                0x000000000000640c                pinctrl_lookup_state
 .text.uarte_nrfx_err_check
                0x0000000000006432        0xe zephyr/drivers/serial/libdrivers__serial.a(uart_nrfx_uarte.c.obj)
 .text.uarte_nrfx_poll_in
                0x0000000000006440       0x26 zephyr/drivers/serial/libdrivers__serial.a(uart_nrfx_uarte.c.obj)
 .text.uarte_nrfx_fifo_read
                0x0000000000006466       0x28 zephyr/drivers/serial/libdrivers__serial.a(uart_nrfx_uarte.c.obj)
 .text.uarte_nrfx_irq_tx_enable
                0x000000000000648e       0x34 zephyr/drivers/serial/libdrivers__serial.a(uart_nrfx_uarte.c.obj)
 .text.uarte_nrfx_irq_tx_disable
                0x00000000000064c2       0x10 zephyr/drivers/serial/libdrivers__serial.a(uart_nrfx_uarte.c.obj)
 .text.uarte_nrfx_irq_tx_ready_complete
                0x00000000000064d2       0x1e zephyr/drivers/serial/libdrivers__serial.a(uart_nrfx_uarte.c.obj)
 .text.uarte_nrfx_irq_rx_ready
                0x00000000000064f0       0x10 zephyr/drivers/serial/libdrivers__serial.a(uart_nrfx_uarte.c.obj)
 .text.uarte_nrfx_irq_rx_enable
                0x0000000000006500        0xc zephyr/drivers/serial/libdrivers__serial.a(uart_nrfx_uarte.c.obj)
 .text.uarte_nrfx_irq_rx_disable
                0x000000000000650c        0xc zephyr/drivers/serial/libdrivers__serial.a(uart_nrfx_uarte.c.obj)
 .text.uarte_nrfx_irq_err_enable
                0x0000000000006518        0xe zephyr/drivers/serial/libdrivers__serial.a(uart_nrfx_uarte.c.obj)
 .text.uarte_nrfx_irq_err_disable
                0x0000000000006526        0xe zephyr/drivers/serial/libdrivers__serial.a(uart_nrfx_uarte.c.obj)
 .text.uarte_nrfx_irq_is_pending
                0x0000000000006534       0x36 zephyr/drivers/serial/libdrivers__serial.a(uart_nrfx_uarte.c.obj)
 .text.uarte_nrfx_irq_update
                0x000000000000656a        0x4 zephyr/drivers/serial/libdrivers__serial.a(uart_nrfx_uarte.c.obj)
 .text.uarte_nrfx_irq_callback_set
                0x000000000000656e        0xc zephyr/drivers/serial/libdrivers__serial.a(uart_nrfx_uarte.c.obj)
 .text.is_tx_ready.isra.0
                0x000000000000657a       0x20 zephyr/drivers/serial/libdrivers__serial.a(uart_nrfx_uarte.c.obj)
 .text.uarte_nrfx_isr_int
                0x000000000000659a       0x88 zephyr/drivers/serial/libdrivers__serial.a(uart_nrfx_uarte.c.obj)
 .text.pinctrl_apply_state.isra.0
                0x0000000000006622       0x1e zephyr/drivers/serial/libdrivers__serial.a(uart_nrfx_uarte.c.obj)
 .text.uarte_1_init
                0x0000000000006640       0x1e zephyr/drivers/serial/libdrivers__serial.a(uart_nrfx_uarte.c.obj)
 .text.uarte_0_init
                0x000000000000665e       0x1e zephyr/drivers/serial/libdrivers__serial.a(uart_nrfx_uarte.c.obj)
 .text.uarte_nrfx_fifo_fill
                0x000000000000667c       0x8a zephyr/drivers/serial/libdrivers__serial.a(uart_nrfx_uarte.c.obj)
 .text.event_clear
                0x0000000000006706       0x18 zephyr/drivers/timer/libdrivers__timer.a(nrf_rtc_timer.c.obj)
 .text.sys_clock_cycle_get_32
                0x000000000000671e        0x8 zephyr/drivers/timer/libdrivers__timer.a(nrf_rtc_timer.c.obj)
                0x000000000000671e                sys_clock_cycle_get_32
 .text.nrf91_errata_6
                0x0000000000006726       0x1e modules/hal_nordic/nrfx/libmodules__hal_nordic__nrfx.a(system_nrf91.c.obj)
 .text.nrf91_errata_14
                0x0000000000006744       0x24 modules/hal_nordic/nrfx/libmodules__hal_nordic__nrfx.a(system_nrf91.c.obj)
 .text.nrfx_isr
                0x0000000000006768        0x2 modules/hal_nordic/nrfx/libmodules__hal_nordic__nrfx.a(nrfx_glue.c.obj)
                0x0000000000006768                nrfx_isr
 .text.nrfx_busy_wait
                0x000000000000676a        0x4 modules/hal_nordic/nrfx/libmodules__hal_nordic__nrfx.a(nrfx_glue.c.obj)
                0x000000000000676a                nrfx_busy_wait
 .text.nrfx_gppi_channel_endpoints_setup
                0x000000000000676e        0xe modules/hal_nordic/nrfx/libmodules__hal_nordic__nrfx.a(nrfx_gppi_dppi.c.obj)
                0x000000000000676e                nrfx_gppi_channel_endpoints_setup
 .text.clock_stop
                0x000000000000677c       0xae modules/hal_nordic/nrfx/libmodules__hal_nordic__nrfx.a(nrfx_clock.c.obj)
 .text.nrfx_clock_stop
                0x000000000000682a        0x4 modules/hal_nordic/nrfx/libmodules__hal_nordic__nrfx.a(nrfx_clock.c.obj)
                0x000000000000682a                nrfx_clock_stop
 .text.nrf_gpio_reconfigure
                0x000000000000682e       0x92 modules/hal_nordic/nrfx/libmodules__hal_nordic__nrfx.a(nrfx_gpiote.c.obj)
 .text.nrf_gpio_cfg_sense_set
                0x00000000000068c0       0x1e modules/hal_nordic/nrfx/libmodules__hal_nordic__nrfx.a(nrfx_gpiote.c.obj)
 .text.nrfx_gpiote_pin_uninit
                0x00000000000068de        0x4 modules/hal_nordic/nrfx/libmodules__hal_nordic__nrfx.a(nrfx_gpiote.c.obj)
                0x00000000000068de                nrfx_gpiote_pin_uninit
 .text.nrfx_gpiote_trigger_disable
                0x00000000000068e2        0x4 modules/hal_nordic/nrfx/libmodules__hal_nordic__nrfx.a(nrfx_gpiote.c.obj)
                0x00000000000068e2                nrfx_gpiote_trigger_disable
 .text.z_impl_k_busy_wait
                0x00000000000068e6        0x8 zephyr/kernel/libkernel.a(busy_wait.c.obj)
                0x00000000000068e6                z_impl_k_busy_wait
 .text.z_device_state_init
                0x00000000000068ee        0x2 zephyr/kernel/libkernel.a(device.c.obj)
                0x00000000000068ee                z_device_state_init
 .text.z_impl_device_is_ready
                0x00000000000068f0       0x16 zephyr/kernel/libkernel.a(device.c.obj)
                0x00000000000068f0                z_impl_device_is_ready
 .text.arch_system_halt
                0x0000000000006906       0x10 zephyr/kernel/libkernel.a(fatal.c.obj)
                0x0000000000006906                arch_system_halt
 .text.do_device_init
                0x0000000000006916       0x2e zephyr/kernel/libkernel.a(init.c.obj)
 .text.z_early_memset
                0x0000000000006944        0x4 zephyr/kernel/libkernel.a(init.c.obj)
                0x0000000000006944                z_early_memset
 .text.z_early_memcpy
                0x0000000000006948        0x4 zephyr/kernel/libkernel.a(init.c.obj)
                0x0000000000006948                z_early_memcpy
 .text.idle     0x000000000000694c       0x16 zephyr/kernel/libkernel.a(idle.c.obj)
                0x000000000000694c                idle
 .text.z_impl_k_sem_init
                0x0000000000006962       0x18 zephyr/kernel/libkernel.a(sem.c.obj)
                0x0000000000006962                z_impl_k_sem_init
 .text.k_is_in_isr
                0x000000000000697a        0xc zephyr/kernel/libkernel.a(thread.c.obj)
                0x000000000000697a                k_is_in_isr
 .text.z_impl_k_thread_name_set
                0x0000000000006986        0x6 zephyr/kernel/libkernel.a(thread.c.obj)
                0x0000000000006986                z_impl_k_thread_name_set
 .text.k_thread_name_get
                0x000000000000698c        0x4 zephyr/kernel/libkernel.a(thread.c.obj)
                0x000000000000698c                k_thread_name_get
 .text.sys_dlist_remove
                0x0000000000006990       0x10 zephyr/kernel/libkernel.a(sched.c.obj)
 .text.unpend_thread_no_timeout
                0x00000000000069a0       0x14 zephyr/kernel/libkernel.a(sched.c.obj)
 .text.add_to_waitq_locked
                0x00000000000069b4       0x50 zephyr/kernel/libkernel.a(sched.c.obj)
 .text.z_ready_thread
                0x0000000000006a04       0x1e zephyr/kernel/libkernel.a(sched.c.obj)
                0x0000000000006a04                z_ready_thread
 .text.z_unpend_thread_no_timeout
                0x0000000000006a22       0x22 zephyr/kernel/libkernel.a(sched.c.obj)
                0x0000000000006a22                z_unpend_thread_no_timeout
 .text.z_sched_wake_thread
                0x0000000000006a44       0x3a zephyr/kernel/libkernel.a(sched.c.obj)
                0x0000000000006a44                z_sched_wake_thread
 .text.z_thread_timeout
                0x0000000000006a7e        0x8 zephyr/kernel/libkernel.a(sched.c.obj)
                0x0000000000006a7e                z_thread_timeout
 .text.z_unpend1_no_timeout
                0x0000000000006a86       0x2c zephyr/kernel/libkernel.a(sched.c.obj)
                0x0000000000006a86                z_unpend1_no_timeout
 .text.z_impl_k_sleep
                0x0000000000006ab2       0x4e zephyr/kernel/libkernel.a(sched.c.obj)
                0x0000000000006ab2                z_impl_k_sleep
 .text.next_timeout
                0x0000000000006b00       0x2e zephyr/kernel/libkernel.a(timeout.c.obj)
 .text.z_abort_timeout
                0x0000000000006b2e       0x50 zephyr/kernel/libkernel.a(timeout.c.obj)
                0x0000000000006b2e                z_abort_timeout
 .text.sys_clock_tick_get_32
                0x0000000000006b7e        0x8 zephyr/kernel/libkernel.a(timeout.c.obj)
                0x0000000000006b7e                sys_clock_tick_get_32
 .text.z_impl_k_uptime_ticks
                0x0000000000006b86        0x4 zephyr/kernel/libkernel.a(timeout.c.obj)
                0x0000000000006b86                z_impl_k_uptime_ticks
 .text.k_timer_init
                0x0000000000006b8a       0x18 zephyr/kernel/libkernel.a(timer.c.obj)
                0x0000000000006b8a                k_timer_init
 .text.z_impl_k_timer_stop
                0x0000000000006ba2       0x38 zephyr/kernel/libkernel.a(timer.c.obj)
                0x0000000000006ba2                z_impl_k_timer_stop
 .text.memcpy   0x0000000000006bda       0x1a /opt/zephyr-sdk/arm-zephyr-eabi/bin/../lib/gcc/../../picolibc/arm-zephyr-eabi/lib/thumb/v8-m.main/nofp/libc.a(memcpy.c.o)
                0x0000000000006bda                memcpy
                0x0000000000006bda                __aeabi_memcpy
                0x0000000000006bda                __aeabi_memcpy4
                0x0000000000006bda                __aeabi_memcpy8
 .text.memset   0x0000000000006bf4       0x10 /opt/zephyr-sdk/arm-zephyr-eabi/bin/../lib/gcc/../../picolibc/arm-zephyr-eabi/lib/thumb/v8-m.main/nofp/libc.a(memset.c.o)
                0x0000000000006bf4                memset
 .text.strnlen  0x0000000000006c04       0x18 /opt/zephyr-sdk/arm-zephyr-eabi/bin/../lib/gcc/../../picolibc/arm-zephyr-eabi/lib/thumb/v8-m.main/nofp/libc.a(libc_string_strnlen.c.o)
                0x0000000000006c04                strnlen
 .text.__ultoa_invert
                0x0000000000006c1c       0xac /opt/zephyr-sdk/arm-zephyr-eabi/bin/../lib/gcc/../../picolibc/arm-zephyr-eabi/lib/thumb/v8-m.main/nofp/libc.a(libc_tinystdio_vflprintf.c.o)
 .text.__file_str_put
                0x0000000000006cc8       0x10 /opt/zephyr-sdk/arm-zephyr-eabi/bin/../lib/gcc/../../picolibc/arm-zephyr-eabi/lib/thumb/v8-m.main/nofp/libc.a(libc_tinystdio_filestrput.c.o)
                0x0000000000006cc8                __file_str_put
 *(SORT_BY_ALIGNMENT(.TEXT.*))
 .TEXT.__aeabi_read_tp
                0x0000000000006cd8        0xc zephyr/arch/arch/arm/core/cortex_m/libarch__arm__core__cortex_m.a(__aeabi_read_tp.S.obj)
                0x0000000000006cd8                __aeabi_read_tp
 *(SORT_BY_ALIGNMENT(.gnu.linkonce.t.*))
 *(SORT_BY_ALIGNMENT(.glue_7t))
 .glue_7t       0x0000000000006ce4        0x0 linker stubs
 *(SORT_BY_ALIGNMENT(.glue_7))
 .glue_7        0x0000000000006ce4        0x0 linker stubs
 *(SORT_BY_ALIGNMENT(.vfp11_veneer))
 .vfp11_veneer  0x0000000000006ce4        0x0 linker stubs
 *(SORT_BY_ALIGNMENT(.v4_bx))
 .v4_bx         0x0000000000006ce4        0x0 linker stubs
                0x0000000000006ce4                . = ALIGN (0x4)
                0x0000000000006ce4                __text_region_end = .

.ARM.exidx      0x0000000000006ce4        0x8
                0x0000000000006ce4                __exidx_start = .
 *(SORT_BY_ALIGNMENT(.ARM.exidx*) SORT_BY_ALIGNMENT(gnu.linkonce.armexidx.*))
 .ARM.exidx     0x0000000000006ce4        0x8 /opt/zephyr-sdk/arm-zephyr-eabi/bin/../lib/gcc/../../picolibc/arm-zephyr-eabi/lib/thumb/v8-m.main/nofp/libc.a(strlen.S.o)
                0x0000000000006cec                __exidx_end = .
                0x0000000000006cec                __rodata_region_start = .

initlevel       0x0000000000006cec       0x48
                0x0000000000006cec                __init_start = .
                0x0000000000006cec                __init_EARLY_start = .
 *(SORT_BY_NAME(SORT_BY_ALIGNMENT(.z_init_EARLY_P_?_*)))
 *(SORT_BY_NAME(SORT_BY_ALIGNMENT(.z_init_EARLY_P_??_*)))
 *(SORT_BY_NAME(SORT_BY_ALIGNMENT(.z_init_EARLY_P_???_*)))
                0x0000000000006cec                __init_PRE_KERNEL_1_start = .
 *(SORT_BY_NAME(SORT_BY_ALIGNMENT(.z_init_PRE_KERNEL_1_P_?_*)))
 .z_init_PRE_KERNEL_1_P_0_SUB_0_
                0x0000000000006cec        0x8 zephyr/soc/soc/nrf9161/libsoc__nordic.a(soc.c.obj)
 *(SORT_BY_NAME(SORT_BY_ALIGNMENT(.z_init_PRE_KERNEL_1_P_??_*)))
 .z_init_PRE_KERNEL_1_P_30_SUB_00067_
                0x0000000000006cf4        0x8 zephyr/drivers/clock_control/libdrivers__clock_control.a(clock_control_nrf.c.obj)
 .z_init_PRE_KERNEL_1_P_40_SUB_00010_
                0x0000000000006cfc        0x8 zephyr/drivers/gpio/libdrivers__gpio.a(gpio_nrfx.c.obj)
 .z_init_PRE_KERNEL_1_P_50_SUB_00093_
                0x0000000000006d04        0x8 zephyr/drivers/serial/libdrivers__serial.a(uart_nrfx_uarte.c.obj)
 .z_init_PRE_KERNEL_1_P_50_SUB_00094_
                0x0000000000006d0c        0x8 zephyr/drivers/serial/libdrivers__serial.a(uart_nrfx_uarte.c.obj)
 .z_init_PRE_KERNEL_1_P_60_SUB_0_
                0x0000000000006d14        0x8 zephyr/drivers/console/libdrivers__console.a(uart_console.c.obj)
 *(SORT_BY_NAME(SORT_BY_ALIGNMENT(.z_init_PRE_KERNEL_1_P_???_*)))
                0x0000000000006d1c                __init_PRE_KERNEL_2_start = .
 *(SORT_BY_NAME(SORT_BY_ALIGNMENT(.z_init_PRE_KERNEL_2_P_?_*)))
 .z_init_PRE_KERNEL_2_P_0_SUB_0_
                0x0000000000006d1c        0x8 zephyr/drivers/timer/libdrivers__timer.a(nrf_rtc_timer.c.obj)
 *(SORT_BY_NAME(SORT_BY_ALIGNMENT(.z_init_PRE_KERNEL_2_P_??_*)))
 *(SORT_BY_NAME(SORT_BY_ALIGNMENT(.z_init_PRE_KERNEL_2_P_???_*)))
                0x0000000000006d24                __init_POST_KERNEL_start = .
 *(SORT_BY_NAME(SORT_BY_ALIGNMENT(.z_init_POST_KERNEL_P_?_*)))
 .z_init_POST_KERNEL_P_0_SUB_0_
                0x0000000000006d24        0x8 zephyr/libzephyr.a(log_core.c.obj)
 *(SORT_BY_NAME(SORT_BY_ALIGNMENT(.z_init_POST_KERNEL_P_??_*)))
 .z_init_POST_KERNEL_P_35_SUB_0_
                0x0000000000006d2c        0x8 zephyr/lib/libc/common/liblib__libc__common.a(malloc.c.obj)
 *(SORT_BY_NAME(SORT_BY_ALIGNMENT(.z_init_POST_KERNEL_P_???_*)))
                0x0000000000006d34                __init_APPLICATION_start = .
 *(SORT_BY_NAME(SORT_BY_ALIGNMENT(.z_init_APPLICATION_P_?_*)))
 *(SORT_BY_NAME(SORT_BY_ALIGNMENT(.z_init_APPLICATION_P_??_*)))
 *(SORT_BY_NAME(SORT_BY_ALIGNMENT(.z_init_APPLICATION_P_???_*)))
                0x0000000000006d34                __init_SMP_start = .
 *(SORT_BY_NAME(SORT_BY_ALIGNMENT(.z_init_SMP_P_?_*)))
 *(SORT_BY_NAME(SORT_BY_ALIGNMENT(.z_init_SMP_P_??_*)))
 *(SORT_BY_NAME(SORT_BY_ALIGNMENT(.z_init_SMP_P_???_*)))
                0x0000000000006d34                __init_end = .

device_area     0x0000000000006d34       0x80
                0x0000000000006d34                _device_list_start = .
 *(SORT_BY_NAME(SORT_BY_ALIGNMENT(._device.static.*_?_*)))
 *(SORT_BY_NAME(SORT_BY_ALIGNMENT(._device.static.*_??_*)))
 ._device.static.1_30_
                0x0000000000006d34       0x20 zephyr/drivers/clock_control/libdrivers__clock_control.a(clock_control_nrf.c.obj)
                0x0000000000006d34                __device_dts_ord_67
 ._device.static.1_40_
                0x0000000000006d54       0x20 zephyr/drivers/gpio/libdrivers__gpio.a(gpio_nrfx.c.obj)
                0x0000000000006d54                __device_dts_ord_10
 ._device.static.1_50_
                0x0000000000006d74       0x40 zephyr/drivers/serial/libdrivers__serial.a(uart_nrfx_uarte.c.obj)
                0x0000000000006d74                __device_dts_ord_94
                0x0000000000006d94                __device_dts_ord_93
 *(SORT_BY_NAME(SORT_BY_ALIGNMENT(._device.static.*_???_*)))
 *(SORT_BY_NAME(SORT_BY_ALIGNMENT(._device.static.*_????_*)))
 *(SORT_BY_NAME(SORT_BY_ALIGNMENT(._device.static.*_?????_*)))
                0x0000000000006db4                _device_list_end = .

sw_isr_table    0x0000000000006db4      0x208
                0x0000000000006db4                . = ALIGN (0x4)
 *(SORT_BY_ALIGNMENT(.gnu.linkonce.sw_isr_table*))
 .gnu.linkonce.sw_isr_table
                0x0000000000006db4      0x208 zephyr/CMakeFiles/zephyr_final.dir/isr_tables.c.obj
                0x0000000000006db4                _sw_isr_table

initlevel_error
                0x0000000000006cec        0x0
 *(SORT_BY_NAME(SORT_BY_ALIGNMENT(.z_init_*)))
                0x0000000000000001                ASSERT ((SIZEOF (initlevel_error) == 0x0), Undefined initialization levels used.)

app_shmem_regions
                0x0000000000006fbc        0x0
                0x0000000000006fbc                __app_shmem_regions_start = .
 *(SORT_BY_NAME(SORT_BY_ALIGNMENT(.app_regions.*)))
                0x0000000000006fbc                __app_shmem_regions_end = .

k_p4wq_initparam_area
                0x0000000000006fbc        0x0
                0x0000000000006fbc                _k_p4wq_initparam_list_start = .
 *(SORT_BY_NAME(SORT_BY_ALIGNMENT(._k_p4wq_initparam.static.*)))
                0x0000000000006fbc                _k_p4wq_initparam_list_end = .

_static_thread_data_area
                0x0000000000006fbc        0x0
                0x0000000000006fbc                __static_thread_data_list_start = .
 *(SORT_BY_NAME(SORT_BY_ALIGNMENT(.__static_thread_data.static.*)))
                0x0000000000006fbc                __static_thread_data_list_end = .

device_deps     0x0000000000006fbc        0x0
                0x0000000000006fbc                __device_deps_start = .
 *(SORT_BY_NAME(SORT_BY_ALIGNMENT(.__device_deps_pass2*)))
                0x0000000000006fbc                __device_deps_end = .

gpio_driver_api_area
                0x0000000000006fbc       0x24
                0x0000000000006fbc                _gpio_driver_api_list_start = .
 *(SORT_BY_NAME(SORT_BY_ALIGNMENT(._gpio_driver_api.static.*)))
 ._gpio_driver_api.static.gpio_nrfx_drv_api_funcs_
                0x0000000000006fbc       0x24 zephyr/drivers/gpio/libdrivers__gpio.a(gpio_nrfx.c.obj)
                0x0000000000006fe0                _gpio_driver_api_list_end = .

shared_irq_driver_api_area
                0x0000000000006fe0        0x0
                0x0000000000006fe0                _shared_irq_driver_api_list_start = .
 *(SORT_BY_NAME(SORT_BY_ALIGNMENT(._shared_irq_driver_api.static.*)))
                0x0000000000006fe0                _shared_irq_driver_api_list_end = .

crypto_driver_api_area
                0x0000000000006fe0        0x0
                0x0000000000006fe0                _crypto_driver_api_list_start = .
 *(SORT_BY_NAME(SORT_BY_ALIGNMENT(._crypto_driver_api.static.*)))
                0x0000000000006fe0                _crypto_driver_api_list_end = .

adc_driver_api_area
                0x0000000000006fe0        0x0
                0x0000000000006fe0                _adc_driver_api_list_start = .
 *(SORT_BY_NAME(SORT_BY_ALIGNMENT(._adc_driver_api.static.*)))
                0x0000000000006fe0                _adc_driver_api_list_end = .

auxdisplay_driver_api_area
                0x0000000000006fe0        0x0
                0x0000000000006fe0                _auxdisplay_driver_api_list_start = .
 *(SORT_BY_NAME(SORT_BY_ALIGNMENT(._auxdisplay_driver_api.static.*)))
                0x0000000000006fe0                _auxdisplay_driver_api_list_end = .

bbram_driver_api_area
                0x0000000000006fe0        0x0
                0x0000000000006fe0                _bbram_driver_api_list_start = .
 *(SORT_BY_NAME(SORT_BY_ALIGNMENT(._bbram_driver_api.static.*)))
                0x0000000000006fe0                _bbram_driver_api_list_end = .

bt_hci_driver_api_area
                0x0000000000006fe0        0x0
                0x0000000000006fe0                _bt_hci_driver_api_list_start = .
 *(SORT_BY_NAME(SORT_BY_ALIGNMENT(._bt_hci_driver_api.static.*)))
                0x0000000000006fe0                _bt_hci_driver_api_list_end = .

can_driver_api_area
                0x0000000000006fe0        0x0
                0x0000000000006fe0                _can_driver_api_list_start = .
 *(SORT_BY_NAME(SORT_BY_ALIGNMENT(._can_driver_api.static.*)))
                0x0000000000006fe0                _can_driver_api_list_end = .

cellular_driver_api_area
                0x0000000000006fe0        0x0
                0x0000000000006fe0                _cellular_driver_api_list_start = .
 *(SORT_BY_NAME(SORT_BY_ALIGNMENT(._cellular_driver_api.static.*)))
                0x0000000000006fe0                _cellular_driver_api_list_end = .

charger_driver_api_area
                0x0000000000006fe0        0x0
                0x0000000000006fe0                _charger_driver_api_list_start = .
 *(SORT_BY_NAME(SORT_BY_ALIGNMENT(._charger_driver_api.static.*)))
                0x0000000000006fe0                _charger_driver_api_list_end = .

clock_control_driver_api_area
                0x0000000000006fe0       0x1c
                0x0000000000006fe0                _clock_control_driver_api_list_start = .
 *(SORT_BY_NAME(SORT_BY_ALIGNMENT(._clock_control_driver_api.static.*)))
 ._clock_control_driver_api.static.clock_control_api_
                0x0000000000006fe0       0x1c zephyr/drivers/clock_control/libdrivers__clock_control.a(clock_control_nrf.c.obj)
                0x0000000000006ffc                _clock_control_driver_api_list_end = .

comparator_driver_api_area
                0x0000000000006ffc        0x0
                0x0000000000006ffc                _comparator_driver_api_list_start = .
 *(SORT_BY_NAME(SORT_BY_ALIGNMENT(._comparator_driver_api.static.*)))
                0x0000000000006ffc                _comparator_driver_api_list_end = .

coredump_driver_api_area
                0x0000000000006ffc        0x0
                0x0000000000006ffc                _coredump_driver_api_list_start = .
 *(SORT_BY_NAME(SORT_BY_ALIGNMENT(._coredump_driver_api.static.*)))
                0x0000000000006ffc                _coredump_driver_api_list_end = .

counter_driver_api_area
                0x0000000000006ffc        0x0
                0x0000000000006ffc                _counter_driver_api_list_start = .
 *(SORT_BY_NAME(SORT_BY_ALIGNMENT(._counter_driver_api.static.*)))
                0x0000000000006ffc                _counter_driver_api_list_end = .

dac_driver_api_area
                0x0000000000006ffc        0x0
                0x0000000000006ffc                _dac_driver_api_list_start = .
 *(SORT_BY_NAME(SORT_BY_ALIGNMENT(._dac_driver_api.static.*)))
                0x0000000000006ffc                _dac_driver_api_list_end = .

dai_driver_api_area
                0x0000000000006ffc        0x0
                0x0000000000006ffc                _dai_driver_api_list_start = .
 *(SORT_BY_NAME(SORT_BY_ALIGNMENT(._dai_driver_api.static.*)))
                0x0000000000006ffc                _dai_driver_api_list_end = .

display_driver_api_area
                0x0000000000006ffc        0x0
                0x0000000000006ffc                _display_driver_api_list_start = .
 *(SORT_BY_NAME(SORT_BY_ALIGNMENT(._display_driver_api.static.*)))
                0x0000000000006ffc                _display_driver_api_list_end = .

dma_driver_api_area
                0x0000000000006ffc        0x0
                0x0000000000006ffc                _dma_driver_api_list_start = .
 *(SORT_BY_NAME(SORT_BY_ALIGNMENT(._dma_driver_api.static.*)))
                0x0000000000006ffc                _dma_driver_api_list_end = .

edac_driver_api_area
                0x0000000000006ffc        0x0
                0x0000000000006ffc                _edac_driver_api_list_start = .
 *(SORT_BY_NAME(SORT_BY_ALIGNMENT(._edac_driver_api.static.*)))
                0x0000000000006ffc                _edac_driver_api_list_end = .

eeprom_driver_api_area
                0x0000000000006ffc        0x0
                0x0000000000006ffc                _eeprom_driver_api_list_start = .
 *(SORT_BY_NAME(SORT_BY_ALIGNMENT(._eeprom_driver_api.static.*)))
                0x0000000000006ffc                _eeprom_driver_api_list_end = .

emul_bbram_driver_api_area
                0x0000000000006ffc        0x0
                0x0000000000006ffc                _emul_bbram_driver_api_list_start = .
 *(SORT_BY_NAME(SORT_BY_ALIGNMENT(._emul_bbram_driver_api.static.*)))
                0x0000000000006ffc                _emul_bbram_driver_api_list_end = .

fuel_gauge_emul_driver_api_area
                0x0000000000006ffc        0x0
                0x0000000000006ffc                _fuel_gauge_emul_driver_api_list_start = .
 *(SORT_BY_NAME(SORT_BY_ALIGNMENT(._fuel_gauge_emul_driver_api.static.*)))
                0x0000000000006ffc                _fuel_gauge_emul_driver_api_list_end = .

emul_sensor_driver_api_area
                0x0000000000006ffc        0x0
                0x0000000000006ffc                _emul_sensor_driver_api_list_start = .
 *(SORT_BY_NAME(SORT_BY_ALIGNMENT(._emul_sensor_driver_api.static.*)))
                0x0000000000006ffc                _emul_sensor_driver_api_list_end = .

entropy_driver_api_area
                0x0000000000006ffc        0x0
                0x0000000000006ffc                _entropy_driver_api_list_start = .
 *(SORT_BY_NAME(SORT_BY_ALIGNMENT(._entropy_driver_api.static.*)))
                0x0000000000006ffc                _entropy_driver_api_list_end = .

espi_driver_api_area
                0x0000000000006ffc        0x0
                0x0000000000006ffc                _espi_driver_api_list_start = .
 *(SORT_BY_NAME(SORT_BY_ALIGNMENT(._espi_driver_api.static.*)))
                0x0000000000006ffc                _espi_driver_api_list_end = .

espi_saf_driver_api_area
                0x0000000000006ffc        0x0
                0x0000000000006ffc                _espi_saf_driver_api_list_start = .
 *(SORT_BY_NAME(SORT_BY_ALIGNMENT(._espi_saf_driver_api.static.*)))
                0x0000000000006ffc                _espi_saf_driver_api_list_end = .

flash_driver_api_area
                0x0000000000006ffc        0x0
                0x0000000000006ffc                _flash_driver_api_list_start = .
 *(SORT_BY_NAME(SORT_BY_ALIGNMENT(._flash_driver_api.static.*)))
                0x0000000000006ffc                _flash_driver_api_list_end = .

fpga_driver_api_area
                0x0000000000006ffc        0x0
                0x0000000000006ffc                _fpga_driver_api_list_start = .
 *(SORT_BY_NAME(SORT_BY_ALIGNMENT(._fpga_driver_api.static.*)))
                0x0000000000006ffc                _fpga_driver_api_list_end = .

fuel_gauge_driver_api_area
                0x0000000000006ffc        0x0
                0x0000000000006ffc                _fuel_gauge_driver_api_list_start = .
 *(SORT_BY_NAME(SORT_BY_ALIGNMENT(._fuel_gauge_driver_api.static.*)))
                0x0000000000006ffc                _fuel_gauge_driver_api_list_end = .

gnss_driver_api_area
                0x0000000000006ffc        0x0
                0x0000000000006ffc                _gnss_driver_api_list_start = .
 *(SORT_BY_NAME(SORT_BY_ALIGNMENT(._gnss_driver_api.static.*)))
                0x0000000000006ffc                _gnss_driver_api_list_end = .

haptics_driver_api_area
                0x0000000000006ffc        0x0
                0x0000000000006ffc                _haptics_driver_api_list_start = .
 *(SORT_BY_NAME(SORT_BY_ALIGNMENT(._haptics_driver_api.static.*)))
                0x0000000000006ffc                _haptics_driver_api_list_end = .

hwspinlock_driver_api_area
                0x0000000000006ffc        0x0
                0x0000000000006ffc                _hwspinlock_driver_api_list_start = .
 *(SORT_BY_NAME(SORT_BY_ALIGNMENT(._hwspinlock_driver_api.static.*)))
                0x0000000000006ffc                _hwspinlock_driver_api_list_end = .

i2c_driver_api_area
                0x0000000000006ffc        0x0
                0x0000000000006ffc                _i2c_driver_api_list_start = .
 *(SORT_BY_NAME(SORT_BY_ALIGNMENT(._i2c_driver_api.static.*)))
                0x0000000000006ffc                _i2c_driver_api_list_end = .

i2c_target_driver_api_area
                0x0000000000006ffc        0x0
                0x0000000000006ffc                _i2c_target_driver_api_list_start = .
 *(SORT_BY_NAME(SORT_BY_ALIGNMENT(._i2c_target_driver_api.static.*)))
                0x0000000000006ffc                _i2c_target_driver_api_list_end = .

i2s_driver_api_area
                0x0000000000006ffc        0x0
                0x0000000000006ffc                _i2s_driver_api_list_start = .
 *(SORT_BY_NAME(SORT_BY_ALIGNMENT(._i2s_driver_api.static.*)))
                0x0000000000006ffc                _i2s_driver_api_list_end = .

i3c_driver_api_area
                0x0000000000006ffc        0x0
                0x0000000000006ffc                _i3c_driver_api_list_start = .
 *(SORT_BY_NAME(SORT_BY_ALIGNMENT(._i3c_driver_api.static.*)))
                0x0000000000006ffc                _i3c_driver_api_list_end = .

ipm_driver_api_area
                0x0000000000006ffc        0x0
                0x0000000000006ffc                _ipm_driver_api_list_start = .
 *(SORT_BY_NAME(SORT_BY_ALIGNMENT(._ipm_driver_api.static.*)))
                0x0000000000006ffc                _ipm_driver_api_list_end = .

led_driver_api_area
                0x0000000000006ffc        0x0
                0x0000000000006ffc                _led_driver_api_list_start = .
 *(SORT_BY_NAME(SORT_BY_ALIGNMENT(._led_driver_api.static.*)))
                0x0000000000006ffc                _led_driver_api_list_end = .

led_strip_driver_api_area
                0x0000000000006ffc        0x0
                0x0000000000006ffc                _led_strip_driver_api_list_start = .
 *(SORT_BY_NAME(SORT_BY_ALIGNMENT(._led_strip_driver_api.static.*)))
                0x0000000000006ffc                _led_strip_driver_api_list_end = .

lora_driver_api_area
                0x0000000000006ffc        0x0
                0x0000000000006ffc                _lora_driver_api_list_start = .
 *(SORT_BY_NAME(SORT_BY_ALIGNMENT(._lora_driver_api.static.*)))
                0x0000000000006ffc                _lora_driver_api_list_end = .

mbox_driver_api_area
                0x0000000000006ffc        0x0
                0x0000000000006ffc                _mbox_driver_api_list_start = .
 *(SORT_BY_NAME(SORT_BY_ALIGNMENT(._mbox_driver_api.static.*)))
                0x0000000000006ffc                _mbox_driver_api_list_end = .

mdio_driver_api_area
                0x0000000000006ffc        0x0
                0x0000000000006ffc                _mdio_driver_api_list_start = .
 *(SORT_BY_NAME(SORT_BY_ALIGNMENT(._mdio_driver_api.static.*)))
                0x0000000000006ffc                _mdio_driver_api_list_end = .

mipi_dbi_driver_api_area
                0x0000000000006ffc        0x0
                0x0000000000006ffc                _mipi_dbi_driver_api_list_start = .
 *(SORT_BY_NAME(SORT_BY_ALIGNMENT(._mipi_dbi_driver_api.static.*)))
                0x0000000000006ffc                _mipi_dbi_driver_api_list_end = .

mipi_dsi_driver_api_area
                0x0000000000006ffc        0x0
                0x0000000000006ffc                _mipi_dsi_driver_api_list_start = .
 *(SORT_BY_NAME(SORT_BY_ALIGNMENT(._mipi_dsi_driver_api.static.*)))
                0x0000000000006ffc                _mipi_dsi_driver_api_list_end = .

mspi_driver_api_area
                0x0000000000006ffc        0x0
                0x0000000000006ffc                _mspi_driver_api_list_start = .
 *(SORT_BY_NAME(SORT_BY_ALIGNMENT(._mspi_driver_api.static.*)))
                0x0000000000006ffc                _mspi_driver_api_list_end = .

peci_driver_api_area
                0x0000000000006ffc        0x0
                0x0000000000006ffc                _peci_driver_api_list_start = .
 *(SORT_BY_NAME(SORT_BY_ALIGNMENT(._peci_driver_api.static.*)))
                0x0000000000006ffc                _peci_driver_api_list_end = .

ps2_driver_api_area
                0x0000000000006ffc        0x0
                0x0000000000006ffc                _ps2_driver_api_list_start = .
 *(SORT_BY_NAME(SORT_BY_ALIGNMENT(._ps2_driver_api.static.*)))
                0x0000000000006ffc                _ps2_driver_api_list_end = .

ptp_clock_driver_api_area
                0x0000000000006ffc        0x0
                0x0000000000006ffc                _ptp_clock_driver_api_list_start = .
 *(SORT_BY_NAME(SORT_BY_ALIGNMENT(._ptp_clock_driver_api.static.*)))
                0x0000000000006ffc                _ptp_clock_driver_api_list_end = .

pwm_driver_api_area
                0x0000000000006ffc        0x0
                0x0000000000006ffc                _pwm_driver_api_list_start = .
 *(SORT_BY_NAME(SORT_BY_ALIGNMENT(._pwm_driver_api.static.*)))
                0x0000000000006ffc                _pwm_driver_api_list_end = .

regulator_parent_driver_api_area
                0x0000000000006ffc        0x0
                0x0000000000006ffc                _regulator_parent_driver_api_list_start = .
 *(SORT_BY_NAME(SORT_BY_ALIGNMENT(._regulator_parent_driver_api.static.*)))
                0x0000000000006ffc                _regulator_parent_driver_api_list_end = .

regulator_driver_api_area
                0x0000000000006ffc        0x0
                0x0000000000006ffc                _regulator_driver_api_list_start = .
 *(SORT_BY_NAME(SORT_BY_ALIGNMENT(._regulator_driver_api.static.*)))
                0x0000000000006ffc                _regulator_driver_api_list_end = .

reset_driver_api_area
                0x0000000000006ffc        0x0
                0x0000000000006ffc                _reset_driver_api_list_start = .
 *(SORT_BY_NAME(SORT_BY_ALIGNMENT(._reset_driver_api.static.*)))
                0x0000000000006ffc                _reset_driver_api_list_end = .

retained_mem_driver_api_area
                0x0000000000006ffc        0x0
                0x0000000000006ffc                _retained_mem_driver_api_list_start = .
 *(SORT_BY_NAME(SORT_BY_ALIGNMENT(._retained_mem_driver_api.static.*)))
                0x0000000000006ffc                _retained_mem_driver_api_list_end = .

rtc_driver_api_area
                0x0000000000006ffc        0x0
                0x0000000000006ffc                _rtc_driver_api_list_start = .
 *(SORT_BY_NAME(SORT_BY_ALIGNMENT(._rtc_driver_api.static.*)))
                0x0000000000006ffc                _rtc_driver_api_list_end = .

sdhc_driver_api_area
                0x0000000000006ffc        0x0
                0x0000000000006ffc                _sdhc_driver_api_list_start = .
 *(SORT_BY_NAME(SORT_BY_ALIGNMENT(._sdhc_driver_api.static.*)))
                0x0000000000006ffc                _sdhc_driver_api_list_end = .

sensor_driver_api_area
                0x0000000000006ffc        0x0
                0x0000000000006ffc                _sensor_driver_api_list_start = .
 *(SORT_BY_NAME(SORT_BY_ALIGNMENT(._sensor_driver_api.static.*)))
                0x0000000000006ffc                _sensor_driver_api_list_end = .

smbus_driver_api_area
                0x0000000000006ffc        0x0
                0x0000000000006ffc                _smbus_driver_api_list_start = .
 *(SORT_BY_NAME(SORT_BY_ALIGNMENT(._smbus_driver_api.static.*)))
                0x0000000000006ffc                _smbus_driver_api_list_end = .

spi_driver_api_area
                0x0000000000006ffc        0x0
                0x0000000000006ffc                _spi_driver_api_list_start = .
 *(SORT_BY_NAME(SORT_BY_ALIGNMENT(._spi_driver_api.static.*)))
                0x0000000000006ffc                _spi_driver_api_list_end = .

stepper_driver_api_area
                0x0000000000006ffc        0x0
                0x0000000000006ffc                _stepper_driver_api_list_start = .
 *(SORT_BY_NAME(SORT_BY_ALIGNMENT(._stepper_driver_api.static.*)))
                0x0000000000006ffc                _stepper_driver_api_list_end = .

syscon_driver_api_area
                0x0000000000006ffc        0x0
                0x0000000000006ffc                _syscon_driver_api_list_start = .
 *(SORT_BY_NAME(SORT_BY_ALIGNMENT(._syscon_driver_api.static.*)))
                0x0000000000006ffc                _syscon_driver_api_list_end = .

tee_driver_api_area
                0x0000000000006ffc        0x0
                0x0000000000006ffc                _tee_driver_api_list_start = .
 *(SORT_BY_NAME(SORT_BY_ALIGNMENT(._tee_driver_api.static.*)))
                0x0000000000006ffc                _tee_driver_api_list_end = .

video_driver_api_area
                0x0000000000006ffc        0x0
                0x0000000000006ffc                _video_driver_api_list_start = .
 *(SORT_BY_NAME(SORT_BY_ALIGNMENT(._video_driver_api.static.*)))
                0x0000000000006ffc                _video_driver_api_list_end = .

virtio_driver_api_area
                0x0000000000006ffc        0x0
                0x0000000000006ffc                _virtio_driver_api_list_start = .
 *(SORT_BY_NAME(SORT_BY_ALIGNMENT(._virtio_driver_api.static.*)))
                0x0000000000006ffc                _virtio_driver_api_list_end = .

w1_driver_api_area
                0x0000000000006ffc        0x0
                0x0000000000006ffc                _w1_driver_api_list_start = .
 *(SORT_BY_NAME(SORT_BY_ALIGNMENT(._w1_driver_api.static.*)))
                0x0000000000006ffc                _w1_driver_api_list_end = .

wdt_driver_api_area
                0x0000000000006ffc        0x0
                0x0000000000006ffc                _wdt_driver_api_list_start = .
 *(SORT_BY_NAME(SORT_BY_ALIGNMENT(._wdt_driver_api.static.*)))
                0x0000000000006ffc                _wdt_driver_api_list_end = .

can_transceiver_driver_api_area
                0x0000000000006ffc        0x0
                0x0000000000006ffc                _can_transceiver_driver_api_list_start = .
 *(SORT_BY_NAME(SORT_BY_ALIGNMENT(._can_transceiver_driver_api.static.*)))
                0x0000000000006ffc                _can_transceiver_driver_api_list_end = .

nrf_clock_control_driver_api_area
                0x0000000000006ffc        0x0
                0x0000000000006ffc                _nrf_clock_control_driver_api_list_start = .
 *(SORT_BY_NAME(SORT_BY_ALIGNMENT(._nrf_clock_control_driver_api.static.*)))
                0x0000000000006ffc                _nrf_clock_control_driver_api_list_end = .

i3c_target_driver_api_area
                0x0000000000006ffc        0x0
                0x0000000000006ffc                _i3c_target_driver_api_list_start = .
 *(SORT_BY_NAME(SORT_BY_ALIGNMENT(._i3c_target_driver_api.static.*)))
                0x0000000000006ffc                _i3c_target_driver_api_list_end = .

its_driver_api_area
                0x0000000000006ffc        0x0
                0x0000000000006ffc                _its_driver_api_list_start = .
 *(SORT_BY_NAME(SORT_BY_ALIGNMENT(._its_driver_api.static.*)))
                0x0000000000006ffc                _its_driver_api_list_end = .

vtd_driver_api_area
                0x0000000000006ffc        0x0
                0x0000000000006ffc                _vtd_driver_api_list_start = .
 *(SORT_BY_NAME(SORT_BY_ALIGNMENT(._vtd_driver_api.static.*)))
                0x0000000000006ffc                _vtd_driver_api_list_end = .

renesas_elc_driver_api_area
                0x0000000000006ffc        0x0
                0x0000000000006ffc                _renesas_elc_driver_api_list_start = .
 *(SORT_BY_NAME(SORT_BY_ALIGNMENT(._renesas_elc_driver_api.static.*)))
                0x0000000000006ffc                _renesas_elc_driver_api_list_end = .

tgpio_driver_api_area
                0x0000000000006ffc        0x0
                0x0000000000006ffc                _tgpio_driver_api_list_start = .
 *(SORT_BY_NAME(SORT_BY_ALIGNMENT(._tgpio_driver_api.static.*)))
                0x0000000000006ffc                _tgpio_driver_api_list_end = .

pcie_ctrl_driver_api_area
                0x0000000000006ffc        0x0
                0x0000000000006ffc                _pcie_ctrl_driver_api_list_start = .
 *(SORT_BY_NAME(SORT_BY_ALIGNMENT(._pcie_ctrl_driver_api.static.*)))
                0x0000000000006ffc                _pcie_ctrl_driver_api_list_end = .

pcie_ep_driver_api_area
                0x0000000000006ffc        0x0
                0x0000000000006ffc                _pcie_ep_driver_api_list_start = .
 *(SORT_BY_NAME(SORT_BY_ALIGNMENT(._pcie_ep_driver_api.static.*)))
                0x0000000000006ffc                _pcie_ep_driver_api_list_end = .

psi5_driver_api_area
                0x0000000000006ffc        0x0
                0x0000000000006ffc                _psi5_driver_api_list_start = .
 *(SORT_BY_NAME(SORT_BY_ALIGNMENT(._psi5_driver_api.static.*)))
                0x0000000000006ffc                _psi5_driver_api_list_end = .

sent_driver_api_area
                0x0000000000006ffc        0x0
                0x0000000000006ffc                _sent_driver_api_list_start = .
 *(SORT_BY_NAME(SORT_BY_ALIGNMENT(._sent_driver_api.static.*)))
                0x0000000000006ffc                _sent_driver_api_list_end = .

svc_driver_api_area
                0x0000000000006ffc        0x0
                0x0000000000006ffc                _svc_driver_api_list_start = .
 *(SORT_BY_NAME(SORT_BY_ALIGNMENT(._svc_driver_api.static.*)))
                0x0000000000006ffc                _svc_driver_api_list_end = .

uart_driver_api_area
                0x0000000000006ffc       0x44
                0x0000000000006ffc                _uart_driver_api_list_start = .
 *(SORT_BY_NAME(SORT_BY_ALIGNMENT(._uart_driver_api.static.*)))
 ._uart_driver_api.static.uart_nrfx_uarte_driver_api_
                0x0000000000006ffc       0x44 zephyr/drivers/serial/libdrivers__serial.a(uart_nrfx_uarte.c.obj)
                0x0000000000007040                _uart_driver_api_list_end = .

bc12_emul_driver_api_area
                0x0000000000007040        0x0
                0x0000000000007040                _bc12_emul_driver_api_list_start = .
 *(SORT_BY_NAME(SORT_BY_ALIGNMENT(._bc12_emul_driver_api.static.*)))
                0x0000000000007040                _bc12_emul_driver_api_list_end = .

bc12_driver_api_area
                0x0000000000007040        0x0
                0x0000000000007040                _bc12_driver_api_list_start = .
 *(SORT_BY_NAME(SORT_BY_ALIGNMENT(._bc12_driver_api.static.*)))