Archive member included to satisfy reference by file (symbol)

app/libapp.a(cta2045_pack.c.obj)
                              (--whole-archive)
app/libapp.a(cta2045_uart.c.obj)
                              (--whole-archive)
app/libapp.a(main.c.obj)      (--whole-archive)
zephyr/libzephyr.a(validate_libc.c.obj)
                              (--whole-archive)
zephyr/libzephyr.a(heap.c.obj)
                              (--whole-archive)
zephyr/libzephyr.a(cbprintf_packaged.c.obj)
                              (--whole-archive)
zephyr/libzephyr.a(clock.c.obj)
                              (--whole-archive)
zephyr/libzephyr.a(printk.c.obj)
                              (--whole-archive)
zephyr/libzephyr.a(sem.c.obj)
                              (--whole-archive)
zephyr/libzephyr.a(thread_entry.c.obj)
                              (--whole-archive)
zephyr/libzephyr.a(cbprintf_complete.c.obj)
                              (--whole-archive)
zephyr/libzephyr.a(assert.c.obj)
                              (--whole-archive)
zephyr/libzephyr.a(mpsc_pbuf.c.obj)
                              (--whole-archive)
zephyr/libzephyr.a(dec.c.obj)
                              (--whole-archive)
zephyr/libzephyr.a(hex.c.obj)
                              (--whole-archive)
zephyr/libzephyr.a(rb.c.obj)  (--whole-archive)
zephyr/libzephyr.a(timeutil.c.obj)
                              (--whole-archive)
zephyr/libzephyr.a(bitarray.c.obj)
                              (--whole-archive)
zephyr/libzephyr.a(onoff.c.obj)
                              (--whole-archive)
zephyr/libzephyr.a(notify.c.obj)
                              (--whole-archive)
zephyr/libzephyr.a(ring_buffer.c.obj)
                              (--whole-archive)
zephyr/libzephyr.a(last_section_id.c.obj)
                              (--whole-archive)
zephyr/libzephyr.a(configs.c.obj)
                              (--whole-archive)
zephyr/libzephyr.a(log_core.c.obj)
                              (--whole-archive)
zephyr/libzephyr.a(log_mgmt.c.obj)
                              (--whole-archive)
zephyr/libzephyr.a(log_cache.c.obj)
                              (--whole-archive)
zephyr/libzephyr.a(log_msg.c.obj)
                              (--whole-archive)
zephyr/libzephyr.a(log_output.c.obj)
                              (--whole-archive)
zephyr/libzephyr.a(log_backend_uart.c.obj)
                              (--whole-archive)
zephyr/libzephyr.a(mem_attr.c.obj)
                              (--whole-archive)
zephyr/libzephyr.a(tracing_none.c.obj)
                              (--whole-archive)
zephyr/arch/common/libarch__common.a(sw_isr_common.c.obj)
                              (--whole-archive)
zephyr/arch/arch/arm/core/libarch__arm__core.a(fatal.c.obj)
                              (--whole-archive)
zephyr/arch/arch/arm/core/libarch__arm__core.a(nmi.c.obj)
                              (--whole-archive)
zephyr/arch/arch/arm/core/libarch__arm__core.a(nmi_on_reset.S.obj)
                              (--whole-archive)
zephyr/arch/arch/arm/core/libarch__arm__core.a(tls.c.obj)
                              (--whole-archive)
zephyr/arch/arch/arm/core/cortex_m/libarch__arm__core__cortex_m.a(exc_exit.c.obj)
                              (--whole-archive)
zephyr/arch/arch/arm/core/cortex_m/libarch__arm__core__cortex_m.a(fault.c.obj)
                              (--whole-archive)
zephyr/arch/arch/arm/core/cortex_m/libarch__arm__core__cortex_m.a(fault_s.S.obj)
                              (--whole-archive)
zephyr/arch/arch/arm/core/cortex_m/libarch__arm__core__cortex_m.a(fpu.c.obj)
                              (--whole-archive)
zephyr/arch/arch/arm/core/cortex_m/libarch__arm__core__cortex_m.a(reset.S.obj)
                              (--whole-archive)
zephyr/arch/arch/arm/core/cortex_m/libarch__arm__core__cortex_m.a(scb.c.obj)
                              (--whole-archive)
zephyr/arch/arch/arm/core/cortex_m/libarch__arm__core__cortex_m.a(thread_abort.c.obj)
                              (--whole-archive)
zephyr/arch/arch/arm/core/cortex_m/libarch__arm__core__cortex_m.a(vector_table.S.obj)
                              (--whole-archive)
zephyr/arch/arch/arm/core/cortex_m/libarch__arm__core__cortex_m.a(swap_helper.S.obj)
                              (--whole-archive)
zephyr/arch/arch/arm/core/cortex_m/libarch__arm__core__cortex_m.a(irq_manage.c.obj)
                              (--whole-archive)
zephyr/arch/arch/arm/core/cortex_m/libarch__arm__core__cortex_m.a(prep_c.c.obj)
                              (--whole-archive)
zephyr/arch/arch/arm/core/cortex_m/libarch__arm__core__cortex_m.a(thread.c.obj)
                              (--whole-archive)
zephyr/arch/arch/arm/core/cortex_m/libarch__arm__core__cortex_m.a(cpu_idle.c.obj)
                              (--whole-archive)
zephyr/arch/arch/arm/core/cortex_m/libarch__arm__core__cortex_m.a(irq_init.c.obj)
                              (--whole-archive)
[...]
Memory Configuration

Name             Origin             Length             Attributes
FLASH            0x0000000000000000 0x0000000000100000 xr
RAM              0x0000000020000000 0x0000000000016000 xw
IDT_LIST         0x00000000ffff7fff 0x0000000000008000 xw
*default*        0x0000000000000000 0xffffffffffffffff

Linker script and memory map

                0x0000000000004e5c                vfprintf = __l_vfprintf
                0x0000000000000000                vfscanf = __l_vfscanf
LOAD zephyr/CMakeFiles/zephyr_pre0.dir/misc/empty_file.c.obj
LOAD zephyr/CMakeFiles/offsets.dir/./arch/arm/core/offsets/offsets.c.obj
LOAD app/libapp.a
LOAD zephyr/libzephyr.a
LOAD zephyr/arch/common/libarch__common.a
LOAD zephyr/arch/arch/arm/core/libarch__arm__core.a
LOAD zephyr/arch/arch/arm/core/cortex_m/libarch__arm__core__cortex_m.a
LOAD zephyr/arch/arch/arm/core/cortex_m/cmse/libarch__arm__core__cortex_m__cmse.a
LOAD zephyr/arch/arch/arm/core/mpu/libarch__arm__core__mpu.a
LOAD zephyr/lib/libc/picolibc/liblib__libc__picolibc.a
LOAD zephyr/lib/libc/common/liblib__libc__common.a
LOAD zephyr/soc/soc/nrf9161/libsoc__nordic.a
LOAD zephyr/drivers/clock_control/libdrivers__clock_control.a
LOAD zephyr/drivers/console/libdrivers__console.a
LOAD zephyr/drivers/gpio/libdrivers__gpio.a
LOAD zephyr/drivers/pinctrl/libdrivers__pinctrl.a
LOAD zephyr/drivers/serial/libdrivers__serial.a
LOAD zephyr/drivers/timer/libdrivers__timer.a
LOAD modules/hal_nordic/nrfx/libmodules__hal_nordic__nrfx.a
LOAD zephyr/kernel/libkernel.a
LOAD zephyr/arch/common/libisr_tables.a
LOAD /opt/zephyr-sdk/arm-zephyr-eabi/bin/../lib/gcc/../../picolibc/arm-zephyr-eabi/lib/thumb/v8-m.main/nofp/libc.a
LOAD /opt/zephyr-sdk/arm-zephyr-eabi/bin/../lib/gcc/arm-zephyr-eabi/12.2.0/thumb/v8-m.main/nofp/libgcc.a
                0x0000000000000020                _region_min_align = 0x20

.rel.plt        0x0000000000000000        0x0
 *(SORT_BY_ALIGNMENT(.rel.plt))
                [!provide]                        PROVIDE (__rel_iplt_start = .)
 *(SORT_BY_ALIGNMENT(.rel.iplt))
 .rel.iplt      0x0000000000000000        0x0 app/libapp.a(cta2045_pack.c.obj)
                [!provide]                        PROVIDE (__rel_iplt_end = .)

.rela.plt       0x0000000000000000        0x0
 *(SORT_BY_ALIGNMENT(.rela.plt))
                [!provide]                        PROVIDE (__rela_iplt_start = .)
 *(SORT_BY_ALIGNMENT(.rela.iplt))
                [!provide]                        PROVIDE (__rela_iplt_end = .)

.rel.dyn
 *(SORT_BY_ALIGNMENT(.rel.*))

.rela.dyn
 *(SORT_BY_ALIGNMENT(.rela.*))

/DISCARD/
 *(SORT_BY_ALIGNMENT(.plt))

/DISCARD/
 *(SORT_BY_ALIGNMENT(.iplt))
                0x0000000000000000                __rom_region_start = 0x0

rom_start       0x0000000000000000      0x144
                0x0000000000000000                __rom_start_address = .
 FILL mask 0x00
                0x0000000000000000                . = (. + (0x0 - (. - __rom_start_address)))
                0x0000000000000000                . = ALIGN (0x4)
                0x0000000000000000                . = ALIGN (0x80)
                0x0000000000000000                . = ALIGN (0x200)
                0x0000000000000000                _vector_start = .
 *(SORT_BY_ALIGNMENT(.exc_vector_table))
 *(SORT_BY_ALIGNMENT(.exc_vector_table.*))
 .exc_vector_table._vector_table_section
                0x0000000000000000       0x40 zephyr/arch/arch/arm/core/cortex_m/libarch__arm__core__cortex_m.a(vector_table.S.obj)
                0x0000000000000000                _vector_table
 *(SORT_BY_ALIGNMENT(.vectors))
                0x0000000000000144                _vector_end = .
                0x0000000000000040                . = ALIGN (0x4)
 *(SORT_BY_ALIGNMENT(.gnu.linkonce.irq_vector_table*))
 .gnu.linkonce.irq_vector_table
                0x0000000000000040      0x104 zephyr/arch/common/libisr_tables.a(isr_tables.c.obj)
                0x0000000000000040                _irq_vector_table
                0x0000000000000144                _vector_end = .

text            0x0000000000000144     0x696c
                0x0000000000000144                __text_region_start = .
 *(SORT_BY_ALIGNMENT(.text))
 .text          0x0000000000000144       0x10 /opt/zephyr-sdk/arm-zephyr-eabi/bin/../lib/gcc/../../picolibc/arm-zephyr-eabi/lib/thumb/v8-m.main/nofp/libc.a(strlen.S.o)
                0x0000000000000144                strlen
 *(SORT_BY_ALIGNMENT(.text.*))
 .text.cta2045_basic_pack
                0x0000000000000154       0x40 app/libapp.a(cta2045_pack.c.obj)
                0x0000000000000154                cta2045_basic_pack
 .text.cta2045_datalink_pack_max_payload_req
                0x0000000000000194       0x34 app/libapp.a(cta2045_pack.c.obj)
                0x0000000000000194                cta2045_datalink_pack_max_payload_req
 .text.cta2045_intermediate_pack_get_utc_time_req
                0x00000000000001c8       0x34 app/libapp.a(cta2045_pack.c.obj)
                0x00000000000001c8                cta2045_intermediate_pack_get_utc_time_req
 .text.uart_isr
                0x00000000000001fc       0x94 app/libapp.a(cta2045_uart.c.obj)
 .text.send_response
                0x0000000000000290       0x60 app/libapp.a(cta2045_uart.c.obj)
                0x0000000000000290                send_response
 .text.cta2045_uart_init
                0x00000000000002f0       0x7c app/libapp.a(cta2045_uart.c.obj)
                0x00000000000002f0                cta2045_uart_init
 .text.cta2045_uart_thread
                0x000000000000036c       0x30 app/libapp.a(cta2045_uart.c.obj)
                0x000000000000036c                cta2045_uart_thread
 .text.main     0x000000000000039c       0xf4 app/libapp.a(main.c.obj)
                0x000000000000039c                main
 .text.cbvprintf_package
                0x0000000000000490      0x3a4 zephyr/libzephyr.a(cbprintf_packaged.c.obj)
                0x0000000000000490                cbvprintf_package
 .text.cbprintf_package_convert
                0x0000000000000834      0x3cc zephyr/libzephyr.a(cbprintf_packaged.c.obj)
                0x0000000000000834                cbprintf_package_convert
 .text.__printk_hook_install
                0x0000000000000c00        0xc zephyr/libzephyr.a(printk.c.obj)
                0x0000000000000c00                __printk_hook_install
 .text.z_thread_entry
                0x0000000000000c0c       0x34 zephyr/libzephyr.a(thread_entry.c.obj)
                0x0000000000000c0c                z_thread_entry
 .text.process_event
                0x0000000000000c40      0x21c zephyr/libzephyr.a(onoff.c.obj)
 .text.activate_foreach_backend
                0x0000000000000e5c       0x64 zephyr/libzephyr.a(log_core.c.obj)
 .text.enable_logger
                0x0000000000000ec0       0x5c zephyr/libzephyr.a(log_core.c.obj)
 .text.log_process_thread_timer_expiry_fn
                0x0000000000000f1c        0xc zephyr/libzephyr.a(log_core.c.obj)
 .text.z_log_init
                0x0000000000000f28       0x98 zephyr/libzephyr.a(log_core.c.obj)
 .text.log_format_func_t_get
                0x0000000000000fc0        0xc zephyr/libzephyr.a(log_core.c.obj)
                0x0000000000000fc0                log_format_func_t_get
 .text.log_set_timestamp_func
                0x0000000000000fcc       0x20 zephyr/libzephyr.a(log_core.c.obj)
                0x0000000000000fcc                log_set_timestamp_func
 .text.z_log_notify_backend_enabled
                0x0000000000000fec       0x1c zephyr/libzephyr.a(log_core.c.obj)
                0x0000000000000fec                z_log_notify_backend_enabled
 .text.z_log_dropped
                0x0000000000001008       0x3c zephyr/libzephyr.a(log_core.c.obj)
                0x0000000000001008                z_log_dropped
 .text.z_log_dropped_read_and_clear
                0x0000000000001044       0x18 zephyr/libzephyr.a(log_core.c.obj)
                0x0000000000001044                z_log_dropped_read_and_clear
 .text.dropped_notify
                0x000000000000105c       0x30 zephyr/libzephyr.a(log_core.c.obj)
                0x000000000000105c                dropped_notify
 .text.z_log_msg_init
                0x000000000000108c       0x20 zephyr/libzephyr.a(log_core.c.obj)
                0x000000000000108c                z_log_msg_init
 .text.log_core_init
                0x00000000000010ac       0x50 zephyr/libzephyr.a(log_core.c.obj)
                0x00000000000010ac                log_core_init
 .text.z_log_msg_alloc
                0x00000000000010fc       0x10 zephyr/libzephyr.a(log_core.c.obj)
                0x00000000000010fc                z_log_msg_alloc
 .text.z_log_msg_local_claim
                0x000000000000110c        0xc zephyr/libzephyr.a(log_core.c.obj)
                0x000000000000110c                z_log_msg_local_claim
 .text.z_log_msg_free
                0x0000000000001118       0x10 zephyr/libzephyr.a(log_core.c.obj)
                0x0000000000001118                z_log_msg_free
 .text.z_log_msg_pending
                0x0000000000001128        0xc zephyr/libzephyr.a(log_core.c.obj)
                0x0000000000001128                z_log_msg_pending
 .text.z_impl_log_process
                0x0000000000001134       0xb8 zephyr/libzephyr.a(log_core.c.obj)
                0x0000000000001134                z_impl_log_process
 .text.z_impl_log_panic
                0x00000000000011ec       0x44 zephyr/libzephyr.a(log_core.c.obj)
                0x00000000000011ec                z_impl_log_panic
 .text.log_process_thread_func
                0x0000000000001230       0xa4 zephyr/libzephyr.a(log_core.c.obj)
 .text.z_log_msg_post_finalize
                0x00000000000012d4       0x78 zephyr/libzephyr.a(log_core.c.obj)
 .text.z_log_msg_commit
                0x000000000000134c       0x24 zephyr/libzephyr.a(log_core.c.obj)
                0x000000000000134c                z_log_msg_commit
 .text.log_source_name_get
                0x0000000000001370       0x1c zephyr/libzephyr.a(log_mgmt.c.obj)
                0x0000000000001370                log_source_name_get
 .text.z_impl_z_log_msg_static_create
                0x000000000000138c      0x108 zephyr/libzephyr.a(log_msg.c.obj)
                0x000000000000138c                z_impl_z_log_msg_static_create
 .text.z_log_msg_runtime_vcreate
                0x0000000000001494       0xa0 zephyr/libzephyr.a(log_msg.c.obj)
                0x0000000000001494                z_log_msg_runtime_vcreate
 .text.log_msg_get_source_id
                0x0000000000001534       0x18 zephyr/libzephyr.a(log_msg.c.obj)
                0x0000000000001534                log_msg_get_source_id
 .text.print_formatted
                0x000000000000154c       0x24 zephyr/libzephyr.a(log_output.c.obj)
 .text.newline_print
                0x0000000000001570       0x1c zephyr/libzephyr.a(log_output.c.obj)
 .text.log_output_process
                0x000000000000158c      0x2d4 zephyr/libzephyr.a(log_output.c.obj)
                0x000000000000158c                log_output_process
 .text.log_output_dropped_process
                0x0000000000001860       0x58 zephyr/libzephyr.a(log_output.c.obj)
                0x0000000000001860                log_output_dropped_process
 .text.log_output_timestamp_freq_set
                0x00000000000018b8       0x2c zephyr/libzephyr.a(log_output.c.obj)
                0x00000000000018b8                log_output_timestamp_freq_set
 .text.char_out
                0x00000000000018e4       0x24 zephyr/libzephyr.a(log_backend_uart.c.obj)
 .text.mem_attr_get_regions
                0x0000000000001908        0xc zephyr/libzephyr.a(mem_attr.c.obj)
                0x0000000000001908                mem_attr_get_regions
 .text.z_arm_fatal_error
                0x0000000000001914       0xb8 zephyr/arch/arch/arm/core/libarch__arm__core.a(fatal.c.obj)
                0x0000000000001914                z_arm_fatal_error
 .text.z_SysNmiOnReset
                0x00000000000019cc        0x8 zephyr/arch/arch/arm/core/libarch__arm__core.a(nmi_on_reset.S.obj)
                0x00000000000019cc                z_SysNmiOnReset
 .text.arch_tls_stack_setup
                0x00000000000019d4       0x40 zephyr/arch/arch/arm/core/libarch__arm__core.a(tls.c.obj)
                0x00000000000019d4                arch_tls_stack_setup
 .text._HandlerModeExit
                0x0000000000001a14       0x20 zephyr/arch/arch/arm/core/cortex_m/libarch__arm__core__cortex_m.a(exc_exit.c.obj)
                0x0000000000001a14                z_arm_exc_exit
                0x0000000000001a14                z_arm_int_exit
 .text.mem_manage_fault.constprop.0
                0x0000000000001a34       0xd0 zephyr/arch/arch/arm/core/cortex_m/libarch__arm__core__cortex_m.a(fault.c.obj)
 .text.usage_fault.constprop.0
                0x0000000000001b04       0xbc zephyr/arch/arch/arm/core/cortex_m/libarch__arm__core__cortex_m.a(fault.c.obj)
 .text.bus_fault.constprop.0
                0x0000000000001bc0       0xd0 zephyr/arch/arch/arm/core/cortex_m/libarch__arm__core__cortex_m.a(fault.c.obj)
 .text.z_arm_fault
                0x0000000000001c90      0x1d0 zephyr/arch/arch/arm/core/cortex_m/libarch__arm__core__cortex_m.a(fault.c.obj)
                0x0000000000001c90                z_arm_fault
 .text.z_arm_fault_init
                0x0000000000001e60       0x20 zephyr/arch/arch/arm/core/cortex_m/libarch__arm__core__cortex_m.a(fault.c.obj)
                0x0000000000001e60                z_arm_fault_init
 .text.__fault  0x0000000000001e80       0x14 zephyr/arch/arch/arm/core/cortex_m/libarch__arm__core__cortex_m.a(fault_s.S.obj)
                0x0000000000001e80                z_arm_bus_fault
                0x0000000000001e80                z_arm_usage_fault
                0x0000000000001e80                z_arm_mpu_fault
                0x0000000000001e80                z_arm_exc_spurious
                0x0000000000001e80                z_arm_debug_monitor
                0x0000000000001e80                z_arm_hard_fault
 .text._reset_section
                0x0000000000001e94       0x38 zephyr/arch/arch/arm/core/cortex_m/libarch__arm__core__cortex_m.a(reset.S.obj)
                0x0000000000001e94                z_arm_reset
                0x0000000000001e94                __start
 .text.z_impl_k_thread_abort
                0x0000000000001ecc       0x2c zephyr/arch/arch/arm/core/cortex_m/libarch__arm__core__cortex_m.a(thread_abort.c.obj)
                0x0000000000001ecc                z_impl_k_thread_abort
 .text.z_arm_pendsv
                0x0000000000001ef8       0x60 zephyr/arch/arch/arm/core/cortex_m/libarch__arm__core__cortex_m.a(swap_helper.S.obj)
                0x0000000000001ef8                z_arm_pendsv
 .text.z_arm_svc
                0x0000000000001f58       0x24 zephyr/arch/arch/arm/core/cortex_m/libarch__arm__core__cortex_m.a(swap_helper.S.obj)
                0x0000000000001f58                z_arm_svc
 .text.arm_irq_enable
                0x0000000000001f7c       0x1c zephyr/arch/arch/arm/core/cortex_m/libarch__arm__core__cortex_m.a(irq_manage.c.obj)
                0x0000000000001f7c                arm_irq_enable
 .text.arm_irq_is_enabled
                0x0000000000001f98       0x1c zephyr/arch/arch/arm/core/cortex_m/libarch__arm__core__cortex_m.a(irq_manage.c.obj)
                0x0000000000001f98                arm_irq_is_enabled
 .text.arm_irq_priority_set
                0x0000000000001fb4       0x2c zephyr/arch/arch/arm/core/cortex_m/libarch__arm__core__cortex_m.a(irq_manage.c.obj)
                0x0000000000001fb4                arm_irq_priority_set
 .text.relocate_vector_table
                0x0000000000001fe0       0x1c zephyr/arch/arch/arm/core/cortex_m/libarch__arm__core__cortex_m.a(prep_c.c.obj)
                0x0000000000001fe0                relocate_vector_table
 .text.z_prep_c
                0x0000000000001ffc       0x38 zephyr/arch/arch/arm/core/cortex_m/libarch__arm__core__cortex_m.a(prep_c.c.obj)
                0x0000000000001ffc                z_prep_c
 .text.arch_new_thread
                0x0000000000002034       0x38 zephyr/arch/arch/arm/core/cortex_m/libarch__arm__core__cortex_m.a(thread.c.obj)
                0x0000000000002034                arch_new_thread
 .text.arch_switch_to_main_thread
                0x000000000000206c       0x40 zephyr/arch/arch/arm/core/cortex_m/libarch__arm__core__cortex_m.a(thread.c.obj)
                0x000000000000206c                arch_switch_to_main_thread
 .text.z_arm_cpu_idle_init
                0x00000000000020ac        0xc zephyr/arch/arch/arm/core/cortex_m/libarch__arm__core__cortex_m.a(cpu_idle.c.obj)
                0x00000000000020ac                z_arm_cpu_idle_init
 .text.z_arm_interrupt_init
                0x00000000000020b8       0x18 zephyr/arch/arch/arm/core/cortex_m/libarch__arm__core__cortex_m.a(irq_init.c.obj)
                0x00000000000020b8                z_arm_interrupt_init
 .text._isr_wrapper
                0x00000000000020d0       0x24 zephyr/arch/arch/arm/core/cortex_m/libarch__arm__core__cortex_m.a(isr_wrapper.c.obj)
                0x00000000000020d0                _isr_wrapper
 .text.z_arm_configure_static_mpu_regions
                0x00000000000020f4       0x38 zephyr/arch/arch/arm/core/mpu/libarch__arm__core__mpu.a(arm_core_mpu.c.obj)
                0x00000000000020f4                z_arm_configure_static_mpu_regions
 .text.region_init
                0x000000000000212c       0x34 zephyr/arch/arch/arm/core/mpu/libarch__arm__core__mpu.a(arm_mpu.c.obj)
 .text.region_allocate_and_init
                0x0000000000002160       0x38 zephyr/arch/arch/arm/core/mpu/libarch__arm__core__mpu.a(arm_mpu.c.obj)
 .text.mpu_configure_regions_and_partition.constprop.0
                0x0000000000002198      0x164 zephyr/arch/arch/arm/core/mpu/libarch__arm__core__mpu.a(arm_mpu.c.obj)
 .text.arm_core_mpu_enable
                0x00000000000022fc       0x18 zephyr/arch/arch/arm/core/mpu/libarch__arm__core__mpu.a(arm_mpu.c.obj)
                0x00000000000022fc                arm_core_mpu_enable
 .text.arm_core_mpu_disable
                0x0000000000002314       0x14 zephyr/arch/arch/arm/core/mpu/libarch__arm__core__mpu.a(arm_mpu.c.obj)
                0x0000000000002314                arm_core_mpu_disable
 .text.arm_core_mpu_configure_static_mpu_regions
                0x0000000000002328       0x14 zephyr/arch/arch/arm/core/mpu/libarch__arm__core__mpu.a(arm_mpu.c.obj)
                0x0000000000002328                arm_core_mpu_configure_static_mpu_regions
 .text.arm_core_mpu_mark_areas_for_dynamic_regions
                0x000000000000233c       0xb8 zephyr/arch/arch/arm/core/mpu/libarch__arm__core__mpu.a(arm_mpu.c.obj)
                0x000000000000233c                arm_core_mpu_mark_areas_for_dynamic_regions
 .text.z_arm_mpu_init
                0x00000000000023f4      0x11c zephyr/arch/arch/arm/core/mpu/libarch__arm__core__mpu.a(arm_mpu.c.obj)
                0x00000000000023f4                z_arm_mpu_init
 .text.cbvprintf
                0x0000000000002510       0x38 zephyr/lib/libc/picolibc/liblib__libc__picolibc.a(cbprintf.c.obj)
                0x0000000000002510                cbvprintf
 .text.z_impl_zephyr_fputc
                0x0000000000002548       0x10 zephyr/lib/libc/picolibc/liblib__libc__picolibc.a(stdio.c.obj)
                0x0000000000002548                z_impl_zephyr_fputc
 .text.__stdout_hook_install
                0x0000000000002558       0x18 zephyr/lib/libc/picolibc/liblib__libc__picolibc.a(stdio.c.obj)
                0x0000000000002558                __stdout_hook_install
 .text.malloc_prepare
                0x0000000000002570       0x24 zephyr/lib/libc/common/liblib__libc__common.a(malloc.c.obj)
 .text.nordicsemi_nrf91_init
                0x0000000000002594       0x10 zephyr/soc/soc/nrf9161/libsoc__nordic.a(soc.c.obj)
 .text.arch_busy_wait
                0x00000000000025a4       0x14 zephyr/soc/soc/nrf9161/libsoc__nordic.a(soc.c.obj)
                0x00000000000025a4                arch_busy_wait
 .text.onoff_stop
                0x00000000000025b8       0x30 zephyr/drivers/clock_control/libdrivers__clock_control.a(clock_control_nrf.c.obj)
 .text.onoff_start
                0x00000000000025e8       0x44 zephyr/drivers/clock_control/libdrivers__clock_control.a(clock_control_nrf.c.obj)
 .text.generic_hfclk_stop
                0x000000000000262c       0x34 zephyr/drivers/clock_control/libdrivers__clock_control.a(clock_control_nrf.c.obj)
 .text.clk_init
                0x0000000000002660       0x58 zephyr/drivers/clock_control/libdrivers__clock_control.a(clock_control_nrf.c.obj)
 .text.api_blocking_start
                0x00000000000026b8       0x34 zephyr/drivers/clock_control/libdrivers__clock_control.a(clock_control_nrf.c.obj)
 .text.clkstarted_handle.constprop.0
                0x00000000000026ec       0x4c zephyr/drivers/clock_control/libdrivers__clock_control.a(clock_control_nrf.c.obj)
 .text.generic_hfclk_start
                0x0000000000002738       0x78 zephyr/drivers/clock_control/libdrivers__clock_control.a(clock_control_nrf.c.obj)
 .text.clock_event_handler
                0x00000000000027b0       0x1c zephyr/drivers/clock_control/libdrivers__clock_control.a(clock_control_nrf.c.obj)
 .text.z_nrf_clock_control_lf_on
                0x00000000000027cc       0xf8 zephyr/drivers/clock_control/libdrivers__clock_control.a(clock_control_nrf.c.obj)
                0x00000000000027cc                z_nrf_clock_control_lf_on
 .text.uart_console_init
                0x00000000000028c4       0x28 zephyr/drivers/console/libdrivers__console.a(uart_console.c.obj)
 .text.console_out
                0x00000000000028ec       0x28 zephyr/drivers/console/libdrivers__console.a(uart_console.c.obj)
 .text.nrfx_gpio_handler
                0x0000000000002914       0x3c zephyr/drivers/gpio/libdrivers__gpio.a(gpio_nrfx.c.obj)
 .text.gpio_nrfx_pin_configure
                0x0000000000002950      0x180 zephyr/drivers/gpio/libdrivers__gpio.a(gpio_nrfx.c.obj)
 .text.gpio_nrfx_init
                0x0000000000002ad0       0x48 zephyr/drivers/gpio/libdrivers__gpio.a(gpio_nrfx.c.obj)
 .text.gpio_nrfx_pin_interrupt_configure
                0x0000000000002b18      0x114 zephyr/drivers/gpio/libdrivers__gpio.a(gpio_nrfx.c.obj)
 .text.pinctrl_configure_pins
                0x0000000000002c2c      0x17c zephyr/drivers/pinctrl/libdrivers__pinctrl.a(pinctrl_nrf.c.obj)
                0x0000000000002c2c                pinctrl_configure_pins
 .text.uarte_nrfx_poll_out
                0x0000000000002da8       0xb4 zephyr/drivers/serial/libdrivers__serial.a(uart_nrfx_uarte.c.obj)
 .text.uarte_instance_init.constprop.0
                0x0000000000002e5c      0x108 zephyr/drivers/serial/libdrivers__serial.a(uart_nrfx_uarte.c.obj)
 .text.compare_int_lock
                0x0000000000002f64       0x40 zephyr/drivers/timer/libdrivers__timer.a(nrf_rtc_timer.c.obj)
 .text.sys_clock_timeout_handler
                0x0000000000002fa4       0x48 zephyr/drivers/timer/libdrivers__timer.a(nrf_rtc_timer.c.obj)
 .text.compare_int_unlock
                0x0000000000002fec       0x4c zephyr/drivers/timer/libdrivers__timer.a(nrf_rtc_timer.c.obj)
 .text.z_nrf_rtc_timer_read
                0x0000000000003038       0x44 zephyr/drivers/timer/libdrivers__timer.a(nrf_rtc_timer.c.obj)
                0x0000000000003038                z_nrf_rtc_timer_read
 .text.compare_set
                0x000000000000307c      0x124 zephyr/drivers/timer/libdrivers__timer.a(nrf_rtc_timer.c.obj)
 .text.sys_clock_driver_init
                0x00000000000031a0       0x90 zephyr/drivers/timer/libdrivers__timer.a(nrf_rtc_timer.c.obj)
 .text.rtc_nrf_isr
                0x0000000000003230       0xd0 zephyr/drivers/timer/libdrivers__timer.a(nrf_rtc_timer.c.obj)
                0x0000000000003230                rtc_nrf_isr
 .text.sys_clock_set_timeout
                0x0000000000003300       0x5c zephyr/drivers/timer/libdrivers__timer.a(nrf_rtc_timer.c.obj)
                0x0000000000003300                sys_clock_set_timeout
 .text.sys_clock_elapsed
                0x000000000000335c       0x14 zephyr/drivers/timer/libdrivers__timer.a(nrf_rtc_timer.c.obj)
                0x000000000000335c                sys_clock_elapsed
 .text.uicr_HFXOCNT_erased
                0x0000000000003370       0x40 modules/hal_nordic/nrfx/libmodules__hal_nordic__nrfx.a(system_nrf91.c.obj)
 .text.uicr_HFXOSRC_erased
                0x00000000000033b0       0x3c modules/hal_nordic/nrfx/libmodules__hal_nordic__nrfx.a(system_nrf91.c.obj)
 .text.SystemInit
                0x00000000000033ec      0x1bc modules/hal_nordic/nrfx/libmodules__hal_nordic__nrfx.a(system_nrf91.c.obj)
                0x00000000000033ec                SystemInit
 .text.nrfx_flag32_alloc
                0x00000000000035a8       0x40 modules/hal_nordic/nrfx/libmodules__hal_nordic__nrfx.a(nrfx_flag32_allocator.c.obj)
                0x00000000000035a8                nrfx_flag32_alloc
 .text.nrfx_flag32_free
                0x00000000000035e8       0x38 modules/hal_nordic/nrfx/libmodules__hal_nordic__nrfx.a(nrfx_flag32_allocator.c.obj)
                0x00000000000035e8                nrfx_flag32_free
 .text.nrfx_gppi_channels_enable
                0x0000000000003620        0xc modules/hal_nordic/nrfx/libmodules__hal_nordic__nrfx.a(nrfx_gppi_dppi.c.obj)
                0x0000000000003620                nrfx_gppi_channels_enable
 .text.nrfx_gppi_channel_alloc
                0x000000000000362c        0xc modules/hal_nordic/nrfx/libmodules__hal_nordic__nrfx.a(nrfx_gppi_dppi.c.obj)
                0x000000000000362c                nrfx_gppi_channel_alloc
 .text.nrfx_clock_init
                0x0000000000003638       0x20 modules/hal_nordic/nrfx/libmodules__hal_nordic__nrfx.a(nrfx_clock.c.obj)
                0x0000000000003638                nrfx_clock_init
 .text.nrfx_clock_enable
                0x0000000000003658       0x28 modules/hal_nordic/nrfx/libmodules__hal_nordic__nrfx.a(nrfx_clock.c.obj)
                0x0000000000003658                nrfx_clock_enable
 .text.nrfx_clock_start
                0x0000000000003680       0xb0 modules/hal_nordic/nrfx/libmodules__hal_nordic__nrfx.a(nrfx_clock.c.obj)
                0x0000000000003680                nrfx_clock_start
 .text.nrfx_power_clock_irq_handler
                0x0000000000003730       0x70 modules/hal_nordic/nrfx/libmodules__hal_nordic__nrfx.a(nrfx_clock.c.obj)
                0x0000000000003730                nrfx_power_clock_irq_handler
 .text.nrfx_dppi_channel_alloc
                0x00000000000037a0       0x10 modules/hal_nordic/nrfx/libmodules__hal_nordic__nrfx.a(nrfx_dppi.c.obj)
                0x00000000000037a0                nrfx_dppi_channel_alloc
 .text.nrf_gpio_pin_port_decode
                0x00000000000037b0       0x18 modules/hal_nordic/nrfx/libmodules__hal_nordic__nrfx.a(nrfx_gpiote.c.obj)
 .text.call_handler.constprop.0
                0x00000000000037c8       0x3c modules/hal_nordic/nrfx/libmodules__hal_nordic__nrfx.a(nrfx_gpiote.c.obj)
 .text.latch_pending_read_and_check
                0x0000000000003804       0x1c modules/hal_nordic/nrfx/libmodules__hal_nordic__nrfx.a(nrfx_gpiote.c.obj)
 .text.release_handler.isra.0
                0x0000000000003820       0x54 modules/hal_nordic/nrfx/libmodules__hal_nordic__nrfx.a(nrfx_gpiote.c.obj)
 .text.__nrfy_internal_gpiote_events_process.constprop.0
                0x0000000000003874       0x5c modules/hal_nordic/nrfx/libmodules__hal_nordic__nrfx.a(nrfx_gpiote.c.obj)
 .text.pin_trigger_disable
                0x00000000000038d0       0x40 modules/hal_nordic/nrfx/libmodules__hal_nordic__nrfx.a(nrfx_gpiote.c.obj)
 .text.pin_uninit
                0x0000000000003910       0x78 modules/hal_nordic/nrfx/libmodules__hal_nordic__nrfx.a(nrfx_gpiote.c.obj)
 .text.nrfx_gpiote_input_configure
                0x0000000000003988      0x168 modules/hal_nordic/nrfx/libmodules__hal_nordic__nrfx.a(nrfx_gpiote.c.obj)
                0x0000000000003988                nrfx_gpiote_input_configure
 .text.nrfx_gpiote_output_configure
                0x0000000000003af0       0xf0 modules/hal_nordic/nrfx/libmodules__hal_nordic__nrfx.a(nrfx_gpiote.c.obj)
                0x0000000000003af0                nrfx_gpiote_output_configure
 .text.nrfx_gpiote_global_callback_set
                0x0000000000003be0        0xc modules/hal_nordic/nrfx/libmodules__hal_nordic__nrfx.a(nrfx_gpiote.c.obj)
                0x0000000000003be0                nrfx_gpiote_global_callback_set
 .text.nrfx_gpiote_channel_get
                0x0000000000003bec       0x24 modules/hal_nordic/nrfx/libmodules__hal_nordic__nrfx.a(nrfx_gpiote.c.obj)
                0x0000000000003bec                nrfx_gpiote_channel_get
 .text.nrfx_gpiote_init
                0x0000000000003c10       0x48 modules/hal_nordic/nrfx/libmodules__hal_nordic__nrfx.a(nrfx_gpiote.c.obj)
                0x0000000000003c10                nrfx_gpiote_init
 .text.nrfx_gpiote_init_check
                0x0000000000003c58       0x14 modules/hal_nordic/nrfx/libmodules__hal_nordic__nrfx.a(nrfx_gpiote.c.obj)
                0x0000000000003c58                nrfx_gpiote_init_check
 .text.nrfx_gpiote_channel_free
                0x0000000000003c6c       0x10 modules/hal_nordic/nrfx/libmodules__hal_nordic__nrfx.a(nrfx_gpiote.c.obj)
                0x0000000000003c6c                nrfx_gpiote_channel_free
 .text.nrfx_gpiote_channel_alloc
                0x0000000000003c7c       0x10 modules/hal_nordic/nrfx/libmodules__hal_nordic__nrfx.a(nrfx_gpiote.c.obj)
                0x0000000000003c7c                nrfx_gpiote_channel_alloc
 .text.nrfx_gpiote_trigger_enable
                0x0000000000003c8c       0x90 modules/hal_nordic/nrfx/libmodules__hal_nordic__nrfx.a(nrfx_gpiote.c.obj)
                0x0000000000003c8c                nrfx_gpiote_trigger_enable
 .text.nrfx_gpiote_0_irq_handler
                0x0000000000003d1c      0x14c modules/hal_nordic/nrfx/libmodules__hal_nordic__nrfx.a(nrfx_gpiote.c.obj)
                0x0000000000003d1c                nrfx_gpiote_0_irq_handler
 .text.k_sys_fatal_error_handler
                0x0000000000003e68       0x20 zephyr/kernel/libkernel.a(fatal.c.obj)
                0x0000000000003e68                k_sys_fatal_error_handler
 .text.z_fatal_error
                0x0000000000003e88       0xe8 zephyr/kernel/libkernel.a(fatal.c.obj)
                0x0000000000003e88                z_fatal_error
 .text.z_sys_init_run_level
                0x0000000000003f70       0x30 zephyr/kernel/libkernel.a(init.c.obj)
 .text.bg_thread_main
                0x0000000000003fa0       0xc0 zephyr/kernel/libkernel.a(init.c.obj)
 .text.z_bss_zero
                0x0000000000004060       0x18 zephyr/kernel/libkernel.a(init.c.obj)
                0x0000000000004060                z_bss_zero
 .text.z_init_cpu
                0x0000000000004078       0x68 zephyr/kernel/libkernel.a(init.c.obj)
                0x0000000000004078                z_init_cpu
 .text.z_cstart
                0x00000000000040e0       0xd4 zephyr/kernel/libkernel.a(init.c.obj)
                0x00000000000040e0                z_cstart
 .text.z_impl_k_sem_give
                0x00000000000041b4       0x68 zephyr/kernel/libkernel.a(sem.c.obj)
                0x00000000000041b4                z_impl_k_sem_give
 .text.z_impl_k_sem_take
                0x000000000000421c       0x4c zephyr/kernel/libkernel.a(sem.c.obj)
                0x000000000000421c                z_impl_k_sem_take
 .text.z_setup_new_thread
                0x0000000000004268       0x7c zephyr/kernel/libkernel.a(thread.c.obj)
                0x0000000000004268                z_setup_new_thread
 .text.z_impl_k_thread_create
                0x00000000000042e4       0x58 zephyr/kernel/libkernel.a(thread.c.obj)
                0x00000000000042e4                z_impl_k_thread_create
 .text.z_dummy_thread_init
                0x000000000000433c       0x18 zephyr/kernel/libkernel.a(thread.c.obj)
                0x000000000000433c                z_dummy_thread_init
 .text.z_swap_irqlock
                0x0000000000004354       0x30 zephyr/kernel/libkernel.a(sched.c.obj)
 .text.ready_thread
                0x0000000000004384       0x84 zephyr/kernel/libkernel.a(sched.c.obj)
 .text.unready_thread
                0x0000000000004408       0x54 zephyr/kernel/libkernel.a(sched.c.obj)
 .text.add_thread_timeout
                0x000000000000445c       0x1c zephyr/kernel/libkernel.a(sched.c.obj)
 .text.move_thread_to_end_of_prio_q
                0x0000000000004478       0x90 zephyr/kernel/libkernel.a(sched.c.obj)
                0x0000000000004478                move_thread_to_end_of_prio_q
 .text.z_pend_curr
                0x0000000000004508       0x44 zephyr/kernel/libkernel.a(sched.c.obj)
                0x0000000000004508                z_pend_curr
 .text.z_reschedule
                0x000000000000454c       0x24 zephyr/kernel/libkernel.a(sched.c.obj)
                0x000000000000454c                z_reschedule
 .text.z_reschedule_irqlock
                0x0000000000004570       0x28 zephyr/kernel/libkernel.a(sched.c.obj)
                0x0000000000004570                z_reschedule_irqlock
 .text.k_sched_lock
                0x0000000000004598       0x28 zephyr/kernel/libkernel.a(sched.c.obj)
                0x0000000000004598                k_sched_lock
 .text.k_sched_unlock
                0x00000000000045c0       0x68 zephyr/kernel/libkernel.a(sched.c.obj)
                0x00000000000045c0                k_sched_unlock
 .text.z_sched_init
                0x0000000000004628       0x10 zephyr/kernel/libkernel.a(sched.c.obj)
                0x0000000000004628                z_sched_init
 .text.z_impl_k_yield
                0x0000000000004638       0x88 zephyr/kernel/libkernel.a(sched.c.obj)
                0x0000000000004638                z_impl_k_yield
 .text.z_tick_sleep
                0x00000000000046c0       0x78 zephyr/kernel/libkernel.a(sched.c.obj)
 .text.z_impl_k_wakeup
                0x0000000000004738       0x48 zephyr/kernel/libkernel.a(sched.c.obj)
                0x0000000000004738                z_impl_k_wakeup
 .text.z_impl_k_sched_current_thread_query
                0x0000000000004780        0xc zephyr/kernel/libkernel.a(sched.c.obj)
                0x0000000000004780                z_impl_k_sched_current_thread_query
 .text.z_thread_abort
                0x000000000000478c      0x140 zephyr/kernel/libkernel.a(sched.c.obj)
                0x000000000000478c                z_thread_abort
 .text.slice_timeout
                0x00000000000048cc       0x20 zephyr/kernel/libkernel.a(timeslicing.c.obj)
 .text.thread_is_sliceable
                0x00000000000048ec       0x3c zephyr/kernel/libkernel.a(timeslicing.c.obj)
                0x00000000000048ec                thread_is_sliceable
 .text.z_reset_time_slice
                0x0000000000004928       0x50 zephyr/kernel/libkernel.a(timeslicing.c.obj)
                0x0000000000004928                z_reset_time_slice
 .text.z_time_slice
                0x0000000000004978       0x60 zephyr/kernel/libkernel.a(timeslicing.c.obj)
                0x0000000000004978                z_time_slice
 .text.z_data_copy
                0x00000000000049d8       0x38 zephyr/kernel/libkernel.a(xip.c.obj)
                0x00000000000049d8                z_data_copy
 .text.first    0x0000000000004a10       0x10 zephyr/kernel/libkernel.a(timeout.c.obj)
 .text.elapsed  0x0000000000004a20       0x14 zephyr/kernel/libkernel.a(timeout.c.obj)
 .text.remove_timeout
                0x0000000000004a34       0x38 zephyr/kernel/libkernel.a(timeout.c.obj)
 .text.z_add_timeout
                0x0000000000004a6c      0x120 zephyr/kernel/libkernel.a(timeout.c.obj)
                0x0000000000004a6c                z_add_timeout
 .text.sys_clock_announce
                0x0000000000004b8c       0xbc zephyr/kernel/libkernel.a(timeout.c.obj)
                0x0000000000004b8c                sys_clock_announce
 .text.sys_clock_tick_get
                0x0000000000004c48       0x30 zephyr/kernel/libkernel.a(timeout.c.obj)
                0x0000000000004c48                sys_clock_tick_get
 .text.z_timer_expiration_handler
                0x0000000000004c78      0x110 zephyr/kernel/libkernel.a(timer.c.obj)
                0x0000000000004c78                z_timer_expiration_handler
 .text.z_impl_k_timer_start
                0x0000000000004d88       0x70 zephyr/kernel/libkernel.a(timer.c.obj)
                0x0000000000004d88                z_impl_k_timer_start
 .text.boot_banner
                0x0000000000004df8        0xc zephyr/kernel/libkernel.a(banner.c.obj)
                0x0000000000004df8                boot_banner
 .text.snprintf
                0x0000000000004e04       0x58 /opt/zephyr-sdk/arm-zephyr-eabi/bin/../lib/gcc/../../picolibc/arm-zephyr-eabi/lib/thumb/v8-m.main/nofp/libc.a(libc_tinystdio_snprintf.c.o)
                0x0000000000004e04                snprintf
 .text.__l_vfprintf
                0x0000000000004e5c      0x4b4 /opt/zephyr-sdk/arm-zephyr-eabi/bin/../lib/gcc/../../picolibc/arm-zephyr-eabi/lib/thumb/v8-m.main/nofp/libc.a(libc_tinystdio_vflprintf.c.o)
                0x0000000000004e5c                __l_vfprintf
 .text._OffsetAbsSyms
                0x0000000000005310        0x2 zephyr/CMakeFiles/offsets.dir/./arch/arm/core/offsets/offsets.c.obj
                0x0000000000005310                _OffsetAbsSyms
 .text.cta2045_checksum.constprop.0
                0x0000000000005312       0x5c app/libapp.a(cta2045_pack.c.obj)
 .text.chunk_size
                0x000000000000536e        0xa zephyr/libzephyr.a(heap.c.obj)
 .text.free_list_add
                0x0000000000005378       0x4e zephyr/libzephyr.a(heap.c.obj)
 .text.sys_heap_init
                0x00000000000053c6       0x7a zephyr/libzephyr.a(heap.c.obj)
                0x00000000000053c6                sys_heap_init
 .text.cbpprintf_external
                0x0000000000005440       0x62 zephyr/libzephyr.a(cbprintf_packaged.c.obj)
                0x0000000000005440                cbpprintf_external
 .text.is_ptr   0x00000000000054a2       0x4a zephyr/libzephyr.a(cbprintf_packaged.c.obj)
                0x00000000000054a2                is_ptr
 .text.arch_printk_char_out
                0x00000000000054ec        0x4 zephyr/libzephyr.a(printk.c.obj)
                0x00000000000054ec                arch_printk_char_out
 .text.printk   0x00000000000054f0       0x1a zephyr/libzephyr.a(printk.c.obj)
                0x00000000000054f0                printk
 .text.free_space
                0x000000000000550a       0x26 zephyr/libzephyr.a(mpsc_pbuf.c.obj)
 .text.get_usage
                0x0000000000005530       0x22 zephyr/libzephyr.a(mpsc_pbuf.c.obj)
 .text.idx_inc  0x0000000000005552       0x1c zephyr/libzephyr.a(mpsc_pbuf.c.obj)
 .text.rd_idx_inc
                0x000000000000556e       0x18 zephyr/libzephyr.a(mpsc_pbuf.c.obj)
 .text.add_skip_item
                0x0000000000005586       0x3e zephyr/libzephyr.a(mpsc_pbuf.c.obj)
 .text.drop_item_locked
                0x00000000000055c4      0x100 zephyr/libzephyr.a(mpsc_pbuf.c.obj)
 .text.post_drop_action
                0x00000000000056c4       0x36 zephyr/libzephyr.a(mpsc_pbuf.c.obj)
 .text.max_utilization_update
                0x00000000000056fa       0x1a zephyr/libzephyr.a(mpsc_pbuf.c.obj)
 .text.mpsc_pbuf_init
                0x0000000000005714       0x42 zephyr/libzephyr.a(mpsc_pbuf.c.obj)
                0x0000000000005714                mpsc_pbuf_init
 .text.mpsc_pbuf_alloc
                0x0000000000005756       0xfe zephyr/libzephyr.a(mpsc_pbuf.c.obj)
                0x0000000000005756                mpsc_pbuf_alloc
 .text.mpsc_pbuf_commit
                0x0000000000005854       0x3e zephyr/libzephyr.a(mpsc_pbuf.c.obj)
                0x0000000000005854                mpsc_pbuf_commit
 .text.mpsc_pbuf_claim
                0x0000000000005892       0xa8 zephyr/libzephyr.a(mpsc_pbuf.c.obj)
                0x0000000000005892                mpsc_pbuf_claim
 .text.mpsc_pbuf_free
                0x000000000000593a       0x76 zephyr/libzephyr.a(mpsc_pbuf.c.obj)
                0x000000000000593a                mpsc_pbuf_free
 .text.mpsc_pbuf_is_pending
                0x00000000000059b0       0x32 zephyr/libzephyr.a(mpsc_pbuf.c.obj)
                0x00000000000059b0                mpsc_pbuf_is_pending
 .text.process_recheck
                0x00000000000059e2       0x38 zephyr/libzephyr.a(onoff.c.obj)
 .text.validate_args
                0x0000000000005a1a       0x20 zephyr/libzephyr.a(onoff.c.obj)
 .text.notify_one
                0x0000000000005a3a       0x2c zephyr/libzephyr.a(onoff.c.obj)
 .text.transition_complete
                0x0000000000005a66       0x1a zephyr/libzephyr.a(onoff.c.obj)
 .text.onoff_manager_init
                0x0000000000005a80       0x26 zephyr/libzephyr.a(onoff.c.obj)
                0x0000000000005a80                onoff_manager_init
 .text.onoff_request
                0x0000000000005aa6       0xae zephyr/libzephyr.a(onoff.c.obj)
                0x0000000000005aa6                onoff_request
 .text.sys_notify_validate
                0x0000000000005b54       0x22 zephyr/libzephyr.a(notify.c.obj)
                0x0000000000005b54                sys_notify_validate
 .text.sys_notify_finalize
                0x0000000000005b76       0x1a zephyr/libzephyr.a(notify.c.obj)
                0x0000000000005b76                sys_notify_finalize
 .text.ring_buf_area_claim
                0x0000000000005b90       0x30 zephyr/libzephyr.a(ring_buffer.c.obj)
                0x0000000000005b90                ring_buf_area_claim
 .text.ring_buf_put_claim
                0x0000000000005bc0       0x1e zephyr/libzephyr.a(ring_buffer.c.obj)
 .text.ring_buf_get_claim
                0x0000000000005bde       0x1e zephyr/libzephyr.a(ring_buffer.c.obj)
 .text.ring_buf_area_finish
                0x0000000000005bfc       0x32 zephyr/libzephyr.a(ring_buffer.c.obj)
                0x0000000000005bfc                ring_buf_area_finish
 .text.ring_buf_put
                0x0000000000005c2e       0x40 zephyr/libzephyr.a(ring_buffer.c.obj)
                0x0000000000005c2e                ring_buf_put
 .text.ring_buf_get
                0x0000000000005c6e       0x44 zephyr/libzephyr.a(ring_buffer.c.obj)
                0x0000000000005c6e                ring_buf_get
 .text._ConfigAbsSyms
                0x0000000000005cb2        0x2 zephyr/libzephyr.a(configs.c.obj)
                0x0000000000005cb2                _ConfigAbsSyms
 .text.log_msg_generic_get_wlen
                0x0000000000005cb4       0x20 zephyr/libzephyr.a(log_core.c.obj)
 .text.dummy_timestamp
                0x0000000000005cd4        0x4 zephyr/libzephyr.a(log_core.c.obj)
 .text.default_get_timestamp
                0x0000000000005cd8        0x4 zephyr/libzephyr.a(log_core.c.obj)
 .text.atomic_inc
                0x0000000000005cdc       0x12 zephyr/libzephyr.a(log_core.c.obj)
 .text.z_log_vprintk
                0x0000000000005cee       0x1c zephyr/libzephyr.a(log_core.c.obj)
                0x0000000000005cee                z_log_vprintk
 .text.z_log_notify_drop
                0x0000000000005d0a        0x6 zephyr/libzephyr.a(log_core.c.obj)
 .text.z_log_get_tag
                0x0000000000005d10        0x4 zephyr/libzephyr.a(log_core.c.obj)
                0x0000000000005d10                z_log_get_tag
 .text.log_backend_enable
                0x0000000000005d14       0x12 zephyr/libzephyr.a(log_mgmt.c.obj)
                0x0000000000005d14                log_backend_enable
 .text.z_cbprintf_cpy
                0x0000000000005d26       0x2e zephyr/libzephyr.a(log_msg.c.obj)
 .text.z_log_msg_finalize
                0x0000000000005d54       0x32 zephyr/libzephyr.a(log_msg.c.obj)
                0x0000000000005d54                z_log_msg_finalize
 .text.z_log_msg_simple_create
                0x0000000000005d86       0x6e zephyr/libzephyr.a(log_msg.c.obj)
 .text.z_impl_z_log_msg_simple_create_0
                0x0000000000005df4       0x12 zephyr/libzephyr.a(log_msg.c.obj)
                0x0000000000005df4                z_impl_z_log_msg_simple_create_0
 .text.z_impl_z_log_msg_simple_create_1
                0x0000000000005e06       0x14 zephyr/libzephyr.a(log_msg.c.obj)
                0x0000000000005e06                z_impl_z_log_msg_simple_create_1
 .text.log_output_write
                0x0000000000005e1a       0x1c zephyr/libzephyr.a(log_output.c.obj)
 .text.log_output_flush
                0x0000000000005e36       0x1a zephyr/libzephyr.a(log_output.c.obj)
 .text.out_func
                0x0000000000005e50       0x2e zephyr/libzephyr.a(log_output.c.obj)
 .text.cr_out_func
                0x0000000000005e7e       0x1c zephyr/libzephyr.a(log_output.c.obj)
 .text.log_output_msg_process
                0x0000000000005e9a       0x6a zephyr/libzephyr.a(log_output.c.obj)
                0x0000000000005e9a                log_output_msg_process
 .text.format_set
                0x0000000000005f04        0xc zephyr/libzephyr.a(log_backend_uart.c.obj)
 .text.log_backend_uart_init
                0x0000000000005f10        0xc zephyr/libzephyr.a(log_backend_uart.c.obj)
 .text.panic    0x0000000000005f1c       0x32 zephyr/libzephyr.a(log_backend_uart.c.obj)
 .text.dropped  0x0000000000005f4e        0xa zephyr/libzephyr.a(log_backend_uart.c.obj)
 .text.process  0x0000000000005f58       0x1e zephyr/libzephyr.a(log_backend_uart.c.obj)
 .text.z_do_kernel_oops
                0x0000000000005f76        0x8 zephyr/arch/arch/arm/core/libarch__arm__core.a(fatal.c.obj)
                0x0000000000005f76                z_do_kernel_oops
 .text.z_arm_nmi
                0x0000000000005f7e        0xe zephyr/arch/arch/arm/core/libarch__arm__core.a(nmi.c.obj)
                0x0000000000005f7e                z_arm_nmi
 .text.z_log_msg_simple_create_0.constprop.0
                0x0000000000005f8c        0x8 zephyr/arch/arch/arm/core/cortex_m/libarch__arm__core__cortex_m.a(fault.c.obj)
 .text.z_irq_spurious
                0x0000000000005f94        0x8 zephyr/arch/arch/arm/core/cortex_m/libarch__arm__core__cortex_m.a(irq_manage.c.obj)
                0x0000000000005f94                z_irq_spurious
 .text.configure_builtin_stack_guard
                0x0000000000005f9c        0x8 zephyr/arch/arch/arm/core/cortex_m/libarch__arm__core__cortex_m.a(thread.c.obj)
                0x0000000000005f9c                configure_builtin_stack_guard
 .text.arch_coprocessors_disable
                0x0000000000005fa4        0x6 zephyr/arch/arch/arm/core/cortex_m/libarch__arm__core__cortex_m.a(thread.c.obj)
                0x0000000000005fa4                arch_coprocessors_disable
 .text.arch_irq_unlock_outlined
                0x0000000000005faa        0xe zephyr/arch/arch/arm/core/cortex_m/libarch__arm__core__cortex_m.a(thread.c.obj)
                0x0000000000005faa                arch_irq_unlock_outlined
 .text.arch_cpu_idle
                0x0000000000005fb8       0x1a zephyr/arch/arch/arm/core/cortex_m/libarch__arm__core__cortex_m.a(cpu_idle.c.obj)
                0x0000000000005fb8                arch_cpu_idle
 .text.arch_cpu_atomic_idle
                0x0000000000005fd2       0x1e zephyr/arch/arch/arm/core/cortex_m/libarch__arm__core__cortex_m.a(cpu_idle.c.obj)
                0x0000000000005fd2                arch_cpu_atomic_idle
 .text.arm_cmse_mpu_region_get
                0x0000000000005ff0       0x12 zephyr/arch/arch/arm/core/cortex_m/cmse/libarch__arm__core__cortex_m__cmse.a(arm_core_cmse.c.obj)
                0x0000000000005ff0                arm_cmse_mpu_region_get
 .text.mpu_configure_region
                0x0000000000006002       0x32 zephyr/arch/arch/arm/core/mpu/libarch__arm__core__mpu.a(arm_mpu.c.obj)
 .text.cbputc   0x0000000000006034        0xc zephyr/lib/libc/picolibc/liblib__libc__picolibc.a(cbprintf.c.obj)
 .text.picolibc_put
                0x0000000000006040        0xa zephyr/lib/libc/picolibc/liblib__libc__picolibc.a(stdio.c.obj)
 .text.get_status
                0x000000000000604a       0x12 zephyr/drivers/clock_control/libdrivers__clock_control.a(clock_control_nrf.c.obj)
 .text.stop     0x000000000000605c       0x50 zephyr/drivers/clock_control/libdrivers__clock_control.a(clock_control_nrf.c.obj)
 .text.api_stop
                0x00000000000060ac        0x6 zephyr/drivers/clock_control/libdrivers__clock_control.a(clock_control_nrf.c.obj)
 .text.async_start
                0x00000000000060b2       0x5a zephyr/drivers/clock_control/libdrivers__clock_control.a(clock_control_nrf.c.obj)
 .text.api_start
                0x000000000000610c        0xe zephyr/drivers/clock_control/libdrivers__clock_control.a(clock_control_nrf.c.obj)
 .text.onoff_started_callback
                0x000000000000611a       0x12 zephyr/drivers/clock_control/libdrivers__clock_control.a(clock_control_nrf.c.obj)
 .text.lfclk_start
                0x000000000000612c        0x6 zephyr/drivers/clock_control/libdrivers__clock_control.a(clock_control_nrf.c.obj)
 .text.lfclk_stop
                0x0000000000006132        0x6 zephyr/drivers/clock_control/libdrivers__clock_control.a(clock_control_nrf.c.obj)
 .text.blocking_start_callback
                0x0000000000006138        0x6 zephyr/drivers/clock_control/libdrivers__clock_control.a(clock_control_nrf.c.obj)
 .text.gpio_nrfx_port_get_raw
                0x000000000000613e        0xc zephyr/drivers/gpio/libdrivers__gpio.a(gpio_nrfx.c.obj)
 .text.gpio_nrfx_port_set_masked_raw
                0x000000000000614a       0x14 zephyr/drivers/gpio/libdrivers__gpio.a(gpio_nrfx.c.obj)
 .text.gpio_nrfx_port_set_bits_raw
                0x000000000000615e        0xa zephyr/drivers/gpio/libdrivers__gpio.a(gpio_nrfx.c.obj)
 .text.gpio_nrfx_port_clear_bits_raw
                0x0000000000006168        0xa zephyr/drivers/gpio/libdrivers__gpio.a(gpio_nrfx.c.obj)
 .text.gpio_nrfx_port_toggle_bits
                0x0000000000006172       0x14 zephyr/drivers/gpio/libdrivers__gpio.a(gpio_nrfx.c.obj)
 .text.gpio_nrfx_manage_callback
                0x0000000000006186       0x52 zephyr/drivers/gpio/libdrivers__gpio.a(gpio_nrfx.c.obj)
 .text.pinctrl_lookup_state
                0x00000000000061d8       0x26 zephyr/drivers/pinctrl/libdrivers__pinctrl.a(common.c.obj)
                0x00000000000061d8                pinctrl_lookup_state
 .text.uarte_nrfx_err_check
                0x00000000000061fe        0xe zephyr/drivers/serial/libdrivers__serial.a(uart_nrfx_uarte.c.obj)
 .text.uarte_nrfx_poll_in
                0x000000000000620c       0x26 zephyr/drivers/serial/libdrivers__serial.a(uart_nrfx_uarte.c.obj)
 .text.uarte_nrfx_fifo_read
                0x0000000000006232       0x28 zephyr/drivers/serial/libdrivers__serial.a(uart_nrfx_uarte.c.obj)
 .text.uarte_nrfx_irq_tx_enable
                0x000000000000625a       0x34 zephyr/drivers/serial/libdrivers__serial.a(uart_nrfx_uarte.c.obj)
 .text.uarte_nrfx_irq_tx_disable
                0x000000000000628e       0x10 zephyr/drivers/serial/libdrivers__serial.a(uart_nrfx_uarte.c.obj)
 .text.uarte_nrfx_irq_tx_ready_complete
                0x000000000000629e       0x1e zephyr/drivers/serial/libdrivers__serial.a(uart_nrfx_uarte.c.obj)
 .text.uarte_nrfx_irq_rx_ready
                0x00000000000062bc       0x10 zephyr/drivers/serial/libdrivers__serial.a(uart_nrfx_uarte.c.obj)
 .text.uarte_nrfx_irq_rx_enable
                0x00000000000062cc        0xc zephyr/drivers/serial/libdrivers__serial.a(uart_nrfx_uarte.c.obj)
 .text.uarte_nrfx_irq_rx_disable
                0x00000000000062d8        0xc zephyr/drivers/serial/libdrivers__serial.a(uart_nrfx_uarte.c.obj)
 .text.uarte_nrfx_irq_err_enable
                0x00000000000062e4        0xe zephyr/drivers/serial/libdrivers__serial.a(uart_nrfx_uarte.c.obj)
 .text.uarte_nrfx_irq_err_disable
                0x00000000000062f2        0xe zephyr/drivers/serial/libdrivers__serial.a(uart_nrfx_uarte.c.obj)
 .text.uarte_nrfx_irq_is_pending
                0x0000000000006300       0x36 zephyr/drivers/serial/libdrivers__serial.a(uart_nrfx_uarte.c.obj)
 .text.uarte_nrfx_irq_update
                0x0000000000006336        0x4 zephyr/drivers/serial/libdrivers__serial.a(uart_nrfx_uarte.c.obj)
 .text.uarte_nrfx_irq_callback_set
                0x000000000000633a        0xc zephyr/drivers/serial/libdrivers__serial.a(uart_nrfx_uarte.c.obj)
 .text.is_tx_ready.isra.0
                0x0000000000006346       0x20 zephyr/drivers/serial/libdrivers__serial.a(uart_nrfx_uarte.c.obj)
 .text.uarte_nrfx_isr_int
                0x0000000000006366       0x88 zephyr/drivers/serial/libdrivers__serial.a(uart_nrfx_uarte.c.obj)
 .text.pinctrl_apply_state.isra.0
                0x00000000000063ee       0x1e zephyr/drivers/serial/libdrivers__serial.a(uart_nrfx_uarte.c.obj)
 .text.uarte_1_init
                0x000000000000640c       0x1e zephyr/drivers/serial/libdrivers__serial.a(uart_nrfx_uarte.c.obj)
 .text.uarte_0_init
                0x000000000000642a       0x1e zephyr/drivers/serial/libdrivers__serial.a(uart_nrfx_uarte.c.obj)
 .text.uarte_nrfx_fifo_fill
                0x0000000000006448       0x8a zephyr/drivers/serial/libdrivers__serial.a(uart_nrfx_uarte.c.obj)
 .text.event_clear
                0x00000000000064d2       0x18 zephyr/drivers/timer/libdrivers__timer.a(nrf_rtc_timer.c.obj)
 .text.sys_clock_cycle_get_32
                0x00000000000064ea        0x8 zephyr/drivers/timer/libdrivers__timer.a(nrf_rtc_timer.c.obj)
                0x00000000000064ea                sys_clock_cycle_get_32
 .text.nrf91_errata_6
                0x00000000000064f2       0x1e modules/hal_nordic/nrfx/libmodules__hal_nordic__nrfx.a(system_nrf91.c.obj)
 .text.nrf91_errata_14
                0x0000000000006510       0x24 modules/hal_nordic/nrfx/libmodules__hal_nordic__nrfx.a(system_nrf91.c.obj)
 .text.nrfx_isr
                0x0000000000006534        0x2 modules/hal_nordic/nrfx/libmodules__hal_nordic__nrfx.a(nrfx_glue.c.obj)
                0x0000000000006534                nrfx_isr
 .text.nrfx_busy_wait
                0x0000000000006536        0x4 modules/hal_nordic/nrfx/libmodules__hal_nordic__nrfx.a(nrfx_glue.c.obj)
                0x0000000000006536                nrfx_busy_wait
 .text.nrfx_gppi_channel_endpoints_setup
                0x000000000000653a        0xe modules/hal_nordic/nrfx/libmodules__hal_nordic__nrfx.a(nrfx_gppi_dppi.c.obj)
                0x000000000000653a                nrfx_gppi_channel_endpoints_setup
 .text.clock_stop
                0x0000000000006548       0xae modules/hal_nordic/nrfx/libmodules__hal_nordic__nrfx.a(nrfx_clock.c.obj)
 .text.nrfx_clock_stop
                0x00000000000065f6        0x4 modules/hal_nordic/nrfx/libmodules__hal_nordic__nrfx.a(nrfx_clock.c.obj)
                0x00000000000065f6                nrfx_clock_stop
 .text.nrf_gpio_reconfigure
                0x00000000000065fa       0x92 modules/hal_nordic/nrfx/libmodules__hal_nordic__nrfx.a(nrfx_gpiote.c.obj)
 .text.nrf_gpio_cfg_sense_set
                0x000000000000668c       0x1e modules/hal_nordic/nrfx/libmodules__hal_nordic__nrfx.a(nrfx_gpiote.c.obj)
 .text.nrfx_gpiote_pin_uninit
                0x00000000000066aa        0x4 modules/hal_nordic/nrfx/libmodules__hal_nordic__nrfx.a(nrfx_gpiote.c.obj)
                0x00000000000066aa                nrfx_gpiote_pin_uninit
 .text.nrfx_gpiote_trigger_disable
                0x00000000000066ae        0x4 modules/hal_nordic/nrfx/libmodules__hal_nordic__nrfx.a(nrfx_gpiote.c.obj)
                0x00000000000066ae                nrfx_gpiote_trigger_disable
 .text.z_impl_k_busy_wait
                0x00000000000066b2        0x8 zephyr/kernel/libkernel.a(busy_wait.c.obj)
                0x00000000000066b2                z_impl_k_busy_wait
 .text.z_device_state_init
                0x00000000000066ba        0x2 zephyr/kernel/libkernel.a(device.c.obj)
                0x00000000000066ba                z_device_state_init
 .text.z_impl_device_is_ready
                0x00000000000066bc       0x16 zephyr/kernel/libkernel.a(device.c.obj)
                0x00000000000066bc                z_impl_device_is_ready
 .text.arch_system_halt
                0x00000000000066d2       0x10 zephyr/kernel/libkernel.a(fatal.c.obj)
                0x00000000000066d2                arch_system_halt
 .text.do_device_init
                0x00000000000066e2       0x2e zephyr/kernel/libkernel.a(init.c.obj)
 .text.z_early_memset
                0x0000000000006710        0x4 zephyr/kernel/libkernel.a(init.c.obj)
                0x0000000000006710                z_early_memset
 .text.z_early_memcpy
                0x0000000000006714        0x4 zephyr/kernel/libkernel.a(init.c.obj)
                0x0000000000006714                z_early_memcpy
 .text.idle     0x0000000000006718       0x16 zephyr/kernel/libkernel.a(idle.c.obj)
                0x0000000000006718                idle
 .text.z_impl_k_sem_init
                0x000000000000672e       0x18 zephyr/kernel/libkernel.a(sem.c.obj)
                0x000000000000672e                z_impl_k_sem_init
 .text.k_is_in_isr
                0x0000000000006746        0xc zephyr/kernel/libkernel.a(thread.c.obj)
                0x0000000000006746                k_is_in_isr
 .text.z_impl_k_thread_name_set
                0x0000000000006752        0x6 zephyr/kernel/libkernel.a(thread.c.obj)
                0x0000000000006752                z_impl_k_thread_name_set
 .text.k_thread_name_get
                0x0000000000006758        0x4 zephyr/kernel/libkernel.a(thread.c.obj)
                0x0000000000006758                k_thread_name_get
 .text.sys_dlist_remove
                0x000000000000675c       0x10 zephyr/kernel/libkernel.a(sched.c.obj)
 .text.unpend_thread_no_timeout
                0x000000000000676c       0x14 zephyr/kernel/libkernel.a(sched.c.obj)
 .text.add_to_waitq_locked
                0x0000000000006780       0x50 zephyr/kernel/libkernel.a(sched.c.obj)
 .text.z_ready_thread
                0x00000000000067d0       0x1e zephyr/kernel/libkernel.a(sched.c.obj)
                0x00000000000067d0                z_ready_thread
 .text.z_unpend_thread_no_timeout
                0x00000000000067ee       0x22 zephyr/kernel/libkernel.a(sched.c.obj)
                0x00000000000067ee                z_unpend_thread_no_timeout
 .text.z_sched_wake_thread
                0x0000000000006810       0x3a zephyr/kernel/libkernel.a(sched.c.obj)
                0x0000000000006810                z_sched_wake_thread
 .text.z_thread_timeout
                0x000000000000684a        0x8 zephyr/kernel/libkernel.a(sched.c.obj)
                0x000000000000684a                z_thread_timeout
 .text.z_unpend1_no_timeout
                0x0000000000006852       0x2c zephyr/kernel/libkernel.a(sched.c.obj)
                0x0000000000006852                z_unpend1_no_timeout
 .text.z_impl_k_sleep
                0x000000000000687e       0x4e zephyr/kernel/libkernel.a(sched.c.obj)
                0x000000000000687e                z_impl_k_sleep
 .text.next_timeout
                0x00000000000068cc       0x2e zephyr/kernel/libkernel.a(timeout.c.obj)
 .text.z_abort_timeout
                0x00000000000068fa       0x50 zephyr/kernel/libkernel.a(timeout.c.obj)
                0x00000000000068fa                z_abort_timeout
 .text.sys_clock_tick_get_32
                0x000000000000694a        0x8 zephyr/kernel/libkernel.a(timeout.c.obj)
                0x000000000000694a                sys_clock_tick_get_32
 .text.z_impl_k_uptime_ticks
                0x0000000000006952        0x4 zephyr/kernel/libkernel.a(timeout.c.obj)
                0x0000000000006952                z_impl_k_uptime_ticks
 .text.k_timer_init
                0x0000000000006956       0x18 zephyr/kernel/libkernel.a(timer.c.obj)
                0x0000000000006956                k_timer_init
 .text.z_impl_k_timer_stop
                0x000000000000696e       0x38 zephyr/kernel/libkernel.a(timer.c.obj)
                0x000000000000696e                z_impl_k_timer_stop
 .text.memcpy   0x00000000000069a6       0x1a /opt/zephyr-sdk/arm-zephyr-eabi/bin/../lib/gcc/../../picolibc/arm-zephyr-eabi/lib/thumb/v8-m.main/nofp/libc.a(memcpy.c.o)
                0x00000000000069a6                memcpy
                0x00000000000069a6                __aeabi_memcpy
                0x00000000000069a6                __aeabi_memcpy4
                0x00000000000069a6                __aeabi_memcpy8
 .text.memset   0x00000000000069c0       0x10 /opt/zephyr-sdk/arm-zephyr-eabi/bin/../lib/gcc/../../picolibc/arm-zephyr-eabi/lib/thumb/v8-m.main/nofp/libc.a(memset.c.o)
                0x00000000000069c0                memset
 .text.strnlen  0x00000000000069d0       0x18 /opt/zephyr-sdk/arm-zephyr-eabi/bin/../lib/gcc/../../picolibc/arm-zephyr-eabi/lib/thumb/v8-m.main/nofp/libc.a(libc_string_strnlen.c.o)
                0x00000000000069d0                strnlen
 .text.__ultoa_invert
                0x00000000000069e8       0xac /opt/zephyr-sdk/arm-zephyr-eabi/bin/../lib/gcc/../../picolibc/arm-zephyr-eabi/lib/thumb/v8-m.main/nofp/libc.a(libc_tinystdio_vflprintf.c.o)
 .text.__file_str_put
                0x0000000000006a94       0x10 /opt/zephyr-sdk/arm-zephyr-eabi/bin/../lib/gcc/../../picolibc/arm-zephyr-eabi/lib/thumb/v8-m.main/nofp/libc.a(libc_tinystdio_filestrput.c.o)
                0x0000000000006a94                __file_str_put
 *(SORT_BY_ALIGNMENT(.TEXT.*))
 .TEXT.__aeabi_read_tp
                0x0000000000006aa4        0xc zephyr/arch/arch/arm/core/cortex_m/libarch__arm__core__cortex_m.a(__aeabi_read_tp.S.obj)
                0x0000000000006aa4                __aeabi_read_tp
 *(SORT_BY_ALIGNMENT(.gnu.linkonce.t.*))
 *(SORT_BY_ALIGNMENT(.glue_7t))
 .glue_7t       0x0000000000006ab0        0x0 linker stubs
 *(SORT_BY_ALIGNMENT(.glue_7))
 .glue_7        0x0000000000006ab0        0x0 linker stubs
 *(SORT_BY_ALIGNMENT(.vfp11_veneer))
 .vfp11_veneer  0x0000000000006ab0        0x0 linker stubs
 *(SORT_BY_ALIGNMENT(.v4_bx))
 .v4_bx         0x0000000000006ab0        0x0 linker stubs
                0x0000000000006ab0                . = ALIGN (0x4)
                0x0000000000006ab0                __text_region_end = .

.ARM.exidx      0x0000000000006ab0        0x8
                0x0000000000006ab0                __exidx_start = .
 *(SORT_BY_ALIGNMENT(.ARM.exidx*) SORT_BY_ALIGNMENT(gnu.linkonce.armexidx.*))
 .ARM.exidx     0x0000000000006ab0        0x8 /opt/zephyr-sdk/arm-zephyr-eabi/bin/../lib/gcc/../../picolibc/arm-zephyr-eabi/lib/thumb/v8-m.main/nofp/libc.a(strlen.S.o)
                0x0000000000006ab8                __exidx_end = .
                0x0000000000006ab8                __rodata_region_start = .

initlevel       0x0000000000006ab8       0x48
                0x0000000000006ab8                __init_start = .
                0x0000000000006ab8                __init_EARLY_start = .
 *(SORT_BY_NAME(SORT_BY_ALIGNMENT(.z_init_EARLY_P_?_*)))
 *(SORT_BY_NAME(SORT_BY_ALIGNMENT(.z_init_EARLY_P_??_*)))
 *(SORT_BY_NAME(SORT_BY_ALIGNMENT(.z_init_EARLY_P_???_*)))
                0x0000000000006ab8                __init_PRE_KERNEL_1_start = .
 *(SORT_BY_NAME(SORT_BY_ALIGNMENT(.z_init_PRE_KERNEL_1_P_?_*)))
 .z_init_PRE_KERNEL_1_P_0_SUB_0_
                0x0000000000006ab8        0x8 zephyr/soc/soc/nrf9161/libsoc__nordic.a(soc.c.obj)
 *(SORT_BY_NAME(SORT_BY_ALIGNMENT(.z_init_PRE_KERNEL_1_P_??_*)))
 .z_init_PRE_KERNEL_1_P_30_SUB_00067_
                0x0000000000006ac0        0x8 zephyr/drivers/clock_control/libdrivers__clock_control.a(clock_control_nrf.c.obj)
 .z_init_PRE_KERNEL_1_P_40_SUB_00010_
                0x0000000000006ac8        0x8 zephyr/drivers/gpio/libdrivers__gpio.a(gpio_nrfx.c.obj)
 .z_init_PRE_KERNEL_1_P_50_SUB_00093_
                0x0000000000006ad0        0x8 zephyr/drivers/serial/libdrivers__serial.a(uart_nrfx_uarte.c.obj)
 .z_init_PRE_KERNEL_1_P_50_SUB_00094_
                0x0000000000006ad8        0x8 zephyr/drivers/serial/libdrivers__serial.a(uart_nrfx_uarte.c.obj)
 .z_init_PRE_KERNEL_1_P_60_SUB_0_
                0x0000000000006ae0        0x8 zephyr/drivers/console/libdrivers__console.a(uart_console.c.obj)
 *(SORT_BY_NAME(SORT_BY_ALIGNMENT(.z_init_PRE_KERNEL_1_P_???_*)))
                0x0000000000006ae8                __init_PRE_KERNEL_2_start = .
 *(SORT_BY_NAME(SORT_BY_ALIGNMENT(.z_init_PRE_KERNEL_2_P_?_*)))
 .z_init_PRE_KERNEL_2_P_0_SUB_0_
                0x0000000000006ae8        0x8 zephyr/drivers/timer/libdrivers__timer.a(nrf_rtc_timer.c.obj)
 *(SORT_BY_NAME(SORT_BY_ALIGNMENT(.z_init_PRE_KERNEL_2_P_??_*)))
 *(SORT_BY_NAME(SORT_BY_ALIGNMENT(.z_init_PRE_KERNEL_2_P_???_*)))
                0x0000000000006af0                __init_POST_KERNEL_start = .
 *(SORT_BY_NAME(SORT_BY_ALIGNMENT(.z_init_POST_KERNEL_P_?_*)))
 .z_init_POST_KERNEL_P_0_SUB_0_
                0x0000000000006af0        0x8 zephyr/libzephyr.a(log_core.c.obj)
 *(SORT_BY_NAME(SORT_BY_ALIGNMENT(.z_init_POST_KERNEL_P_??_*)))
 .z_init_POST_KERNEL_P_35_SUB_0_
                0x0000000000006af8        0x8 zephyr/lib/libc/common/liblib__libc__common.a(malloc.c.obj)
 *(SORT_BY_NAME(SORT_BY_ALIGNMENT(.z_init_POST_KERNEL_P_???_*)))
                0x0000000000006b00                __init_APPLICATION_start = .
 *(SORT_BY_NAME(SORT_BY_ALIGNMENT(.z_init_APPLICATION_P_?_*)))
 *(SORT_BY_NAME(SORT_BY_ALIGNMENT(.z_init_APPLICATION_P_??_*)))
 *(SORT_BY_NAME(SORT_BY_ALIGNMENT(.z_init_APPLICATION_P_???_*)))
                0x0000000000006b00                __init_SMP_start = .
 *(SORT_BY_NAME(SORT_BY_ALIGNMENT(.z_init_SMP_P_?_*)))
 *(SORT_BY_NAME(SORT_BY_ALIGNMENT(.z_init_SMP_P_??_*)))
 *(SORT_BY_NAME(SORT_BY_ALIGNMENT(.z_init_SMP_P_???_*)))
                0x0000000000006b00                __init_end = .

device_area     0x0000000000006b00       0x80
                0x0000000000006b00                _device_list_start = .
 *(SORT_BY_NAME(SORT_BY_ALIGNMENT(._device.static.*_?_*)))
 *(SORT_BY_NAME(SORT_BY_ALIGNMENT(._device.static.*_??_*)))
 ._device.static.1_30_
                0x0000000000006b00       0x20 zephyr/drivers/clock_control/libdrivers__clock_control.a(clock_control_nrf.c.obj)
                0x0000000000006b00                __device_dts_ord_67
 ._device.static.1_40_
                0x0000000000006b20       0x20 zephyr/drivers/gpio/libdrivers__gpio.a(gpio_nrfx.c.obj)
                0x0000000000006b20                __device_dts_ord_10
 ._device.static.1_50_
                0x0000000000006b40       0x40 zephyr/drivers/serial/libdrivers__serial.a(uart_nrfx_uarte.c.obj)
                0x0000000000006b40                __device_dts_ord_94
                0x0000000000006b60                __device_dts_ord_93
 *(SORT_BY_NAME(SORT_BY_ALIGNMENT(._device.static.*_???_*)))
 *(SORT_BY_NAME(SORT_BY_ALIGNMENT(._device.static.*_????_*)))
 *(SORT_BY_NAME(SORT_BY_ALIGNMENT(._device.static.*_?????_*)))
                0x0000000000006b80                _device_list_end = .

sw_isr_table    0x0000000000006b80      0x208
                0x0000000000006b80                . = ALIGN (0x4)
 *(SORT_BY_ALIGNMENT(.gnu.linkonce.sw_isr_table*))
 .gnu.linkonce.sw_isr_table
                0x0000000000006b80      0x208 zephyr/arch/common/libisr_tables.a(isr_tables.c.obj)
                0x0000000000006b80                _sw_isr_table

initlevel_error
                0x0000000000006ab8        0x0
 *(SORT_BY_NAME(SORT_BY_ALIGNMENT(.z_init_*)))
                0x0000000000000001                ASSERT ((SIZEOF (initlevel_error) == 0x0), Undefined initialization levels used.)

app_shmem_regions
                0x0000000000006d88        0x0
                0x0000000000006d88                __app_shmem_regions_start = .
 *(SORT_BY_NAME(SORT_BY_ALIGNMENT(.app_regions.*)))
                0x0000000000006d88                __app_shmem_regions_end = .

k_p4wq_initparam_area
                0x0000000000006d88        0x0
                0x0000000000006d88                _k_p4wq_initparam_list_start = .
 *(SORT_BY_NAME(SORT_BY_ALIGNMENT(._k_p4wq_initparam.static.*)))
                0x0000000000006d88                _k_p4wq_initparam_list_end = .

_static_thread_data_area
                0x0000000000006d88        0x0
                0x0000000000006d88                __static_thread_data_list_start = .
 *(SORT_BY_NAME(SORT_BY_ALIGNMENT(.__static_thread_data.static.*)))
                0x0000000000006d88                __static_thread_data_list_end = .

device_deps     0x0000000000006d88        0x0
                0x0000000000006d88                __device_deps_start = .
 *(SORT_BY_NAME(SORT_BY_ALIGNMENT(.__device_deps_pass2*)))
                0x0000000000006d88                __device_deps_end = .

gpio_driver_api_area
                0x0000000000006d88       0x24
                0x0000000000006d88                _gpio_driver_api_list_start = .
 *(SORT_BY_NAME(SORT_BY_ALIGNMENT(._gpio_driver_api.static.*)))
 ._gpio_driver_api.static.gpio_nrfx_drv_api_funcs_
                0x0000000000006d88       0x24 zephyr/drivers/gpio/libdrivers__gpio.a(gpio_nrfx.c.obj)
                0x0000000000006dac                _gpio_driver_api_list_end = .

shared_irq_driver_api_area
                0x0000000000006dac        0x0
                0x0000000000006dac                _shared_irq_driver_api_list_start = .
 *(SORT_BY_NAME(SORT_BY_ALIGNMENT(._shared_irq_driver_api.static.*)))
                0x0000000000006dac                _shared_irq_driver_api_list_end = .

crypto_driver_api_area
                0x0000000000006dac        0x0
                0x0000000000006dac                _crypto_driver_api_list_start = .
 *(SORT_BY_NAME(SORT_BY_ALIGNMENT(._crypto_driver_api.static.*)))
                0x0000000000006dac                _crypto_driver_api_list_end = .

adc_driver_api_area
                0x0000000000006dac        0x0
                0x0000000000006dac                _adc_driver_api_list_start = .
 *(SORT_BY_NAME(SORT_BY_ALIGNMENT(._adc_driver_api.static.*)))
                0x0000000000006dac                _adc_driver_api_list_end = .

auxdisplay_driver_api_area
                0x0000000000006dac        0x0
                0x0000000000006dac                _auxdisplay_driver_api_list_start = .
 *(SORT_BY_NAME(SORT_BY_ALIGNMENT(._auxdisplay_driver_api.static.*)))
                0x0000000000006dac                _auxdisplay_driver_api_list_end = .

bbram_driver_api_area
                0x0000000000006dac        0x0
                0x0000000000006dac                _bbram_driver_api_list_start = .
 *(SORT_BY_NAME(SORT_BY_ALIGNMENT(._bbram_driver_api.static.*)))
                0x0000000000006dac                _bbram_driver_api_list_end = .

bt_hci_driver_api_area
                0x0000000000006dac        0x0
                0x0000000000006dac                _bt_hci_driver_api_list_start = .
 *(SORT_BY_NAME(SORT_BY_ALIGNMENT(._bt_hci_driver_api.static.*)))
                0x0000000000006dac                _bt_hci_driver_api_list_end = .

can_driver_api_area
                0x0000000000006dac        0x0
                0x0000000000006dac                _can_driver_api_list_start = .
 *(SORT_BY_NAME(SORT_BY_ALIGNMENT(._can_driver_api.static.*)))
                0x0000000000006dac                _can_driver_api_list_end = .

cellular_driver_api_area
                0x0000000000006dac        0x0
                0x0000000000006dac                _cellular_driver_api_list_start = .
 *(SORT_BY_NAME(SORT_BY_ALIGNMENT(._cellular_driver_api.static.*)))
                0x0000000000006dac                _cellular_driver_api_list_end = .

charger_driver_api_area
                0x0000000000006dac        0x0
                0x0000000000006dac                _charger_driver_api_list_start = .
 *(SORT_BY_NAME(SORT_BY_ALIGNMENT(._charger_driver_api.static.*)))
                0x0000000000006dac                _charger_driver_api_list_end = .

clock_control_driver_api_area
                0x0000000000006dac       0x1c
                0x0000000000006dac                _clock_control_driver_api_list_start = .
 *(SORT_BY_NAME(SORT_BY_ALIGNMENT(._clock_control_driver_api.static.*)))
 ._clock_control_driver_api.static.clock_control_api_
                0x0000000000006dac       0x1c zephyr/drivers/clock_control/libdrivers__clock_control.a(clock_control_nrf.c.obj)
                0x0000000000006dc8                _clock_control_driver_api_list_end = .

comparator_driver_api_area
                0x0000000000006dc8        0x0
                0x0000000000006dc8                _comparator_driver_api_list_start = .
 *(SORT_BY_NAME(SORT_BY_ALIGNMENT(._comparator_driver_api.static.*)))
                0x0000000000006dc8                _comparator_driver_api_list_end = .

coredump_driver_api_area
                0x0000000000006dc8        0x0
                0x0000000000006dc8                _coredump_driver_api_list_start = .
 *(SORT_BY_NAME(SORT_BY_ALIGNMENT(._coredump_driver_api.static.*)))
                0x0000000000006dc8                _coredump_driver_api_list_end = .

counter_driver_api_area
                0x0000000000006dc8        0x0
                0x0000000000006dc8                _counter_driver_api_list_start = .
 *(SORT_BY_NAME(SORT_BY_ALIGNMENT(._counter_driver_api.static.*)))
                0x0000000000006dc8                _counter_driver_api_list_end = .

dac_driver_api_area
                0x0000000000006dc8        0x0
                0x0000000000006dc8                _dac_driver_api_list_start = .
 *(SORT_BY_NAME(SORT_BY_ALIGNMENT(._dac_driver_api.static.*)))
                0x0000000000006dc8                _dac_driver_api_list_end = .

dai_driver_api_area
                0x0000000000006dc8        0x0
                0x0000000000006dc8                _dai_driver_api_list_start = .
 *(SORT_BY_NAME(SORT_BY_ALIGNMENT(._dai_driver_api.static.*)))
                0x0000000000006dc8                _dai_driver_api_list_end = .

display_driver_api_area
                0x0000000000006dc8        0x0
                0x0000000000006dc8                _display_driver_api_list_start = .
 *(SORT_BY_NAME(SORT_BY_ALIGNMENT(._display_driver_api.static.*)))
                0x0000000000006dc8                _display_driver_api_list_end = .

dma_driver_api_area
                0x0000000000006dc8        0x0
                0x0000000000006dc8                _dma_driver_api_list_start = .
 *(SORT_BY_NAME(SORT_BY_ALIGNMENT(._dma_driver_api.static.*)))
                0x0000000000006dc8                _dma_driver_api_list_end = .

edac_driver_api_area
                0x0000000000006dc8        0x0
                0x0000000000006dc8                _edac_driver_api_list_start = .
 *(SORT_BY_NAME(SORT_BY_ALIGNMENT(._edac_driver_api.static.*)))
                0x0000000000006dc8                _edac_driver_api_list_end = .

eeprom_driver_api_area
                0x0000000000006dc8        0x0
                0x0000000000006dc8                _eeprom_driver_api_list_start = .
 *(SORT_BY_NAME(SORT_BY_ALIGNMENT(._eeprom_driver_api.static.*)))
                0x0000000000006dc8                _eeprom_driver_api_list_end = .

emul_bbram_driver_api_area
                0x0000000000006dc8        0x0
                0x0000000000006dc8                _emul_bbram_driver_api_list_start = .
 *(SORT_BY_NAME(SORT_BY_ALIGNMENT(._emul_bbram_driver_api.static.*)))
                0x0000000000006dc8                _emul_bbram_driver_api_list_end = .

fuel_gauge_emul_driver_api_area
                0x0000000000006dc8        0x0
                0x0000000000006dc8                _fuel_gauge_emul_driver_api_list_start = .
 *(SORT_BY_NAME(SORT_BY_ALIGNMENT(._fuel_gauge_emul_driver_api.static.*)))
                0x0000000000006dc8                _fuel_gauge_emul_driver_api_list_end = .

emul_sensor_driver_api_area
                0x0000000000006dc8        0x0
                0x0000000000006dc8                _emul_sensor_driver_api_list_start = .
 *(SORT_BY_NAME(SORT_BY_ALIGNMENT(._emul_sensor_driver_api.static.*)))
                0x0000000000006dc8                _emul_sensor_driver_api_list_end = .

entropy_driver_api_area
                0x0000000000006dc8        0x0
                0x0000000000006dc8                _entropy_driver_api_list_start = .
 *(SORT_BY_NAME(SORT_BY_ALIGNMENT(._entropy_driver_api.static.*)))
                0x0000000000006dc8                _entropy_driver_api_list_end = .

espi_driver_api_area
                0x0000000000006dc8        0x0
                0x0000000000006dc8                _espi_driver_api_list_start = .
 *(SORT_BY_NAME(SORT_BY_ALIGNMENT(._espi_driver_api.static.*)))
                0x0000000000006dc8                _espi_driver_api_list_end = .

espi_saf_driver_api_area
                0x0000000000006dc8        0x0
                0x0000000000006dc8                _espi_saf_driver_api_list_start = .
 *(SORT_BY_NAME(SORT_BY_ALIGNMENT(._espi_saf_driver_api.static.*)))
                0x0000000000006dc8                _espi_saf_driver_api_list_end = .

flash_driver_api_area
                0x0000000000006dc8        0x0
                0x0000000000006dc8                _flash_driver_api_list_start = .
 *(SORT_BY_NAME(SORT_BY_ALIGNMENT(._flash_driver_api.static.*)))
                0x0000000000006dc8                _flash_driver_api_list_end = .

fpga_driver_api_area
                0x0000000000006dc8        0x0
                0x0000000000006dc8                _fpga_driver_api_list_start = .
 *(SORT_BY_NAME(SORT_BY_ALIGNMENT(._fpga_driver_api.static.*)))
                0x0000000000006dc8                _fpga_driver_api_list_end = .

fuel_gauge_driver_api_area
                0x0000000000006dc8        0x0
                0x0000000000006dc8                _fuel_gauge_driver_api_list_start = .
 *(SORT_BY_NAME(SORT_BY_ALIGNMENT(._fuel_gauge_driver_api.static.*)))
                0x0000000000006dc8                _fuel_gauge_driver_api_list_end = .

gnss_driver_api_area
                0x0000000000006dc8        0x0
                0x0000000000006dc8                _gnss_driver_api_list_start = .
 *(SORT_BY_NAME(SORT_BY_ALIGNMENT(._gnss_driver_api.static.*)))
                0x0000000000006dc8                _gnss_driver_api_list_end = .

haptics_driver_api_area
                0x0000000000006dc8        0x0
                0x0000000000006dc8                _haptics_driver_api_list_start = .
 *(SORT_BY_NAME(SORT_BY_ALIGNMENT(._haptics_driver_api.static.*)))
                0x0000000000006dc8                _haptics_driver_api_list_end = .

hwspinlock_driver_api_area
                0x0000000000006dc8        0x0
                0x0000000000006dc8                _hwspinlock_driver_api_list_start = .
 *(SORT_BY_NAME(SORT_BY_ALIGNMENT(._hwspinlock_driver_api.static.*)))
                0x0000000000006dc8                _hwspinlock_driver_api_list_end = .

i2c_driver_api_area
                0x0000000000006dc8        0x0
                0x0000000000006dc8                _i2c_driver_api_list_start = .
 *(SORT_BY_NAME(SORT_BY_ALIGNMENT(._i2c_driver_api.static.*)))
                0x0000000000006dc8                _i2c_driver_api_list_end = .

i2c_target_driver_api_area
                0x0000000000006dc8        0x0
                0x0000000000006dc8                _i2c_target_driver_api_list_start = .
 *(SORT_BY_NAME(SORT_BY_ALIGNMENT(._i2c_target_driver_api.static.*)))
                0x0000000000006dc8                _i2c_target_driver_api_list_end = .

i2s_driver_api_area
                0x0000000000006dc8        0x0
                0x0000000000006dc8                _i2s_driver_api_list_start = .
 *(SORT_BY_NAME(SORT_BY_ALIGNMENT(._i2s_driver_api.static.*)))
                0x0000000000006dc8                _i2s_driver_api_list_end = .

i3c_driver_api_area
                0x0000000000006dc8        0x0
                0x0000000000006dc8                _i3c_driver_api_list_start = .
 *(SORT_BY_NAME(SORT_BY_ALIGNMENT(._i3c_driver_api.static.*)))
                0x0000000000006dc8                _i3c_driver_api_list_end = .

ipm_driver_api_area
                0x0000000000006dc8        0x0
                0x0000000000006dc8                _ipm_driver_api_list_start = .
 *(SORT_BY_NAME(SORT_BY_ALIGNMENT(._ipm_driver_api.static.*)))
                0x0000000000006dc8                _ipm_driver_api_list_end = .

led_driver_api_area
                0x0000000000006dc8        0x0
                0x0000000000006dc8                _led_driver_api_list_start = .
 *(SORT_BY_NAME(SORT_BY_ALIGNMENT(._led_driver_api.static.*)))
                0x0000000000006dc8                _led_driver_api_list_end = .

led_strip_driver_api_area
                0x0000000000006dc8        0x0
                0x0000000000006dc8                _led_strip_driver_api_list_start = .
 *(SORT_BY_NAME(SORT_BY_ALIGNMENT(._led_strip_driver_api.static.*)))
                0x0000000000006dc8                _led_strip_driver_api_list_end = .

lora_driver_api_area
                0x0000000000006dc8        0x0
                0x0000000000006dc8                _lora_driver_api_list_start = .
 *(SORT_BY_NAME(SORT_BY_ALIGNMENT(._lora_driver_api.static.*)))
                0x0000000000006dc8                _lora_driver_api_list_end = .

mbox_driver_api_area
                0x0000000000006dc8        0x0
                0x0000000000006dc8                _mbox_driver_api_list_start = .
 *(SORT_BY_NAME(SORT_BY_ALIGNMENT(._mbox_driver_api.static.*)))
                0x0000000000006dc8                _mbox_driver_api_list_end = .

mdio_driver_api_area
                0x0000000000006dc8        0x0
                0x0000000000006dc8                _mdio_driver_api_list_start = .
 *(SORT_BY_NAME(SORT_BY_ALIGNMENT(._mdio_driver_api.static.*)))
                0x0000000000006dc8                _mdio_driver_api_list_end = .

mipi_dbi_driver_api_area
                0x0000000000006dc8        0x0
                0x0000000000006dc8                _mipi_dbi_driver_api_list_start = .
 *(SORT_BY_NAME(SORT_BY_ALIGNMENT(._mipi_dbi_driver_api.static.*)))
                0x0000000000006dc8                _mipi_dbi_driver_api_list_end = .

mipi_dsi_driver_api_area
                0x0000000000006dc8        0x0
                0x0000000000006dc8                _mipi_dsi_driver_api_list_start = .
 *(SORT_BY_NAME(SORT_BY_ALIGNMENT(._mipi_dsi_driver_api.static.*)))
                0x0000000000006dc8                _mipi_dsi_driver_api_list_end = .

mspi_driver_api_area
                0x0000000000006dc8        0x0
                0x0000000000006dc8                _mspi_driver_api_list_start = .
 *(SORT_BY_NAME(SORT_BY_ALIGNMENT(._mspi_driver_api.static.*)))
                0x0000000000006dc8                _mspi_driver_api_list_end = .

peci_driver_api_area
                0x0000000000006dc8        0x0
                0x0000000000006dc8                _peci_driver_api_list_start = .
 *(SORT_BY_NAME(SORT_BY_ALIGNMENT(._peci_driver_api.static.*)))
                0x0000000000006dc8                _peci_driver_api_list_end = .

ps2_driver_api_area
                0x0000000000006dc8        0x0
                0x0000000000006dc8                _ps2_driver_api_list_start = .
 *(SORT_BY_NAME(SORT_BY_ALIGNMENT(._ps2_driver_api.static.*)))
                0x0000000000006dc8                _ps2_driver_api_list_end = .

ptp_clock_driver_api_area
                0x0000000000006dc8        0x0
                0x0000000000006dc8                _ptp_clock_driver_api_list_start = .
 *(SORT_BY_NAME(SORT_BY_ALIGNMENT(._ptp_clock_driver_api.static.*)))
                0x0000000000006dc8                _ptp_clock_driver_api_list_end = .

pwm_driver_api_area
                0x0000000000006dc8        0x0
                0x0000000000006dc8                _pwm_driver_api_list_start = .
 *(SORT_BY_NAME(SORT_BY_ALIGNMENT(._pwm_driver_api.static.*)))
                0x0000000000006dc8                _pwm_driver_api_list_end = .

regulator_parent_driver_api_area
                0x0000000000006dc8        0x0
                0x0000000000006dc8                _regulator_parent_driver_api_list_start = .
 *(SORT_BY_NAME(SORT_BY_ALIGNMENT(._regulator_parent_driver_api.static.*)))
                0x0000000000006dc8                _regulator_parent_driver_api_list_end = .

regulator_driver_api_area
                0x0000000000006dc8        0x0
                0x0000000000006dc8                _regulator_driver_api_list_start = .
 *(SORT_BY_NAME(SORT_BY_ALIGNMENT(._regulator_driver_api.static.*)))
                0x0000000000006dc8                _regulator_driver_api_list_end = .

reset_driver_api_area
                0x0000000000006dc8        0x0
                0x0000000000006dc8                _reset_driver_api_list_start = .
 *(SORT_BY_NAME(SORT_BY_ALIGNMENT(._reset_driver_api.static.*)))
                0x0000000000006dc8                _reset_driver_api_list_end = .

retained_mem_driver_api_area
                0x0000000000006dc8        0x0
                0x0000000000006dc8                _retained_mem_driver_api_list_start = .
 *(SORT_BY_NAME(SORT_BY_ALIGNMENT(._retained_mem_driver_api.static.*)))
                0x0000000000006dc8                _retained_mem_driver_api_list_end = .

rtc_driver_api_area
                0x0000000000006dc8        0x0
                0x0000000000006dc8                _rtc_driver_api_list_start = .
 *(SORT_BY_NAME(SORT_BY_ALIGNMENT(._rtc_driver_api.static.*)))
                0x0000000000006dc8                _rtc_driver_api_list_end = .

sdhc_driver_api_area
                0x0000000000006dc8        0x0
                0x0000000000006dc8                _sdhc_driver_api_list_start = .
 *(SORT_BY_NAME(SORT_BY_ALIGNMENT(._sdhc_driver_api.static.*)))
                0x0000000000006dc8                _sdhc_driver_api_list_end = .

sensor_driver_api_area
                0x0000000000006dc8        0x0
                0x0000000000006dc8                _sensor_driver_api_list_start = .
 *(SORT_BY_NAME(SORT_BY_ALIGNMENT(._sensor_driver_api.static.*)))
                0x0000000000006dc8                _sensor_driver_api_list_end = .

smbus_driver_api_area
                0x0000000000006dc8        0x0
                0x0000000000006dc8                _smbus_driver_api_list_start = .
 *(SORT_BY_NAME(SORT_BY_ALIGNMENT(._smbus_driver_api.static.*)))
                0x0000000000006dc8                _smbus_driver_api_list_end = .

spi_driver_api_area
                0x0000000000006dc8        0x0
                0x0000000000006dc8                _spi_driver_api_list_start = .
 *(SORT_BY_NAME(SORT_BY_ALIGNMENT(._spi_driver_api.static.*)))
                0x0000000000006dc8                _spi_driver_api_list_end = .

stepper_driver_api_area
                0x0000000000006dc8        0x0
                0x0000000000006dc8                _stepper_driver_api_list_start = .
 *(SORT_BY_NAME(SORT_BY_ALIGNMENT(._stepper_driver_api.static.*)))
                0x0000000000006dc8                _stepper_driver_api_list_end = .

syscon_driver_api_area
                0x0000000000006dc8        0x0
                0x0000000000006dc8                _syscon_driver_api_list_start = .
 *(SORT_BY_NAME(SORT_BY_ALIGNMENT(._syscon_driver_api.static.*)))
                0x0000000000006dc8                _syscon_driver_api_list_end = .

tee_driver_api_area
                0x0000000000006dc8        0x0
                0x0000000000006dc8                _tee_driver_api_list_start = .
 *(SORT_BY_NAME(SORT_BY_ALIGNMENT(._tee_driver_api.static.*)))
                0x0000000000006dc8                _tee_driver_api_list_end = .

video_driver_api_area
                0x0000000000006dc8        0x0
                0x0000000000006dc8                _video_driver_api_list_start = .
 *(SORT_BY_NAME(SORT_BY_ALIGNMENT(._video_driver_api.static.*)))
                0x0000000000006dc8                _video_driver_api_list_end = .

virtio_driver_api_area
                0x0000000000006dc8        0x0
                0x0000000000006dc8                _virtio_driver_api_list_start = .
 *(SORT_BY_NAME(SORT_BY_ALIGNMENT(._virtio_driver_api.static.*)))
                0x0000000000006dc8                _virtio_driver_api_list_end = .

w1_driver_api_area
                0x0000000000006dc8        0x0
                0x0000000000006dc8                _w1_driver_api_list_start = .
 *(SORT_BY_NAME(SORT_BY_ALIGNMENT(._w1_driver_api.static.*)))
                0x0000000000006dc8                _w1_driver_api_list_end = .

wdt_driver_api_area
                0x0000000000006dc8        0x0
                0x0000000000006dc8                _wdt_driver_api_list_start = .
 *(SORT_BY_NAME(SORT_BY_ALIGNMENT(._wdt_driver_api.static.*)))
                0x0000000000006dc8                _wdt_driver_api_list_end = .

can_transceiver_driver_api_area
                0x0000000000006dc8        0x0
                0x0000000000006dc8                _can_transceiver_driver_api_list_start = .
 *(SORT_BY_NAME(SORT_BY_ALIGNMENT(._can_transceiver_driver_api.static.*)))
                0x0000000000006dc8                _can_transceiver_driver_api_list_end = .

nrf_clock_control_driver_api_area
                0x0000000000006dc8        0x0
                0x0000000000006dc8                _nrf_clock_control_driver_api_list_start = .
 *(SORT_BY_NAME(SORT_BY_ALIGNMENT(._nrf_clock_control_driver_api.static.*)))
                0x0000000000006dc8                _nrf_clock_control_driver_api_list_end = .

i3c_target_driver_api_area
                0x0000000000006dc8        0x0
                0x0000000000006dc8                _i3c_target_driver_api_list_start = .
 *(SORT_BY_NAME(SORT_BY_ALIGNMENT(._i3c_target_driver_api.static.*)))
                0x0000000000006dc8                _i3c_target_driver_api_list_end = .

its_driver_api_area
                0x0000000000006dc8        0x0
                0x0000000000006dc8                _its_driver_api_list_start = .
 *(SORT_BY_NAME(SORT_BY_ALIGNMENT(._its_driver_api.static.*)))
                0x0000000000006dc8                _its_driver_api_list_end = .

vtd_driver_api_area
                0x0000000000006dc8        0x0
                0x0000000000006dc8                _vtd_driver_api_list_start = .
 *(SORT_BY_NAME(SORT_BY_ALIGNMENT(._vtd_driver_api.static.*)))
                0x0000000000006dc8                _vtd_driver_api_list_end = .

renesas_elc_driver_api_area
                0x0000000000006dc8        0x0
                0x0000000000006dc8                _renesas_elc_driver_api_list_start = .
 *(SORT_BY_NAME(SORT_BY_ALIGNMENT(._renesas_elc_driver_api.static.*)))
                0x0000000000006dc8                _renesas_elc_driver_api_list_end = .

tgpio_driver_api_area
                0x0000000000006dc8        0x0
                0x0000000000006dc8                _tgpio_driver_api_list_start = .
 *(SORT_BY_NAME(SORT_BY_ALIGNMENT(._tgpio_driver_api.static.*)))
                0x0000000000006dc8                _tgpio_driver_api_list_end = .

pcie_ctrl_driver_api_area
                0x0000000000006dc8        0x0
                0x0000000000006dc8                _pcie_ctrl_driver_api_list_start = .
 *(SORT_BY_NAME(SORT_BY_ALIGNMENT(._pcie_ctrl_driver_api.static.*)))
                0x0000000000006dc8                _pcie_ctrl_driver_api_list_end = .

pcie_ep_driver_api_area
                0x0000000000006dc8        0x0
                0x0000000000006dc8                _pcie_ep_driver_api_list_start = .
 *(SORT_BY_NAME(SORT_BY_ALIGNMENT(._pcie_ep_driver_api.static.*)))
                0x0000000000006dc8                _pcie_ep_driver_api_list_end = .

psi5_driver_api_area
                0x0000000000006dc8        0x0
                0x0000000000006dc8                _psi5_driver_api_list_start = .
 *(SORT_BY_NAME(SORT_BY_ALIGNMENT(._psi5_driver_api.static.*)))
                0x0000000000006dc8                _psi5_driver_api_list_end = .

sent_driver_api_area
                0x0000000000006dc8        0x0
                0x0000000000006dc8                _sent_driver_api_list_start = .
 *(SORT_BY_NAME(SORT_BY_ALIGNMENT(._sent_driver_api.static.*)))
                0x0000000000006dc8                _sent_driver_api_list_end = .

svc_driver_api_area
                0x0000000000006dc8        0x0
                0x0000000000006dc8                _svc_driver_api_list_start = .
 *(SORT_BY_NAME(SORT_BY_ALIGNMENT(._svc_driver_api.static.*)))
                0x0000000000006dc8                _svc_driver_api_list_end = .

uart_driver_api_area
                0x0000000000006dc8       0x44
                0x0000000000006dc8                _uart_driver_api_list_start = .
 *(SORT_BY_NAME(SORT_BY_ALIGNMENT(._uart_driver_api.static.*)))
 ._uart_driver_api.static.uart_nrfx_uarte_driver_api_
                0x0000000000006dc8       0x44 zephyr/drivers/serial/libdrivers__serial.a(uart_nrfx_uarte.c.obj)
                0x0000000000006e0c                _uart_driver_api_list_end = .

bc12_emul_driver_api_area
                0x0000000000006e0c        0x0
                0x0000000000006e0c                _bc12_emul_driver_api_list_start = .
 *(SORT_BY_NAME(SORT_BY_ALIGNMENT(._bc12_emul_driver_api.static.*)))
                0x0000000000006e0c                _bc12_emul_driver_api_list_end = .

bc12_driver_api_area
                0x0000000000006e0c        0x0
                0x0000000000006e0c                _bc12_driver_api_list_start = .
 *(SORT_BY_NAME(SORT_BY_ALIGNMENT(._bc12_driver_api.static.*)))
                0x0000000000006e0c                _bc12_driver_api_list_end = .

usbc_ppc_driver_api_area
                0x0000000000006e0c        0x0
                0x0000000000006e0c                _usbc_ppc_driver_api_list_start = .
 *(SORT_BY_NAME(SORT_BY_ALIGNMENT(._usbc_ppc_driver_api.static.*)))
                0x0000000000006e0c                _usbc_ppc_driver_api_list_end = .

tcpc_driver_api_area
                0x0000000000006e0c        0x0
                0x0000000000006e0c                _tcpc_driver_api_list_start = .
 *(SORT_BY_NAME(SORT_BY_ALIGNMENT(._tcpc_driver_api.static.*)))
                0x0000000000006e0c                _tcpc_driver_api_list_end = .

usbc_vbus_driver_api_area
                0x0000000000006e0c        0x0
                0x0000000000006e0c                _usbc_vbus_driver_api_list_start = .
 *(SORT_BY_NAME(SORT_BY_ALIGNMENT(._usbc_vbus_driver_api.static.*)))
                0x0000000000006e0c                _usbc_vbus_driver_api_list_end = .

ivshmem_driver_api_area
                0x0000000000006e0c        0x0
                0x0000000000006e0c                _ivshmem_driver_api_list_start = .
 *(SORT_BY_NAME(SORT_BY_ALIGNMENT(._ivshmem_driver_api.static.*)))
                0x0000000000006e0c                _ivshmem_driver_api_list_end = .

ethphy_driver_api_area
                0x0000000000006e0c        0x0
                0x0000000000006e0c                _ethphy_driver_api_list_start = .
 *(SORT_BY_NAME(SORT_BY_ALIGNMENT(._ethphy_driver_api.static.*)))