Archive member included to satisfy reference by file (symbol)

app/libapp.a(cta2045_pack.c.obj)
                              (--whole-archive)
app/libapp.a(cta2045_resp.c.obj)
                              (--whole-archive)
app/libapp.a(cta2045_uart.c.obj)
                              (--whole-archive)
app/libapp.a(main.c.obj)      (--whole-archive)
zephyr/libzephyr.a(validate_libc.c.obj)
                              (--whole-archive)
zephyr/libzephyr.a(heap.c.obj)
                              (--whole-archive)
zephyr/libzephyr.a(cbprintf_packaged.c.obj)
                              (--whole-archive)
zephyr/libzephyr.a(clock.c.obj)
                              (--whole-archive)
zephyr/libzephyr.a(printk.c.obj)
                              (--whole-archive)
zephyr/libzephyr.a(sem.c.obj)
                              (--whole-archive)
zephyr/libzephyr.a(thread_entry.c.obj)
                              (--whole-archive)
zephyr/libzephyr.a(cbprintf_complete.c.obj)
                              (--whole-archive)
zephyr/libzephyr.a(assert.c.obj)
                              (--whole-archive)
zephyr/libzephyr.a(mpsc_pbuf.c.obj)
                              (--whole-archive)
zephyr/libzephyr.a(dec.c.obj)
                              (--whole-archive)
zephyr/libzephyr.a(hex.c.obj)
                              (--whole-archive)
zephyr/libzephyr.a(rb.c.obj)  (--whole-archive)
zephyr/libzephyr.a(timeutil.c.obj)
                              (--whole-archive)
zephyr/libzephyr.a(bitarray.c.obj)
                              (--whole-archive)
zephyr/libzephyr.a(onoff.c.obj)
                              (--whole-archive)
zephyr/libzephyr.a(notify.c.obj)
                              (--whole-archive)
zephyr/libzephyr.a(ring_buffer.c.obj)
                              (--whole-archive)
zephyr/libzephyr.a(last_section_id.c.obj)
                              (--whole-archive)
zephyr/libzephyr.a(configs.c.obj)
                              (--whole-archive)
zephyr/libzephyr.a(log_core.c.obj)
                              (--whole-archive)
zephyr/libzephyr.a(log_mgmt.c.obj)
                              (--whole-archive)
zephyr/libzephyr.a(log_cache.c.obj)
                              (--whole-archive)
zephyr/libzephyr.a(log_msg.c.obj)
                              (--whole-archive)
zephyr/libzephyr.a(log_output.c.obj)
                              (--whole-archive)
zephyr/libzephyr.a(log_backend_uart.c.obj)
                              (--whole-archive)
zephyr/libzephyr.a(mem_attr.c.obj)
                              (--whole-archive)
zephyr/libzephyr.a(tracing_none.c.obj)
                              (--whole-archive)
zephyr/arch/common/libarch__common.a(sw_isr_common.c.obj)
                              (--whole-archive)
zephyr/arch/arch/arm/core/libarch__arm__core.a(fatal.c.obj)
                              (--whole-archive)
zephyr/arch/arch/arm/core/libarch__arm__core.a(nmi.c.obj)
                              (--whole-archive)
zephyr/arch/arch/arm/core/libarch__arm__core.a(nmi_on_reset.S.obj)
                              (--whole-archive)
zephyr/arch/arch/arm/core/libarch__arm__core.a(tls.c.obj)
                              (--whole-archive)
zephyr/arch/arch/arm/core/cortex_m/libarch__arm__core__cortex_m.a(exc_exit.c.obj)
                              (--whole-archive)
zephyr/arch/arch/arm/core/cortex_m/libarch__arm__core__cortex_m.a(fault.c.obj)
                              (--whole-archive)
zephyr/arch/arch/arm/core/cortex_m/libarch__arm__core__cortex_m.a(fault_s.S.obj)
                              (--whole-archive)
zephyr/arch/arch/arm/core/cortex_m/libarch__arm__core__cortex_m.a(fpu.c.obj)
                              (--whole-archive)
zephyr/arch/arch/arm/core/cortex_m/libarch__arm__core__cortex_m.a(reset.S.obj)
                              (--whole-archive)
zephyr/arch/arch/arm/core/cortex_m/libarch__arm__core__cortex_m.a(scb.c.obj)
                              (--whole-archive)
zephyr/arch/arch/arm/core/cortex_m/libarch__arm__core__cortex_m.a(thread_abort.c.obj)
                              (--whole-archive)
zephyr/arch/arch/arm/core/cortex_m/libarch__arm__core__cortex_m.a(vector_table.S.obj)
                              (--whole-archive)
zephyr/arch/arch/arm/core/cortex_m/libarch__arm__core__cortex_m.a(swap_helper.S.obj)
                              (--whole-archive)
zephyr/arch/arch/arm/core/cortex_m/libarch__arm__core__cortex_m.a(irq_manage.c.obj)
                              (--whole-archive)
zephyr/arch/arch/arm/core/cortex_m/libarch__arm__core__cortex_m.a(prep_c.c.obj)
                              (--whole-archive)
zephyr/arch/arch/arm/core/cortex_m/libarch__arm__core__cortex_m.a(thread.c.obj)
                              (--whole-archive)
zephyr/arch/arch/arm/core/cortex_m/libarch__arm__core__cortex_m.a(cpu_idle.c.obj)
                              (--whole-archive)
zephyr/arch/arch/arm/core/cortex_m/libarch__arm__core__cortex_m.a(irq_init.c.obj)
[...]
Memory Configuration

Name             Origin             Length             Attributes
FLASH            0x0000000000000000 0x0000000000100000 xr
RAM              0x0000000020000000 0x0000000000016000 xw
IDT_LIST         0x00000000ffff7fff 0x0000000000008000 xw
*default*        0x0000000000000000 0xffffffffffffffff

Linker script and memory map

                0x00000000000051e4                vfprintf = __l_vfprintf
                0x0000000000000000                vfscanf = __l_vfscanf
LOAD zephyr/CMakeFiles/zephyr_pre0.dir/misc/empty_file.c.obj
LOAD zephyr/CMakeFiles/offsets.dir/./arch/arm/core/offsets/offsets.c.obj
LOAD app/libapp.a
LOAD zephyr/libzephyr.a
LOAD zephyr/arch/common/libarch__common.a
LOAD zephyr/arch/arch/arm/core/libarch__arm__core.a
LOAD zephyr/arch/arch/arm/core/cortex_m/libarch__arm__core__cortex_m.a
LOAD zephyr/arch/arch/arm/core/cortex_m/cmse/libarch__arm__core__cortex_m__cmse.a
LOAD zephyr/arch/arch/arm/core/mpu/libarch__arm__core__mpu.a
LOAD zephyr/lib/libc/picolibc/liblib__libc__picolibc.a
LOAD zephyr/lib/libc/common/liblib__libc__common.a
LOAD zephyr/soc/soc/nrf9161/libsoc__nordic.a
LOAD zephyr/drivers/clock_control/libdrivers__clock_control.a
LOAD zephyr/drivers/console/libdrivers__console.a
LOAD zephyr/drivers/gpio/libdrivers__gpio.a
LOAD zephyr/drivers/pinctrl/libdrivers__pinctrl.a
LOAD zephyr/drivers/serial/libdrivers__serial.a
LOAD zephyr/drivers/timer/libdrivers__timer.a
LOAD modules/hal_nordic/nrfx/libmodules__hal_nordic__nrfx.a
LOAD zephyr/kernel/libkernel.a
LOAD zephyr/arch/common/libisr_tables.a
LOAD /opt/zephyr-sdk/arm-zephyr-eabi/bin/../lib/gcc/../../picolibc/arm-zephyr-eabi/lib/thumb/v8-m.main/nofp/libc.a
LOAD /opt/zephyr-sdk/arm-zephyr-eabi/bin/../lib/gcc/arm-zephyr-eabi/12.2.0/thumb/v8-m.main/nofp/libgcc.a
                0x0000000000000020                _region_min_align = 0x20

.rel.plt        0x0000000000000000        0x0
 *(SORT_BY_ALIGNMENT(.rel.plt))
                [!provide]                        PROVIDE (__rel_iplt_start = .)
 *(SORT_BY_ALIGNMENT(.rel.iplt))
 .rel.iplt      0x0000000000000000        0x0 app/libapp.a(cta2045_pack.c.obj)
                [!provide]                        PROVIDE (__rel_iplt_end = .)

.rela.plt       0x0000000000000000        0x0
 *(SORT_BY_ALIGNMENT(.rela.plt))
                [!provide]                        PROVIDE (__rela_iplt_start = .)
 *(SORT_BY_ALIGNMENT(.rela.iplt))
                [!provide]                        PROVIDE (__rela_iplt_end = .)

.rel.dyn
 *(SORT_BY_ALIGNMENT(.rel.*))

.rela.dyn
 *(SORT_BY_ALIGNMENT(.rela.*))

/DISCARD/
 *(SORT_BY_ALIGNMENT(.plt))

/DISCARD/
 *(SORT_BY_ALIGNMENT(.iplt))
                0x0000000000000000                __rom_region_start = 0x0

rom_start       0x0000000000000000      0x144
                0x0000000000000000                __rom_start_address = .
 FILL mask 0x00
                0x0000000000000000                . = (. + (0x0 - (. - __rom_start_address)))
                0x0000000000000000                . = ALIGN (0x4)
                0x0000000000000000                . = ALIGN (0x80)
                0x0000000000000000                . = ALIGN (0x200)
                0x0000000000000000                _vector_start = .
 *(SORT_BY_ALIGNMENT(.exc_vector_table))
 *(SORT_BY_ALIGNMENT(.exc_vector_table.*))
 .exc_vector_table._vector_table_section
                0x0000000000000000       0x40 zephyr/arch/arch/arm/core/cortex_m/libarch__arm__core__cortex_m.a(vector_table.S.obj)
                0x0000000000000000                _vector_table
 *(SORT_BY_ALIGNMENT(.vectors))
                0x0000000000000144                _vector_end = .
                0x0000000000000040                . = ALIGN (0x4)
 *(SORT_BY_ALIGNMENT(.gnu.linkonce.irq_vector_table*))
 .gnu.linkonce.irq_vector_table
                0x0000000000000040      0x104 zephyr/arch/common/libisr_tables.a(isr_tables.c.obj)
                0x0000000000000040                _irq_vector_table
                0x0000000000000144                _vector_end = .

text            0x0000000000000144     0x6e08
                0x0000000000000144                __text_region_start = .
 *(SORT_BY_ALIGNMENT(.text))
 .text          0x0000000000000144       0x10 /opt/zephyr-sdk/arm-zephyr-eabi/bin/../lib/gcc/../../picolibc/arm-zephyr-eabi/lib/thumb/v8-m.main/nofp/libc.a(strlen.S.o)
                0x0000000000000144                strlen
 *(SORT_BY_ALIGNMENT(.text.*))
 .text.basic_pack
                0x0000000000000154       0x44 app/libapp.a(cta2045_pack.c.obj)
                0x0000000000000154                basic_pack
 .text.datalink_pack_max_payload_req
                0x0000000000000198       0x38 app/libapp.a(cta2045_pack.c.obj)
                0x0000000000000198                datalink_pack_max_payload_req
 .text.intermediate_pack_get_utc_time_resp
                0x00000000000001d0       0x5c app/libapp.a(cta2045_pack.c.obj)
                0x00000000000001d0                intermediate_pack_get_utc_time_resp
 .text.process_basic_message
                0x000000000000022c       0x80 app/libapp.a(cta2045_resp.c.obj)
                0x000000000000022c                process_basic_message
 .text.process_intermediate_message
                0x00000000000002ac       0xc4 app/libapp.a(cta2045_resp.c.obj)
                0x00000000000002ac                process_intermediate_message
 .text.ConvertDataLinkType
                0x0000000000000370       0x14 app/libapp.a(cta2045_resp.c.obj)
                0x0000000000000370                ConvertDataLinkType
 .text.process_datalink_message
                0x0000000000000384       0x70 app/libapp.a(cta2045_resp.c.obj)
                0x0000000000000384                process_datalink_message
 .text.process_response
                0x00000000000003f4       0x74 app/libapp.a(cta2045_resp.c.obj)
                0x00000000000003f4                process_response
 .text.uart_isr
                0x0000000000000468       0x94 app/libapp.a(cta2045_uart.c.obj)
 .text.send_response
                0x00000000000004fc       0x60 app/libapp.a(cta2045_uart.c.obj)
                0x00000000000004fc                send_response
 .text.cta2045_uart_init
                0x000000000000055c       0x7c app/libapp.a(cta2045_uart.c.obj)
                0x000000000000055c                cta2045_uart_init
 .text.cta2045_uart_thread
                0x00000000000005d8      0x16c app/libapp.a(cta2045_uart.c.obj)
                0x00000000000005d8                cta2045_uart_thread
 .text.main     0x0000000000000744       0x70 app/libapp.a(main.c.obj)
                0x0000000000000744                main
 .text.cbvprintf_package
                0x00000000000007b4      0x3a4 zephyr/libzephyr.a(cbprintf_packaged.c.obj)
                0x00000000000007b4                cbvprintf_package
 .text.cbprintf_package_convert
                0x0000000000000b58      0x3cc zephyr/libzephyr.a(cbprintf_packaged.c.obj)
                0x0000000000000b58                cbprintf_package_convert
 .text.__printk_hook_install
                0x0000000000000f24        0xc zephyr/libzephyr.a(printk.c.obj)
                0x0000000000000f24                __printk_hook_install
 .text.z_thread_entry
                0x0000000000000f30       0x34 zephyr/libzephyr.a(thread_entry.c.obj)
                0x0000000000000f30                z_thread_entry
 .text.process_event
                0x0000000000000f64      0x21c zephyr/libzephyr.a(onoff.c.obj)
 .text.activate_foreach_backend
                0x0000000000001180       0x64 zephyr/libzephyr.a(log_core.c.obj)
 .text.enable_logger
                0x00000000000011e4       0x5c zephyr/libzephyr.a(log_core.c.obj)
 .text.log_process_thread_timer_expiry_fn
                0x0000000000001240        0xc zephyr/libzephyr.a(log_core.c.obj)
 .text.z_log_init
                0x000000000000124c       0x98 zephyr/libzephyr.a(log_core.c.obj)
 .text.log_format_func_t_get
                0x00000000000012e4        0xc zephyr/libzephyr.a(log_core.c.obj)
                0x00000000000012e4                log_format_func_t_get
 .text.log_set_timestamp_func
                0x00000000000012f0       0x20 zephyr/libzephyr.a(log_core.c.obj)
                0x00000000000012f0                log_set_timestamp_func
 .text.z_log_notify_backend_enabled
                0x0000000000001310       0x1c zephyr/libzephyr.a(log_core.c.obj)
                0x0000000000001310                z_log_notify_backend_enabled
 .text.z_log_dropped
                0x000000000000132c       0x3c zephyr/libzephyr.a(log_core.c.obj)
                0x000000000000132c                z_log_dropped
 .text.z_log_dropped_read_and_clear
                0x0000000000001368       0x18 zephyr/libzephyr.a(log_core.c.obj)
                0x0000000000001368                z_log_dropped_read_and_clear
 .text.dropped_notify
                0x0000000000001380       0x30 zephyr/libzephyr.a(log_core.c.obj)
                0x0000000000001380                dropped_notify
 .text.z_log_msg_init
                0x00000000000013b0       0x20 zephyr/libzephyr.a(log_core.c.obj)
                0x00000000000013b0                z_log_msg_init
 .text.log_core_init
                0x00000000000013d0       0x50 zephyr/libzephyr.a(log_core.c.obj)
                0x00000000000013d0                log_core_init
 .text.z_log_msg_alloc
                0x0000000000001420       0x10 zephyr/libzephyr.a(log_core.c.obj)
                0x0000000000001420                z_log_msg_alloc
 .text.z_log_msg_local_claim
                0x0000000000001430        0xc zephyr/libzephyr.a(log_core.c.obj)
                0x0000000000001430                z_log_msg_local_claim
 .text.z_log_msg_free
                0x000000000000143c       0x10 zephyr/libzephyr.a(log_core.c.obj)
                0x000000000000143c                z_log_msg_free
 .text.z_log_msg_pending
                0x000000000000144c        0xc zephyr/libzephyr.a(log_core.c.obj)
                0x000000000000144c                z_log_msg_pending
 .text.z_impl_log_process
                0x0000000000001458       0xb8 zephyr/libzephyr.a(log_core.c.obj)
                0x0000000000001458                z_impl_log_process
 .text.z_impl_log_panic
                0x0000000000001510       0x44 zephyr/libzephyr.a(log_core.c.obj)
                0x0000000000001510                z_impl_log_panic
 .text.log_process_thread_func
                0x0000000000001554       0xa4 zephyr/libzephyr.a(log_core.c.obj)
 .text.z_log_msg_post_finalize
                0x00000000000015f8       0x78 zephyr/libzephyr.a(log_core.c.obj)
 .text.z_log_msg_commit
                0x0000000000001670       0x24 zephyr/libzephyr.a(log_core.c.obj)
                0x0000000000001670                z_log_msg_commit
 .text.log_source_name_get
                0x0000000000001694       0x1c zephyr/libzephyr.a(log_mgmt.c.obj)
                0x0000000000001694                log_source_name_get
 .text.z_impl_z_log_msg_static_create
                0x00000000000016b0      0x108 zephyr/libzephyr.a(log_msg.c.obj)
                0x00000000000016b0                z_impl_z_log_msg_static_create
 .text.z_log_msg_runtime_vcreate
                0x00000000000017b8       0xa0 zephyr/libzephyr.a(log_msg.c.obj)
                0x00000000000017b8                z_log_msg_runtime_vcreate
 .text.log_msg_get_source_id
                0x0000000000001858       0x18 zephyr/libzephyr.a(log_msg.c.obj)
                0x0000000000001858                log_msg_get_source_id
 .text.print_formatted
                0x0000000000001870       0x24 zephyr/libzephyr.a(log_output.c.obj)
 .text.newline_print
                0x0000000000001894       0x1c zephyr/libzephyr.a(log_output.c.obj)
 .text.log_output_process
                0x00000000000018b0      0x2d4 zephyr/libzephyr.a(log_output.c.obj)
                0x00000000000018b0                log_output_process
 .text.log_output_dropped_process
                0x0000000000001b84       0x58 zephyr/libzephyr.a(log_output.c.obj)
                0x0000000000001b84                log_output_dropped_process
 .text.log_output_timestamp_freq_set
                0x0000000000001bdc       0x2c zephyr/libzephyr.a(log_output.c.obj)
                0x0000000000001bdc                log_output_timestamp_freq_set
 .text.char_out
                0x0000000000001c08       0x24 zephyr/libzephyr.a(log_backend_uart.c.obj)
 .text.mem_attr_get_regions
                0x0000000000001c2c        0xc zephyr/libzephyr.a(mem_attr.c.obj)
                0x0000000000001c2c                mem_attr_get_regions
 .text.z_arm_fatal_error
                0x0000000000001c38       0xb8 zephyr/arch/arch/arm/core/libarch__arm__core.a(fatal.c.obj)
                0x0000000000001c38                z_arm_fatal_error
 .text.z_SysNmiOnReset
                0x0000000000001cf0        0x8 zephyr/arch/arch/arm/core/libarch__arm__core.a(nmi_on_reset.S.obj)
                0x0000000000001cf0                z_SysNmiOnReset
 .text.arch_tls_stack_setup
                0x0000000000001cf8       0x40 zephyr/arch/arch/arm/core/libarch__arm__core.a(tls.c.obj)
                0x0000000000001cf8                arch_tls_stack_setup
 .text._HandlerModeExit
                0x0000000000001d38       0x20 zephyr/arch/arch/arm/core/cortex_m/libarch__arm__core__cortex_m.a(exc_exit.c.obj)
                0x0000000000001d38                z_arm_exc_exit
                0x0000000000001d38                z_arm_int_exit
 .text.mem_manage_fault.constprop.0
                0x0000000000001d58       0xd0 zephyr/arch/arch/arm/core/cortex_m/libarch__arm__core__cortex_m.a(fault.c.obj)
 .text.usage_fault.constprop.0
                0x0000000000001e28       0xbc zephyr/arch/arch/arm/core/cortex_m/libarch__arm__core__cortex_m.a(fault.c.obj)
 .text.bus_fault.constprop.0
                0x0000000000001ee4       0xd0 zephyr/arch/arch/arm/core/cortex_m/libarch__arm__core__cortex_m.a(fault.c.obj)
 .text.z_arm_fault
                0x0000000000001fb4      0x1d0 zephyr/arch/arch/arm/core/cortex_m/libarch__arm__core__cortex_m.a(fault.c.obj)
                0x0000000000001fb4                z_arm_fault
 .text.z_arm_fault_init
                0x0000000000002184       0x20 zephyr/arch/arch/arm/core/cortex_m/libarch__arm__core__cortex_m.a(fault.c.obj)
                0x0000000000002184                z_arm_fault_init
 .text.__fault  0x00000000000021a4       0x14 zephyr/arch/arch/arm/core/cortex_m/libarch__arm__core__cortex_m.a(fault_s.S.obj)
                0x00000000000021a4                z_arm_bus_fault
                0x00000000000021a4                z_arm_usage_fault
                0x00000000000021a4                z_arm_mpu_fault
                0x00000000000021a4                z_arm_exc_spurious
                0x00000000000021a4                z_arm_debug_monitor
                0x00000000000021a4                z_arm_hard_fault
 .text._reset_section
                0x00000000000021b8       0x38 zephyr/arch/arch/arm/core/cortex_m/libarch__arm__core__cortex_m.a(reset.S.obj)
                0x00000000000021b8                z_arm_reset
                0x00000000000021b8                __start
 .text.z_impl_k_thread_abort
                0x00000000000021f0       0x2c zephyr/arch/arch/arm/core/cortex_m/libarch__arm__core__cortex_m.a(thread_abort.c.obj)
                0x00000000000021f0                z_impl_k_thread_abort
 .text.z_arm_pendsv
                0x000000000000221c       0x60 zephyr/arch/arch/arm/core/cortex_m/libarch__arm__core__cortex_m.a(swap_helper.S.obj)
                0x000000000000221c                z_arm_pendsv
 .text.z_arm_svc
                0x000000000000227c       0x24 zephyr/arch/arch/arm/core/cortex_m/libarch__arm__core__cortex_m.a(swap_helper.S.obj)
                0x000000000000227c                z_arm_svc
 .text.arm_irq_enable
                0x00000000000022a0       0x1c zephyr/arch/arch/arm/core/cortex_m/libarch__arm__core__cortex_m.a(irq_manage.c.obj)
                0x00000000000022a0                arm_irq_enable
 .text.arm_irq_is_enabled
                0x00000000000022bc       0x1c zephyr/arch/arch/arm/core/cortex_m/libarch__arm__core__cortex_m.a(irq_manage.c.obj)
                0x00000000000022bc                arm_irq_is_enabled
 .text.arm_irq_priority_set
                0x00000000000022d8       0x2c zephyr/arch/arch/arm/core/cortex_m/libarch__arm__core__cortex_m.a(irq_manage.c.obj)
                0x00000000000022d8                arm_irq_priority_set
 .text.relocate_vector_table
                0x0000000000002304       0x1c zephyr/arch/arch/arm/core/cortex_m/libarch__arm__core__cortex_m.a(prep_c.c.obj)
                0x0000000000002304                relocate_vector_table
 .text.z_prep_c
                0x0000000000002320       0x38 zephyr/arch/arch/arm/core/cortex_m/libarch__arm__core__cortex_m.a(prep_c.c.obj)
                0x0000000000002320                z_prep_c
 .text.arch_new_thread
                0x0000000000002358       0x38 zephyr/arch/arch/arm/core/cortex_m/libarch__arm__core__cortex_m.a(thread.c.obj)
                0x0000000000002358                arch_new_thread
 .text.arch_switch_to_main_thread
                0x0000000000002390       0x40 zephyr/arch/arch/arm/core/cortex_m/libarch__arm__core__cortex_m.a(thread.c.obj)
                0x0000000000002390                arch_switch_to_main_thread
 .text.z_arm_cpu_idle_init
                0x00000000000023d0        0xc zephyr/arch/arch/arm/core/cortex_m/libarch__arm__core__cortex_m.a(cpu_idle.c.obj)
                0x00000000000023d0                z_arm_cpu_idle_init
 .text.z_arm_interrupt_init
                0x00000000000023dc       0x18 zephyr/arch/arch/arm/core/cortex_m/libarch__arm__core__cortex_m.a(irq_init.c.obj)
                0x00000000000023dc                z_arm_interrupt_init
 .text._isr_wrapper
                0x00000000000023f4       0x24 zephyr/arch/arch/arm/core/cortex_m/libarch__arm__core__cortex_m.a(isr_wrapper.c.obj)
                0x00000000000023f4                _isr_wrapper
 .text.z_arm_configure_static_mpu_regions
                0x0000000000002418       0x38 zephyr/arch/arch/arm/core/mpu/libarch__arm__core__mpu.a(arm_core_mpu.c.obj)
                0x0000000000002418                z_arm_configure_static_mpu_regions
 .text.region_init
                0x0000000000002450       0x34 zephyr/arch/arch/arm/core/mpu/libarch__arm__core__mpu.a(arm_mpu.c.obj)
 .text.region_allocate_and_init
                0x0000000000002484       0x38 zephyr/arch/arch/arm/core/mpu/libarch__arm__core__mpu.a(arm_mpu.c.obj)
 .text.mpu_configure_regions_and_partition.constprop.0
                0x00000000000024bc      0x164 zephyr/arch/arch/arm/core/mpu/libarch__arm__core__mpu.a(arm_mpu.c.obj)
 .text.arm_core_mpu_enable
                0x0000000000002620       0x18 zephyr/arch/arch/arm/core/mpu/libarch__arm__core__mpu.a(arm_mpu.c.obj)
                0x0000000000002620                arm_core_mpu_enable
 .text.arm_core_mpu_disable
                0x0000000000002638       0x14 zephyr/arch/arch/arm/core/mpu/libarch__arm__core__mpu.a(arm_mpu.c.obj)
                0x0000000000002638                arm_core_mpu_disable
 .text.arm_core_mpu_configure_static_mpu_regions
                0x000000000000264c       0x14 zephyr/arch/arch/arm/core/mpu/libarch__arm__core__mpu.a(arm_mpu.c.obj)
                0x000000000000264c                arm_core_mpu_configure_static_mpu_regions
 .text.arm_core_mpu_mark_areas_for_dynamic_regions
                0x0000000000002660       0xb8 zephyr/arch/arch/arm/core/mpu/libarch__arm__core__mpu.a(arm_mpu.c.obj)
                0x0000000000002660                arm_core_mpu_mark_areas_for_dynamic_regions
 .text.z_arm_mpu_init
                0x0000000000002718      0x11c zephyr/arch/arch/arm/core/mpu/libarch__arm__core__mpu.a(arm_mpu.c.obj)
                0x0000000000002718                z_arm_mpu_init
 .text.cbvprintf
                0x0000000000002834       0x38 zephyr/lib/libc/picolibc/liblib__libc__picolibc.a(cbprintf.c.obj)
                0x0000000000002834                cbvprintf
 .text.z_impl_zephyr_fputc
                0x000000000000286c       0x10 zephyr/lib/libc/picolibc/liblib__libc__picolibc.a(stdio.c.obj)
                0x000000000000286c                z_impl_zephyr_fputc
 .text.__stdout_hook_install
                0x000000000000287c       0x18 zephyr/lib/libc/picolibc/liblib__libc__picolibc.a(stdio.c.obj)
                0x000000000000287c                __stdout_hook_install
 .text.malloc_prepare
                0x0000000000002894       0x24 zephyr/lib/libc/common/liblib__libc__common.a(malloc.c.obj)
 .text.nordicsemi_nrf91_init
                0x00000000000028b8       0x10 zephyr/soc/soc/nrf9161/libsoc__nordic.a(soc.c.obj)
 .text.arch_busy_wait
                0x00000000000028c8       0x14 zephyr/soc/soc/nrf9161/libsoc__nordic.a(soc.c.obj)
                0x00000000000028c8                arch_busy_wait
 .text.onoff_stop
                0x00000000000028dc       0x30 zephyr/drivers/clock_control/libdrivers__clock_control.a(clock_control_nrf.c.obj)
 .text.onoff_start
                0x000000000000290c       0x44 zephyr/drivers/clock_control/libdrivers__clock_control.a(clock_control_nrf.c.obj)
 .text.generic_hfclk_stop
                0x0000000000002950       0x34 zephyr/drivers/clock_control/libdrivers__clock_control.a(clock_control_nrf.c.obj)
 .text.clk_init
                0x0000000000002984       0x58 zephyr/drivers/clock_control/libdrivers__clock_control.a(clock_control_nrf.c.obj)
 .text.api_blocking_start
                0x00000000000029dc       0x34 zephyr/drivers/clock_control/libdrivers__clock_control.a(clock_control_nrf.c.obj)
 .text.clkstarted_handle.constprop.0
                0x0000000000002a10       0x4c zephyr/drivers/clock_control/libdrivers__clock_control.a(clock_control_nrf.c.obj)
 .text.generic_hfclk_start
                0x0000000000002a5c       0x78 zephyr/drivers/clock_control/libdrivers__clock_control.a(clock_control_nrf.c.obj)
 .text.clock_event_handler
                0x0000000000002ad4       0x1c zephyr/drivers/clock_control/libdrivers__clock_control.a(clock_control_nrf.c.obj)
 .text.z_nrf_clock_control_lf_on
                0x0000000000002af0       0xf8 zephyr/drivers/clock_control/libdrivers__clock_control.a(clock_control_nrf.c.obj)
                0x0000000000002af0                z_nrf_clock_control_lf_on
 .text.uart_console_init
                0x0000000000002be8       0x28 zephyr/drivers/console/libdrivers__console.a(uart_console.c.obj)
 .text.console_out
                0x0000000000002c10       0x28 zephyr/drivers/console/libdrivers__console.a(uart_console.c.obj)
 .text.nrfx_gpio_handler
                0x0000000000002c38       0x3c zephyr/drivers/gpio/libdrivers__gpio.a(gpio_nrfx.c.obj)
 .text.gpio_nrfx_pin_configure
                0x0000000000002c74      0x180 zephyr/drivers/gpio/libdrivers__gpio.a(gpio_nrfx.c.obj)
 .text.gpio_nrfx_init
                0x0000000000002df4       0x48 zephyr/drivers/gpio/libdrivers__gpio.a(gpio_nrfx.c.obj)
 .text.gpio_nrfx_pin_interrupt_configure
                0x0000000000002e3c      0x114 zephyr/drivers/gpio/libdrivers__gpio.a(gpio_nrfx.c.obj)
 .text.pinctrl_configure_pins
                0x0000000000002f50      0x17c zephyr/drivers/pinctrl/libdrivers__pinctrl.a(pinctrl_nrf.c.obj)
                0x0000000000002f50                pinctrl_configure_pins
 .text.uarte_nrfx_poll_out
                0x00000000000030cc       0xb4 zephyr/drivers/serial/libdrivers__serial.a(uart_nrfx_uarte.c.obj)
 .text.uarte_instance_init.constprop.0
                0x0000000000003180      0x108 zephyr/drivers/serial/libdrivers__serial.a(uart_nrfx_uarte.c.obj)
 .text.compare_int_lock
                0x0000000000003288       0x40 zephyr/drivers/timer/libdrivers__timer.a(nrf_rtc_timer.c.obj)
 .text.sys_clock_timeout_handler
                0x00000000000032c8       0x48 zephyr/drivers/timer/libdrivers__timer.a(nrf_rtc_timer.c.obj)
 .text.compare_int_unlock
                0x0000000000003310       0x4c zephyr/drivers/timer/libdrivers__timer.a(nrf_rtc_timer.c.obj)
 .text.z_nrf_rtc_timer_read
                0x000000000000335c       0x44 zephyr/drivers/timer/libdrivers__timer.a(nrf_rtc_timer.c.obj)
                0x000000000000335c                z_nrf_rtc_timer_read
 .text.compare_set
                0x00000000000033a0      0x124 zephyr/drivers/timer/libdrivers__timer.a(nrf_rtc_timer.c.obj)
 .text.sys_clock_driver_init
                0x00000000000034c4       0x90 zephyr/drivers/timer/libdrivers__timer.a(nrf_rtc_timer.c.obj)
 .text.rtc_nrf_isr
                0x0000000000003554       0xd0 zephyr/drivers/timer/libdrivers__timer.a(nrf_rtc_timer.c.obj)
                0x0000000000003554                rtc_nrf_isr
 .text.sys_clock_set_timeout
                0x0000000000003624       0x5c zephyr/drivers/timer/libdrivers__timer.a(nrf_rtc_timer.c.obj)
                0x0000000000003624                sys_clock_set_timeout
 .text.sys_clock_elapsed
                0x0000000000003680       0x14 zephyr/drivers/timer/libdrivers__timer.a(nrf_rtc_timer.c.obj)
                0x0000000000003680                sys_clock_elapsed
 .text.uicr_HFXOCNT_erased
                0x0000000000003694       0x40 modules/hal_nordic/nrfx/libmodules__hal_nordic__nrfx.a(system_nrf91.c.obj)
 .text.uicr_HFXOSRC_erased
                0x00000000000036d4       0x3c modules/hal_nordic/nrfx/libmodules__hal_nordic__nrfx.a(system_nrf91.c.obj)
 .text.SystemInit
                0x0000000000003710      0x1bc modules/hal_nordic/nrfx/libmodules__hal_nordic__nrfx.a(system_nrf91.c.obj)
                0x0000000000003710                SystemInit
 .text.nrfx_flag32_alloc
                0x00000000000038cc       0x40 modules/hal_nordic/nrfx/libmodules__hal_nordic__nrfx.a(nrfx_flag32_allocator.c.obj)
                0x00000000000038cc                nrfx_flag32_alloc
 .text.nrfx_flag32_free
                0x000000000000390c       0x38 modules/hal_nordic/nrfx/libmodules__hal_nordic__nrfx.a(nrfx_flag32_allocator.c.obj)
                0x000000000000390c                nrfx_flag32_free
 .text.nrfx_gppi_channels_enable
                0x0000000000003944        0xc modules/hal_nordic/nrfx/libmodules__hal_nordic__nrfx.a(nrfx_gppi_dppi.c.obj)
                0x0000000000003944                nrfx_gppi_channels_enable
 .text.nrfx_gppi_channel_alloc
                0x0000000000003950        0xc modules/hal_nordic/nrfx/libmodules__hal_nordic__nrfx.a(nrfx_gppi_dppi.c.obj)
                0x0000000000003950                nrfx_gppi_channel_alloc
 .text.nrfx_clock_init
                0x000000000000395c       0x20 modules/hal_nordic/nrfx/libmodules__hal_nordic__nrfx.a(nrfx_clock.c.obj)
                0x000000000000395c                nrfx_clock_init
 .text.nrfx_clock_enable
                0x000000000000397c       0x28 modules/hal_nordic/nrfx/libmodules__hal_nordic__nrfx.a(nrfx_clock.c.obj)
                0x000000000000397c                nrfx_clock_enable
 .text.nrfx_clock_start
                0x00000000000039a4       0xb0 modules/hal_nordic/nrfx/libmodules__hal_nordic__nrfx.a(nrfx_clock.c.obj)
                0x00000000000039a4                nrfx_clock_start
 .text.nrfx_power_clock_irq_handler
                0x0000000000003a54       0x70 modules/hal_nordic/nrfx/libmodules__hal_nordic__nrfx.a(nrfx_clock.c.obj)
                0x0000000000003a54                nrfx_power_clock_irq_handler
 .text.nrfx_dppi_channel_alloc
                0x0000000000003ac4       0x10 modules/hal_nordic/nrfx/libmodules__hal_nordic__nrfx.a(nrfx_dppi.c.obj)
                0x0000000000003ac4                nrfx_dppi_channel_alloc
 .text.nrf_gpio_pin_port_decode
                0x0000000000003ad4       0x18 modules/hal_nordic/nrfx/libmodules__hal_nordic__nrfx.a(nrfx_gpiote.c.obj)
 .text.call_handler.constprop.0
                0x0000000000003aec       0x3c modules/hal_nordic/nrfx/libmodules__hal_nordic__nrfx.a(nrfx_gpiote.c.obj)
 .text.latch_pending_read_and_check
                0x0000000000003b28       0x1c modules/hal_nordic/nrfx/libmodules__hal_nordic__nrfx.a(nrfx_gpiote.c.obj)
 .text.release_handler.isra.0
                0x0000000000003b44       0x54 modules/hal_nordic/nrfx/libmodules__hal_nordic__nrfx.a(nrfx_gpiote.c.obj)
 .text.__nrfy_internal_gpiote_events_process.constprop.0
                0x0000000000003b98       0x5c modules/hal_nordic/nrfx/libmodules__hal_nordic__nrfx.a(nrfx_gpiote.c.obj)
 .text.pin_trigger_disable
                0x0000000000003bf4       0x40 modules/hal_nordic/nrfx/libmodules__hal_nordic__nrfx.a(nrfx_gpiote.c.obj)
 .text.pin_uninit
                0x0000000000003c34       0x78 modules/hal_nordic/nrfx/libmodules__hal_nordic__nrfx.a(nrfx_gpiote.c.obj)
 .text.nrfx_gpiote_input_configure
                0x0000000000003cac      0x168 modules/hal_nordic/nrfx/libmodules__hal_nordic__nrfx.a(nrfx_gpiote.c.obj)
                0x0000000000003cac                nrfx_gpiote_input_configure
 .text.nrfx_gpiote_output_configure
                0x0000000000003e14       0xf0 modules/hal_nordic/nrfx/libmodules__hal_nordic__nrfx.a(nrfx_gpiote.c.obj)
                0x0000000000003e14                nrfx_gpiote_output_configure
 .text.nrfx_gpiote_global_callback_set
                0x0000000000003f04        0xc modules/hal_nordic/nrfx/libmodules__hal_nordic__nrfx.a(nrfx_gpiote.c.obj)
                0x0000000000003f04                nrfx_gpiote_global_callback_set
 .text.nrfx_gpiote_channel_get
                0x0000000000003f10       0x24 modules/hal_nordic/nrfx/libmodules__hal_nordic__nrfx.a(nrfx_gpiote.c.obj)
                0x0000000000003f10                nrfx_gpiote_channel_get
 .text.nrfx_gpiote_init
                0x0000000000003f34       0x48 modules/hal_nordic/nrfx/libmodules__hal_nordic__nrfx.a(nrfx_gpiote.c.obj)
                0x0000000000003f34                nrfx_gpiote_init
 .text.nrfx_gpiote_init_check
                0x0000000000003f7c       0x14 modules/hal_nordic/nrfx/libmodules__hal_nordic__nrfx.a(nrfx_gpiote.c.obj)
                0x0000000000003f7c                nrfx_gpiote_init_check
 .text.nrfx_gpiote_channel_free
                0x0000000000003f90       0x10 modules/hal_nordic/nrfx/libmodules__hal_nordic__nrfx.a(nrfx_gpiote.c.obj)
                0x0000000000003f90                nrfx_gpiote_channel_free
 .text.nrfx_gpiote_channel_alloc
                0x0000000000003fa0       0x10 modules/hal_nordic/nrfx/libmodules__hal_nordic__nrfx.a(nrfx_gpiote.c.obj)
                0x0000000000003fa0                nrfx_gpiote_channel_alloc
 .text.nrfx_gpiote_trigger_enable
                0x0000000000003fb0       0x90 modules/hal_nordic/nrfx/libmodules__hal_nordic__nrfx.a(nrfx_gpiote.c.obj)
                0x0000000000003fb0                nrfx_gpiote_trigger_enable
 .text.nrfx_gpiote_0_irq_handler
                0x0000000000004040      0x14c modules/hal_nordic/nrfx/libmodules__hal_nordic__nrfx.a(nrfx_gpiote.c.obj)
                0x0000000000004040                nrfx_gpiote_0_irq_handler
 .text.k_sys_fatal_error_handler
                0x000000000000418c       0x20 zephyr/kernel/libkernel.a(fatal.c.obj)
                0x000000000000418c                k_sys_fatal_error_handler
 .text.z_fatal_error
                0x00000000000041ac       0xe8 zephyr/kernel/libkernel.a(fatal.c.obj)
                0x00000000000041ac                z_fatal_error
 .text.z_sys_init_run_level
                0x0000000000004294       0x30 zephyr/kernel/libkernel.a(init.c.obj)
 .text.bg_thread_main
                0x00000000000042c4       0xc0 zephyr/kernel/libkernel.a(init.c.obj)
 .text.z_bss_zero
                0x0000000000004384       0x18 zephyr/kernel/libkernel.a(init.c.obj)
                0x0000000000004384                z_bss_zero
 .text.z_init_cpu
                0x000000000000439c       0x68 zephyr/kernel/libkernel.a(init.c.obj)
                0x000000000000439c                z_init_cpu
 .text.z_cstart
                0x0000000000004404       0xd4 zephyr/kernel/libkernel.a(init.c.obj)
                0x0000000000004404                z_cstart
 .text.z_impl_k_sem_give
                0x00000000000044d8       0x68 zephyr/kernel/libkernel.a(sem.c.obj)
                0x00000000000044d8                z_impl_k_sem_give
 .text.z_impl_k_sem_take
                0x0000000000004540       0x4c zephyr/kernel/libkernel.a(sem.c.obj)
                0x0000000000004540                z_impl_k_sem_take
 .text.z_setup_new_thread
                0x000000000000458c       0x7c zephyr/kernel/libkernel.a(thread.c.obj)
                0x000000000000458c                z_setup_new_thread
 .text.z_impl_k_thread_create
                0x0000000000004608       0x58 zephyr/kernel/libkernel.a(thread.c.obj)
                0x0000000000004608                z_impl_k_thread_create
 .text.z_dummy_thread_init
                0x0000000000004660       0x18 zephyr/kernel/libkernel.a(thread.c.obj)
                0x0000000000004660                z_dummy_thread_init
 .text.z_swap_irqlock
                0x0000000000004678       0x30 zephyr/kernel/libkernel.a(sched.c.obj)
 .text.ready_thread
                0x00000000000046a8       0x84 zephyr/kernel/libkernel.a(sched.c.obj)
 .text.unready_thread
                0x000000000000472c       0x54 zephyr/kernel/libkernel.a(sched.c.obj)
 .text.add_thread_timeout
                0x0000000000004780       0x1c zephyr/kernel/libkernel.a(sched.c.obj)
 .text.move_thread_to_end_of_prio_q
                0x000000000000479c       0x90 zephyr/kernel/libkernel.a(sched.c.obj)
                0x000000000000479c                move_thread_to_end_of_prio_q
 .text.z_pend_curr
                0x000000000000482c       0x44 zephyr/kernel/libkernel.a(sched.c.obj)
                0x000000000000482c                z_pend_curr
 .text.z_reschedule
                0x0000000000004870       0x24 zephyr/kernel/libkernel.a(sched.c.obj)
                0x0000000000004870                z_reschedule
 .text.z_reschedule_irqlock
                0x0000000000004894       0x28 zephyr/kernel/libkernel.a(sched.c.obj)
                0x0000000000004894                z_reschedule_irqlock
 .text.k_sched_lock
                0x00000000000048bc       0x28 zephyr/kernel/libkernel.a(sched.c.obj)
                0x00000000000048bc                k_sched_lock
 .text.k_sched_unlock
                0x00000000000048e4       0x68 zephyr/kernel/libkernel.a(sched.c.obj)
                0x00000000000048e4                k_sched_unlock
 .text.z_sched_init
                0x000000000000494c       0x10 zephyr/kernel/libkernel.a(sched.c.obj)
                0x000000000000494c                z_sched_init
 .text.z_impl_k_yield
                0x000000000000495c       0x88 zephyr/kernel/libkernel.a(sched.c.obj)
                0x000000000000495c                z_impl_k_yield
 .text.z_tick_sleep
                0x00000000000049e4       0x78 zephyr/kernel/libkernel.a(sched.c.obj)
 .text.z_impl_k_wakeup
                0x0000000000004a5c       0x48 zephyr/kernel/libkernel.a(sched.c.obj)
                0x0000000000004a5c                z_impl_k_wakeup
 .text.z_impl_k_sched_current_thread_query
                0x0000000000004aa4        0xc zephyr/kernel/libkernel.a(sched.c.obj)
                0x0000000000004aa4                z_impl_k_sched_current_thread_query
 .text.z_thread_abort
                0x0000000000004ab0      0x140 zephyr/kernel/libkernel.a(sched.c.obj)
                0x0000000000004ab0                z_thread_abort
 .text.slice_timeout
                0x0000000000004bf0       0x20 zephyr/kernel/libkernel.a(timeslicing.c.obj)
 .text.thread_is_sliceable
                0x0000000000004c10       0x3c zephyr/kernel/libkernel.a(timeslicing.c.obj)
                0x0000000000004c10                thread_is_sliceable
 .text.z_reset_time_slice
                0x0000000000004c4c       0x50 zephyr/kernel/libkernel.a(timeslicing.c.obj)
                0x0000000000004c4c                z_reset_time_slice
 .text.z_time_slice
                0x0000000000004c9c       0x60 zephyr/kernel/libkernel.a(timeslicing.c.obj)
                0x0000000000004c9c                z_time_slice
 .text.z_data_copy
                0x0000000000004cfc       0x38 zephyr/kernel/libkernel.a(xip.c.obj)
                0x0000000000004cfc                z_data_copy
 .text.first    0x0000000000004d34       0x10 zephyr/kernel/libkernel.a(timeout.c.obj)
 .text.elapsed  0x0000000000004d44       0x14 zephyr/kernel/libkernel.a(timeout.c.obj)
 .text.remove_timeout
                0x0000000000004d58       0x38 zephyr/kernel/libkernel.a(timeout.c.obj)
 .text.z_add_timeout
                0x0000000000004d90      0x120 zephyr/kernel/libkernel.a(timeout.c.obj)
                0x0000000000004d90                z_add_timeout
 .text.sys_clock_announce
                0x0000000000004eb0       0xbc zephyr/kernel/libkernel.a(timeout.c.obj)
                0x0000000000004eb0                sys_clock_announce
 .text.sys_clock_tick_get
                0x0000000000004f6c       0x30 zephyr/kernel/libkernel.a(timeout.c.obj)
                0x0000000000004f6c                sys_clock_tick_get
 .text.z_timer_expiration_handler
                0x0000000000004f9c      0x110 zephyr/kernel/libkernel.a(timer.c.obj)
                0x0000000000004f9c                z_timer_expiration_handler
 .text.z_impl_k_timer_start
                0x00000000000050ac       0x70 zephyr/kernel/libkernel.a(timer.c.obj)
                0x00000000000050ac                z_impl_k_timer_start
 .text.boot_banner
                0x000000000000511c        0xc zephyr/kernel/libkernel.a(banner.c.obj)
                0x000000000000511c                boot_banner
 .text.printf   0x0000000000005128       0x24 /opt/zephyr-sdk/arm-zephyr-eabi/bin/../lib/gcc/../../picolibc/arm-zephyr-eabi/lib/thumb/v8-m.main/nofp/libc.a(libc_tinystdio_printf.c.o)
                0x0000000000005128                printf
 .text.puts     0x000000000000514c       0x40 /opt/zephyr-sdk/arm-zephyr-eabi/bin/../lib/gcc/../../picolibc/arm-zephyr-eabi/lib/thumb/v8-m.main/nofp/libc.a(libc_tinystdio_puts.c.o)
                0x000000000000514c                puts
 .text.snprintf
                0x000000000000518c       0x58 /opt/zephyr-sdk/arm-zephyr-eabi/bin/../lib/gcc/../../picolibc/arm-zephyr-eabi/lib/thumb/v8-m.main/nofp/libc.a(libc_tinystdio_snprintf.c.o)
                0x000000000000518c                snprintf
 .text.__l_vfprintf
                0x00000000000051e4      0x4b4 /opt/zephyr-sdk/arm-zephyr-eabi/bin/../lib/gcc/../../picolibc/arm-zephyr-eabi/lib/thumb/v8-m.main/nofp/libc.a(libc_tinystdio_vflprintf.c.o)
                0x00000000000051e4                __l_vfprintf
 .text._OffsetAbsSyms
                0x0000000000005698        0x2 zephyr/CMakeFiles/offsets.dir/./arch/arm/core/offsets/offsets.c.obj
                0x0000000000005698                _OffsetAbsSyms
 .text.checksum_calc
                0x000000000000569a       0x54 app/libapp.a(cta2045_pack.c.obj)
                0x000000000000569a                checksum_calc
 .text.nak_pack
                0x00000000000056ee       0x26 app/libapp.a(cta2045_pack.c.obj)
                0x00000000000056ee                nak_pack
 .text.ack_pack
                0x0000000000005714       0x12 app/libapp.a(cta2045_pack.c.obj)
                0x0000000000005714                ack_pack
 .text.ConvertIntermediateType
                0x0000000000005726       0x96 app/libapp.a(cta2045_resp.c.obj)
                0x0000000000005726                ConvertIntermediateType
 .text.chunk_size
                0x00000000000057bc        0xa zephyr/libzephyr.a(heap.c.obj)
 .text.free_list_add
                0x00000000000057c6       0x4e zephyr/libzephyr.a(heap.c.obj)
 .text.sys_heap_init
                0x0000000000005814       0x7a zephyr/libzephyr.a(heap.c.obj)
                0x0000000000005814                sys_heap_init
 .text.cbpprintf_external
                0x000000000000588e       0x62 zephyr/libzephyr.a(cbprintf_packaged.c.obj)
                0x000000000000588e                cbpprintf_external
 .text.is_ptr   0x00000000000058f0       0x4a zephyr/libzephyr.a(cbprintf_packaged.c.obj)
                0x00000000000058f0                is_ptr
 .text.arch_printk_char_out
                0x000000000000593a        0x4 zephyr/libzephyr.a(printk.c.obj)
                0x000000000000593a                arch_printk_char_out
 .text.printk   0x000000000000593e       0x1a zephyr/libzephyr.a(printk.c.obj)
                0x000000000000593e                printk
 .text.free_space
                0x0000000000005958       0x26 zephyr/libzephyr.a(mpsc_pbuf.c.obj)
 .text.get_usage
                0x000000000000597e       0x22 zephyr/libzephyr.a(mpsc_pbuf.c.obj)
 .text.idx_inc  0x00000000000059a0       0x1c zephyr/libzephyr.a(mpsc_pbuf.c.obj)
 .text.rd_idx_inc
                0x00000000000059bc       0x18 zephyr/libzephyr.a(mpsc_pbuf.c.obj)
 .text.add_skip_item
                0x00000000000059d4       0x3e zephyr/libzephyr.a(mpsc_pbuf.c.obj)
 .text.drop_item_locked
                0x0000000000005a12      0x100 zephyr/libzephyr.a(mpsc_pbuf.c.obj)
 .text.post_drop_action
                0x0000000000005b12       0x36 zephyr/libzephyr.a(mpsc_pbuf.c.obj)
 .text.max_utilization_update
                0x0000000000005b48       0x1a zephyr/libzephyr.a(mpsc_pbuf.c.obj)
 .text.mpsc_pbuf_init
                0x0000000000005b62       0x42 zephyr/libzephyr.a(mpsc_pbuf.c.obj)
                0x0000000000005b62                mpsc_pbuf_init
 .text.mpsc_pbuf_alloc
                0x0000000000005ba4       0xfe zephyr/libzephyr.a(mpsc_pbuf.c.obj)
                0x0000000000005ba4                mpsc_pbuf_alloc
 .text.mpsc_pbuf_commit
                0x0000000000005ca2       0x3e zephyr/libzephyr.a(mpsc_pbuf.c.obj)
                0x0000000000005ca2                mpsc_pbuf_commit
 .text.mpsc_pbuf_claim
                0x0000000000005ce0       0xa8 zephyr/libzephyr.a(mpsc_pbuf.c.obj)
                0x0000000000005ce0                mpsc_pbuf_claim
 .text.mpsc_pbuf_free
                0x0000000000005d88       0x76 zephyr/libzephyr.a(mpsc_pbuf.c.obj)
                0x0000000000005d88                mpsc_pbuf_free
 .text.mpsc_pbuf_is_pending
                0x0000000000005dfe       0x32 zephyr/libzephyr.a(mpsc_pbuf.c.obj)
                0x0000000000005dfe                mpsc_pbuf_is_pending
 .text.process_recheck
                0x0000000000005e30       0x38 zephyr/libzephyr.a(onoff.c.obj)
 .text.validate_args
                0x0000000000005e68       0x20 zephyr/libzephyr.a(onoff.c.obj)
 .text.notify_one
                0x0000000000005e88       0x2c zephyr/libzephyr.a(onoff.c.obj)
 .text.transition_complete
                0x0000000000005eb4       0x1a zephyr/libzephyr.a(onoff.c.obj)
 .text.onoff_manager_init
                0x0000000000005ece       0x26 zephyr/libzephyr.a(onoff.c.obj)
                0x0000000000005ece                onoff_manager_init
 .text.onoff_request
                0x0000000000005ef4       0xae zephyr/libzephyr.a(onoff.c.obj)
                0x0000000000005ef4                onoff_request
 .text.sys_notify_validate
                0x0000000000005fa2       0x22 zephyr/libzephyr.a(notify.c.obj)
                0x0000000000005fa2                sys_notify_validate
 .text.sys_notify_finalize
                0x0000000000005fc4       0x1a zephyr/libzephyr.a(notify.c.obj)
                0x0000000000005fc4                sys_notify_finalize
 .text.ring_buf_area_claim
                0x0000000000005fde       0x30 zephyr/libzephyr.a(ring_buffer.c.obj)
                0x0000000000005fde                ring_buf_area_claim
 .text.ring_buf_put_claim
                0x000000000000600e       0x1e zephyr/libzephyr.a(ring_buffer.c.obj)
 .text.ring_buf_get_claim
                0x000000000000602c       0x1e zephyr/libzephyr.a(ring_buffer.c.obj)
 .text.ring_buf_area_finish
                0x000000000000604a       0x32 zephyr/libzephyr.a(ring_buffer.c.obj)
                0x000000000000604a                ring_buf_area_finish
 .text.ring_buf_put
                0x000000000000607c       0x40 zephyr/libzephyr.a(ring_buffer.c.obj)
                0x000000000000607c                ring_buf_put
 .text.ring_buf_get
                0x00000000000060bc       0x44 zephyr/libzephyr.a(ring_buffer.c.obj)
                0x00000000000060bc                ring_buf_get
 .text._ConfigAbsSyms
                0x0000000000006100        0x2 zephyr/libzephyr.a(configs.c.obj)
                0x0000000000006100                _ConfigAbsSyms
 .text.log_msg_generic_get_wlen
                0x0000000000006102       0x20 zephyr/libzephyr.a(log_core.c.obj)
 .text.dummy_timestamp
                0x0000000000006122        0x4 zephyr/libzephyr.a(log_core.c.obj)
 .text.default_get_timestamp
                0x0000000000006126        0x4 zephyr/libzephyr.a(log_core.c.obj)
 .text.atomic_inc
                0x000000000000612a       0x12 zephyr/libzephyr.a(log_core.c.obj)
 .text.z_log_vprintk
                0x000000000000613c       0x1c zephyr/libzephyr.a(log_core.c.obj)
                0x000000000000613c                z_log_vprintk
 .text.z_log_notify_drop
                0x0000000000006158        0x6 zephyr/libzephyr.a(log_core.c.obj)
 .text.z_log_get_tag
                0x000000000000615e        0x4 zephyr/libzephyr.a(log_core.c.obj)
                0x000000000000615e                z_log_get_tag
 .text.log_backend_enable
                0x0000000000006162       0x12 zephyr/libzephyr.a(log_mgmt.c.obj)
                0x0000000000006162                log_backend_enable
 .text.z_cbprintf_cpy
                0x0000000000006174       0x2e zephyr/libzephyr.a(log_msg.c.obj)
 .text.z_log_msg_finalize
                0x00000000000061a2       0x32 zephyr/libzephyr.a(log_msg.c.obj)
                0x00000000000061a2                z_log_msg_finalize
 .text.z_log_msg_simple_create
                0x00000000000061d4       0x6e zephyr/libzephyr.a(log_msg.c.obj)
 .text.z_impl_z_log_msg_simple_create_0
                0x0000000000006242       0x12 zephyr/libzephyr.a(log_msg.c.obj)
                0x0000000000006242                z_impl_z_log_msg_simple_create_0
 .text.z_impl_z_log_msg_simple_create_1
                0x0000000000006254       0x14 zephyr/libzephyr.a(log_msg.c.obj)
                0x0000000000006254                z_impl_z_log_msg_simple_create_1
 .text.z_impl_z_log_msg_simple_create_2
                0x0000000000006268       0x18 zephyr/libzephyr.a(log_msg.c.obj)
                0x0000000000006268                z_impl_z_log_msg_simple_create_2
 .text.log_output_write
                0x0000000000006280       0x1c zephyr/libzephyr.a(log_output.c.obj)
 .text.log_output_flush
                0x000000000000629c       0x1a zephyr/libzephyr.a(log_output.c.obj)
 .text.out_func
                0x00000000000062b6       0x2e zephyr/libzephyr.a(log_output.c.obj)
 .text.cr_out_func
                0x00000000000062e4       0x1c zephyr/libzephyr.a(log_output.c.obj)
 .text.log_output_msg_process
                0x0000000000006300       0x6a zephyr/libzephyr.a(log_output.c.obj)
                0x0000000000006300                log_output_msg_process
 .text.format_set
                0x000000000000636a        0xc zephyr/libzephyr.a(log_backend_uart.c.obj)
 .text.log_backend_uart_init
                0x0000000000006376        0xc zephyr/libzephyr.a(log_backend_uart.c.obj)
 .text.panic    0x0000000000006382       0x32 zephyr/libzephyr.a(log_backend_uart.c.obj)
 .text.dropped  0x00000000000063b4        0xa zephyr/libzephyr.a(log_backend_uart.c.obj)
 .text.process  0x00000000000063be       0x1e zephyr/libzephyr.a(log_backend_uart.c.obj)
 .text.z_do_kernel_oops
                0x00000000000063dc        0x8 zephyr/arch/arch/arm/core/libarch__arm__core.a(fatal.c.obj)
                0x00000000000063dc                z_do_kernel_oops
 .text.z_arm_nmi
                0x00000000000063e4        0xe zephyr/arch/arch/arm/core/libarch__arm__core.a(nmi.c.obj)
                0x00000000000063e4                z_arm_nmi
 .text.z_log_msg_simple_create_0.constprop.0
                0x00000000000063f2        0x8 zephyr/arch/arch/arm/core/cortex_m/libarch__arm__core__cortex_m.a(fault.c.obj)
 .text.z_irq_spurious
                0x00000000000063fa        0x8 zephyr/arch/arch/arm/core/cortex_m/libarch__arm__core__cortex_m.a(irq_manage.c.obj)
                0x00000000000063fa                z_irq_spurious
 .text.configure_builtin_stack_guard
                0x0000000000006402        0x8 zephyr/arch/arch/arm/core/cortex_m/libarch__arm__core__cortex_m.a(thread.c.obj)
                0x0000000000006402                configure_builtin_stack_guard
 .text.arch_coprocessors_disable
                0x000000000000640a        0x6 zephyr/arch/arch/arm/core/cortex_m/libarch__arm__core__cortex_m.a(thread.c.obj)
                0x000000000000640a                arch_coprocessors_disable
 .text.arch_irq_unlock_outlined
                0x0000000000006410        0xe zephyr/arch/arch/arm/core/cortex_m/libarch__arm__core__cortex_m.a(thread.c.obj)
                0x0000000000006410                arch_irq_unlock_outlined
 .text.arch_cpu_idle
                0x000000000000641e       0x1a zephyr/arch/arch/arm/core/cortex_m/libarch__arm__core__cortex_m.a(cpu_idle.c.obj)
                0x000000000000641e                arch_cpu_idle
 .text.arch_cpu_atomic_idle
                0x0000000000006438       0x1e zephyr/arch/arch/arm/core/cortex_m/libarch__arm__core__cortex_m.a(cpu_idle.c.obj)
                0x0000000000006438                arch_cpu_atomic_idle
 .text.arm_cmse_mpu_region_get
                0x0000000000006456       0x12 zephyr/arch/arch/arm/core/cortex_m/cmse/libarch__arm__core__cortex_m__cmse.a(arm_core_cmse.c.obj)
                0x0000000000006456                arm_cmse_mpu_region_get
 .text.mpu_configure_region
                0x0000000000006468       0x32 zephyr/arch/arch/arm/core/mpu/libarch__arm__core__mpu.a(arm_mpu.c.obj)
 .text.cbputc   0x000000000000649a        0xc zephyr/lib/libc/picolibc/liblib__libc__picolibc.a(cbprintf.c.obj)
 .text.picolibc_put
                0x00000000000064a6        0xa zephyr/lib/libc/picolibc/liblib__libc__picolibc.a(stdio.c.obj)
 .text.get_status
                0x00000000000064b0       0x12 zephyr/drivers/clock_control/libdrivers__clock_control.a(clock_control_nrf.c.obj)
 .text.stop     0x00000000000064c2       0x50 zephyr/drivers/clock_control/libdrivers__clock_control.a(clock_control_nrf.c.obj)
 .text.api_stop
                0x0000000000006512        0x6 zephyr/drivers/clock_control/libdrivers__clock_control.a(clock_control_nrf.c.obj)
 .text.async_start
                0x0000000000006518       0x5a zephyr/drivers/clock_control/libdrivers__clock_control.a(clock_control_nrf.c.obj)
 .text.api_start
                0x0000000000006572        0xe zephyr/drivers/clock_control/libdrivers__clock_control.a(clock_control_nrf.c.obj)
 .text.onoff_started_callback
                0x0000000000006580       0x12 zephyr/drivers/clock_control/libdrivers__clock_control.a(clock_control_nrf.c.obj)
 .text.lfclk_start
                0x0000000000006592        0x6 zephyr/drivers/clock_control/libdrivers__clock_control.a(clock_control_nrf.c.obj)
 .text.lfclk_stop
                0x0000000000006598        0x6 zephyr/drivers/clock_control/libdrivers__clock_control.a(clock_control_nrf.c.obj)
 .text.blocking_start_callback
                0x000000000000659e        0x6 zephyr/drivers/clock_control/libdrivers__clock_control.a(clock_control_nrf.c.obj)
 .text.gpio_nrfx_port_get_raw
                0x00000000000065a4        0xc zephyr/drivers/gpio/libdrivers__gpio.a(gpio_nrfx.c.obj)
 .text.gpio_nrfx_port_set_masked_raw
                0x00000000000065b0       0x14 zephyr/drivers/gpio/libdrivers__gpio.a(gpio_nrfx.c.obj)
 .text.gpio_nrfx_port_set_bits_raw
                0x00000000000065c4        0xa zephyr/drivers/gpio/libdrivers__gpio.a(gpio_nrfx.c.obj)
 .text.gpio_nrfx_port_clear_bits_raw
                0x00000000000065ce        0xa zephyr/drivers/gpio/libdrivers__gpio.a(gpio_nrfx.c.obj)
 .text.gpio_nrfx_port_toggle_bits
                0x00000000000065d8       0x14 zephyr/drivers/gpio/libdrivers__gpio.a(gpio_nrfx.c.obj)
 .text.gpio_nrfx_manage_callback
                0x00000000000065ec       0x52 zephyr/drivers/gpio/libdrivers__gpio.a(gpio_nrfx.c.obj)
 .text.pinctrl_lookup_state
                0x000000000000663e       0x26 zephyr/drivers/pinctrl/libdrivers__pinctrl.a(common.c.obj)
                0x000000000000663e                pinctrl_lookup_state
 .text.uarte_nrfx_err_check
                0x0000000000006664        0xe zephyr/drivers/serial/libdrivers__serial.a(uart_nrfx_uarte.c.obj)
 .text.uarte_nrfx_poll_in
                0x0000000000006672       0x26 zephyr/drivers/serial/libdrivers__serial.a(uart_nrfx_uarte.c.obj)
 .text.uarte_nrfx_fifo_read
                0x0000000000006698       0x28 zephyr/drivers/serial/libdrivers__serial.a(uart_nrfx_uarte.c.obj)
 .text.uarte_nrfx_irq_tx_enable
                0x00000000000066c0       0x34 zephyr/drivers/serial/libdrivers__serial.a(uart_nrfx_uarte.c.obj)
 .text.uarte_nrfx_irq_tx_disable
                0x00000000000066f4       0x10 zephyr/drivers/serial/libdrivers__serial.a(uart_nrfx_uarte.c.obj)
 .text.uarte_nrfx_irq_tx_ready_complete
                0x0000000000006704       0x1e zephyr/drivers/serial/libdrivers__serial.a(uart_nrfx_uarte.c.obj)
 .text.uarte_nrfx_irq_rx_ready
                0x0000000000006722       0x10 zephyr/drivers/serial/libdrivers__serial.a(uart_nrfx_uarte.c.obj)
 .text.uarte_nrfx_irq_rx_enable
                0x0000000000006732        0xc zephyr/drivers/serial/libdrivers__serial.a(uart_nrfx_uarte.c.obj)
 .text.uarte_nrfx_irq_rx_disable
                0x000000000000673e        0xc zephyr/drivers/serial/libdrivers__serial.a(uart_nrfx_uarte.c.obj)
 .text.uarte_nrfx_irq_err_enable
                0x000000000000674a        0xe zephyr/drivers/serial/libdrivers__serial.a(uart_nrfx_uarte.c.obj)
 .text.uarte_nrfx_irq_err_disable
                0x0000000000006758        0xe zephyr/drivers/serial/libdrivers__serial.a(uart_nrfx_uarte.c.obj)
 .text.uarte_nrfx_irq_is_pending
                0x0000000000006766       0x36 zephyr/drivers/serial/libdrivers__serial.a(uart_nrfx_uarte.c.obj)
 .text.uarte_nrfx_irq_update
                0x000000000000679c        0x4 zephyr/drivers/serial/libdrivers__serial.a(uart_nrfx_uarte.c.obj)
 .text.uarte_nrfx_irq_callback_set
                0x00000000000067a0        0xc zephyr/drivers/serial/libdrivers__serial.a(uart_nrfx_uarte.c.obj)
 .text.is_tx_ready.isra.0
                0x00000000000067ac       0x20 zephyr/drivers/serial/libdrivers__serial.a(uart_nrfx_uarte.c.obj)
 .text.uarte_nrfx_isr_int
                0x00000000000067cc       0x88 zephyr/drivers/serial/libdrivers__serial.a(uart_nrfx_uarte.c.obj)
 .text.pinctrl_apply_state.isra.0
                0x0000000000006854       0x1e zephyr/drivers/serial/libdrivers__serial.a(uart_nrfx_uarte.c.obj)
 .text.uarte_1_init
                0x0000000000006872       0x1e zephyr/drivers/serial/libdrivers__serial.a(uart_nrfx_uarte.c.obj)
 .text.uarte_0_init
                0x0000000000006890       0x1e zephyr/drivers/serial/libdrivers__serial.a(uart_nrfx_uarte.c.obj)
 .text.uarte_nrfx_fifo_fill
                0x00000000000068ae       0x8a zephyr/drivers/serial/libdrivers__serial.a(uart_nrfx_uarte.c.obj)
 .text.event_clear
                0x0000000000006938       0x18 zephyr/drivers/timer/libdrivers__timer.a(nrf_rtc_timer.c.obj)
 .text.sys_clock_cycle_get_32
                0x0000000000006950        0x8 zephyr/drivers/timer/libdrivers__timer.a(nrf_rtc_timer.c.obj)
                0x0000000000006950                sys_clock_cycle_get_32
 .text.nrf91_errata_6
                0x0000000000006958       0x1e modules/hal_nordic/nrfx/libmodules__hal_nordic__nrfx.a(system_nrf91.c.obj)
 .text.nrf91_errata_14
                0x0000000000006976       0x24 modules/hal_nordic/nrfx/libmodules__hal_nordic__nrfx.a(system_nrf91.c.obj)
 .text.nrfx_isr
                0x000000000000699a        0x2 modules/hal_nordic/nrfx/libmodules__hal_nordic__nrfx.a(nrfx_glue.c.obj)
                0x000000000000699a                nrfx_isr
 .text.nrfx_busy_wait
                0x000000000000699c        0x4 modules/hal_nordic/nrfx/libmodules__hal_nordic__nrfx.a(nrfx_glue.c.obj)
                0x000000000000699c                nrfx_busy_wait
 .text.nrfx_gppi_channel_endpoints_setup
                0x00000000000069a0        0xe modules/hal_nordic/nrfx/libmodules__hal_nordic__nrfx.a(nrfx_gppi_dppi.c.obj)
                0x00000000000069a0                nrfx_gppi_channel_endpoints_setup
 .text.clock_stop
                0x00000000000069ae       0xae modules/hal_nordic/nrfx/libmodules__hal_nordic__nrfx.a(nrfx_clock.c.obj)
 .text.nrfx_clock_stop
                0x0000000000006a5c        0x4 modules/hal_nordic/nrfx/libmodules__hal_nordic__nrfx.a(nrfx_clock.c.obj)
                0x0000000000006a5c                nrfx_clock_stop
 .text.nrf_gpio_reconfigure
                0x0000000000006a60       0x92 modules/hal_nordic/nrfx/libmodules__hal_nordic__nrfx.a(nrfx_gpiote.c.obj)
 .text.nrf_gpio_cfg_sense_set
                0x0000000000006af2       0x1e modules/hal_nordic/nrfx/libmodules__hal_nordic__nrfx.a(nrfx_gpiote.c.obj)
 .text.nrfx_gpiote_pin_uninit
                0x0000000000006b10        0x4 modules/hal_nordic/nrfx/libmodules__hal_nordic__nrfx.a(nrfx_gpiote.c.obj)
                0x0000000000006b10                nrfx_gpiote_pin_uninit
 .text.nrfx_gpiote_trigger_disable
                0x0000000000006b14        0x4 modules/hal_nordic/nrfx/libmodules__hal_nordic__nrfx.a(nrfx_gpiote.c.obj)
                0x0000000000006b14                nrfx_gpiote_trigger_disable
 .text.z_impl_k_busy_wait
                0x0000000000006b18        0x8 zephyr/kernel/libkernel.a(busy_wait.c.obj)
                0x0000000000006b18                z_impl_k_busy_wait
 .text.z_device_state_init
                0x0000000000006b20        0x2 zephyr/kernel/libkernel.a(device.c.obj)
                0x0000000000006b20                z_device_state_init
 .text.z_impl_device_is_ready
                0x0000000000006b22       0x16 zephyr/kernel/libkernel.a(device.c.obj)
                0x0000000000006b22                z_impl_device_is_ready
 .text.arch_system_halt
                0x0000000000006b38       0x10 zephyr/kernel/libkernel.a(fatal.c.obj)
                0x0000000000006b38                arch_system_halt
 .text.do_device_init
                0x0000000000006b48       0x2e zephyr/kernel/libkernel.a(init.c.obj)
 .text.z_early_memset
                0x0000000000006b76        0x4 zephyr/kernel/libkernel.a(init.c.obj)
                0x0000000000006b76                z_early_memset
 .text.z_early_memcpy
                0x0000000000006b7a        0x4 zephyr/kernel/libkernel.a(init.c.obj)
                0x0000000000006b7a                z_early_memcpy
 .text.idle     0x0000000000006b7e       0x16 zephyr/kernel/libkernel.a(idle.c.obj)
                0x0000000000006b7e                idle
 .text.z_impl_k_sem_init
                0x0000000000006b94       0x18 zephyr/kernel/libkernel.a(sem.c.obj)
                0x0000000000006b94                z_impl_k_sem_init
 .text.k_is_in_isr
                0x0000000000006bac        0xc zephyr/kernel/libkernel.a(thread.c.obj)
                0x0000000000006bac                k_is_in_isr
 .text.z_impl_k_thread_name_set
                0x0000000000006bb8        0x6 zephyr/kernel/libkernel.a(thread.c.obj)
                0x0000000000006bb8                z_impl_k_thread_name_set
 .text.k_thread_name_get
                0x0000000000006bbe        0x4 zephyr/kernel/libkernel.a(thread.c.obj)
                0x0000000000006bbe                k_thread_name_get
 .text.sys_dlist_remove
                0x0000000000006bc2       0x10 zephyr/kernel/libkernel.a(sched.c.obj)
 .text.unpend_thread_no_timeout
                0x0000000000006bd2       0x14 zephyr/kernel/libkernel.a(sched.c.obj)
 .text.add_to_waitq_locked
                0x0000000000006be6       0x50 zephyr/kernel/libkernel.a(sched.c.obj)
 .text.z_ready_thread
                0x0000000000006c36       0x1e zephyr/kernel/libkernel.a(sched.c.obj)
                0x0000000000006c36                z_ready_thread
 .text.z_unpend_thread_no_timeout
                0x0000000000006c54       0x22 zephyr/kernel/libkernel.a(sched.c.obj)
                0x0000000000006c54                z_unpend_thread_no_timeout
 .text.z_sched_wake_thread
                0x0000000000006c76       0x3a zephyr/kernel/libkernel.a(sched.c.obj)
                0x0000000000006c76                z_sched_wake_thread
 .text.z_thread_timeout
                0x0000000000006cb0        0x8 zephyr/kernel/libkernel.a(sched.c.obj)
                0x0000000000006cb0                z_thread_timeout
 .text.z_unpend1_no_timeout
                0x0000000000006cb8       0x2c zephyr/kernel/libkernel.a(sched.c.obj)
                0x0000000000006cb8                z_unpend1_no_timeout
 .text.z_impl_k_sleep
                0x0000000000006ce4       0x4e zephyr/kernel/libkernel.a(sched.c.obj)
                0x0000000000006ce4                z_impl_k_sleep
 .text.next_timeout
                0x0000000000006d32       0x2e zephyr/kernel/libkernel.a(timeout.c.obj)
 .text.z_abort_timeout
                0x0000000000006d60       0x50 zephyr/kernel/libkernel.a(timeout.c.obj)
                0x0000000000006d60                z_abort_timeout
 .text.sys_clock_tick_get_32
                0x0000000000006db0        0x8 zephyr/kernel/libkernel.a(timeout.c.obj)
                0x0000000000006db0                sys_clock_tick_get_32
 .text.z_impl_k_uptime_ticks
                0x0000000000006db8        0x4 zephyr/kernel/libkernel.a(timeout.c.obj)
                0x0000000000006db8                z_impl_k_uptime_ticks
 .text.k_timer_init
                0x0000000000006dbc       0x18 zephyr/kernel/libkernel.a(timer.c.obj)
                0x0000000000006dbc                k_timer_init
 .text.z_impl_k_timer_stop
                0x0000000000006dd4       0x38 zephyr/kernel/libkernel.a(timer.c.obj)
                0x0000000000006dd4                z_impl_k_timer_stop
 .text.memcpy   0x0000000000006e0c       0x1a /opt/zephyr-sdk/arm-zephyr-eabi/bin/../lib/gcc/../../picolibc/arm-zephyr-eabi/lib/thumb/v8-m.main/nofp/libc.a(memcpy.c.o)
                0x0000000000006e0c                memcpy
                0x0000000000006e0c                __aeabi_memcpy
                0x0000000000006e0c                __aeabi_memcpy4
                0x0000000000006e0c                __aeabi_memcpy8
 .text.memmove  0x0000000000006e26       0x34 /opt/zephyr-sdk/arm-zephyr-eabi/bin/../lib/gcc/../../picolibc/arm-zephyr-eabi/lib/thumb/v8-m.main/nofp/libc.a(memmove.c.o)
                0x0000000000006e26                memmove
                0x0000000000006e26                __aeabi_memmove8
                0x0000000000006e26                __aeabi_memmove
                0x0000000000006e26                __aeabi_memmove4
 .text.memset   0x0000000000006e5a       0x10 /opt/zephyr-sdk/arm-zephyr-eabi/bin/../lib/gcc/../../picolibc/arm-zephyr-eabi/lib/thumb/v8-m.main/nofp/libc.a(memset.c.o)
                0x0000000000006e5a                memset
 .text.strnlen  0x0000000000006e6a       0x18 /opt/zephyr-sdk/arm-zephyr-eabi/bin/../lib/gcc/../../picolibc/arm-zephyr-eabi/lib/thumb/v8-m.main/nofp/libc.a(libc_string_strnlen.c.o)
                0x0000000000006e6a                strnlen
 .text.__ultoa_invert
                0x0000000000006e82       0xac /opt/zephyr-sdk/arm-zephyr-eabi/bin/../lib/gcc/../../picolibc/arm-zephyr-eabi/lib/thumb/v8-m.main/nofp/libc.a(libc_tinystdio_vflprintf.c.o)
 .text.__file_str_put
                0x0000000000006f2e       0x10 /opt/zephyr-sdk/arm-zephyr-eabi/bin/../lib/gcc/../../picolibc/arm-zephyr-eabi/lib/thumb/v8-m.main/nofp/libc.a(libc_tinystdio_filestrput.c.o)
                0x0000000000006f2e                __file_str_put
 *(SORT_BY_ALIGNMENT(.TEXT.*))
 *fill*         0x0000000000006f3e        0x2 
 .TEXT.__aeabi_read_tp
                0x0000000000006f40        0xc zephyr/arch/arch/arm/core/cortex_m/libarch__arm__core__cortex_m.a(__aeabi_read_tp.S.obj)
                0x0000000000006f40                __aeabi_read_tp
 *(SORT_BY_ALIGNMENT(.gnu.linkonce.t.*))
 *(SORT_BY_ALIGNMENT(.glue_7t))
 .glue_7t       0x0000000000006f4c        0x0 linker stubs
 *(SORT_BY_ALIGNMENT(.glue_7))
 .glue_7        0x0000000000006f4c        0x0 linker stubs
 *(SORT_BY_ALIGNMENT(.vfp11_veneer))
 .vfp11_veneer  0x0000000000006f4c        0x0 linker stubs
 *(SORT_BY_ALIGNMENT(.v4_bx))
 .v4_bx         0x0000000000006f4c        0x0 linker stubs
                0x0000000000006f4c                . = ALIGN (0x4)
                0x0000000000006f4c                __text_region_end = .

.ARM.exidx      0x0000000000006f4c        0x8
                0x0000000000006f4c                __exidx_start = .
 *(SORT_BY_ALIGNMENT(.ARM.exidx*) SORT_BY_ALIGNMENT(gnu.linkonce.armexidx.*))
 .ARM.exidx     0x0000000000006f4c        0x8 /opt/zephyr-sdk/arm-zephyr-eabi/bin/../lib/gcc/../../picolibc/arm-zephyr-eabi/lib/thumb/v8-m.main/nofp/libc.a(strlen.S.o)
                0x0000000000006f54                __exidx_end = .
                0x0000000000006f54                __rodata_region_start = .

initlevel       0x0000000000006f54       0x48
                0x0000000000006f54                __init_start = .
                0x0000000000006f54                __init_EARLY_start = .
 *(SORT_BY_NAME(SORT_BY_ALIGNMENT(.z_init_EARLY_P_?_*)))
 *(SORT_BY_NAME(SORT_BY_ALIGNMENT(.z_init_EARLY_P_??_*)))
 *(SORT_BY_NAME(SORT_BY_ALIGNMENT(.z_init_EARLY_P_???_*)))
                0x0000000000006f54                __init_PRE_KERNEL_1_start = .
 *(SORT_BY_NAME(SORT_BY_ALIGNMENT(.z_init_PRE_KERNEL_1_P_?_*)))
 .z_init_PRE_KERNEL_1_P_0_SUB_0_
                0x0000000000006f54        0x8 zephyr/soc/soc/nrf9161/libsoc__nordic.a(soc.c.obj)
 *(SORT_BY_NAME(SORT_BY_ALIGNMENT(.z_init_PRE_KERNEL_1_P_??_*)))
 .z_init_PRE_KERNEL_1_P_30_SUB_00067_
                0x0000000000006f5c        0x8 zephyr/drivers/clock_control/libdrivers__clock_control.a(clock_control_nrf.c.obj)
 .z_init_PRE_KERNEL_1_P_40_SUB_00010_
                0x0000000000006f64        0x8 zephyr/drivers/gpio/libdrivers__gpio.a(gpio_nrfx.c.obj)
 .z_init_PRE_KERNEL_1_P_50_SUB_00093_
                0x0000000000006f6c        0x8 zephyr/drivers/serial/libdrivers__serial.a(uart_nrfx_uarte.c.obj)
 .z_init_PRE_KERNEL_1_P_50_SUB_00094_
                0x0000000000006f74        0x8 zephyr/drivers/serial/libdrivers__serial.a(uart_nrfx_uarte.c.obj)
 .z_init_PRE_KERNEL_1_P_60_SUB_0_
                0x0000000000006f7c        0x8 zephyr/drivers/console/libdrivers__console.a(uart_console.c.obj)
 *(SORT_BY_NAME(SORT_BY_ALIGNMENT(.z_init_PRE_KERNEL_1_P_???_*)))
                0x0000000000006f84                __init_PRE_KERNEL_2_start = .
 *(SORT_BY_NAME(SORT_BY_ALIGNMENT(.z_init_PRE_KERNEL_2_P_?_*)))
 .z_init_PRE_KERNEL_2_P_0_SUB_0_
                0x0000000000006f84        0x8 zephyr/drivers/timer/libdrivers__timer.a(nrf_rtc_timer.c.obj)
 *(SORT_BY_NAME(SORT_BY_ALIGNMENT(.z_init_PRE_KERNEL_2_P_??_*)))
 *(SORT_BY_NAME(SORT_BY_ALIGNMENT(.z_init_PRE_KERNEL_2_P_???_*)))
                0x0000000000006f8c                __init_POST_KERNEL_start = .
 *(SORT_BY_NAME(SORT_BY_ALIGNMENT(.z_init_POST_KERNEL_P_?_*)))
 .z_init_POST_KERNEL_P_0_SUB_0_
                0x0000000000006f8c        0x8 zephyr/libzephyr.a(log_core.c.obj)
 *(SORT_BY_NAME(SORT_BY_ALIGNMENT(.z_init_POST_KERNEL_P_??_*)))
 .z_init_POST_KERNEL_P_35_SUB_0_
                0x0000000000006f94        0x8 zephyr/lib/libc/common/liblib__libc__common.a(malloc.c.obj)
 *(SORT_BY_NAME(SORT_BY_ALIGNMENT(.z_init_POST_KERNEL_P_???_*)))
                0x0000000000006f9c                __init_APPLICATION_start = .
 *(SORT_BY_NAME(SORT_BY_ALIGNMENT(.z_init_APPLICATION_P_?_*)))
 *(SORT_BY_NAME(SORT_BY_ALIGNMENT(.z_init_APPLICATION_P_??_*)))
 *(SORT_BY_NAME(SORT_BY_ALIGNMENT(.z_init_APPLICATION_P_???_*)))
                0x0000000000006f9c                __init_SMP_start = .
 *(SORT_BY_NAME(SORT_BY_ALIGNMENT(.z_init_SMP_P_?_*)))
 *(SORT_BY_NAME(SORT_BY_ALIGNMENT(.z_init_SMP_P_??_*)))
 *(SORT_BY_NAME(SORT_BY_ALIGNMENT(.z_init_SMP_P_???_*)))
                0x0000000000006f9c                __init_end = .

device_area     0x0000000000006f9c       0x80
                0x0000000000006f9c                _device_list_start = .
 *(SORT_BY_NAME(SORT_BY_ALIGNMENT(._device.static.*_?_*)))
 *(SORT_BY_NAME(SORT_BY_ALIGNMENT(._device.static.*_??_*)))
 ._device.static.1_30_
                0x0000000000006f9c       0x20 zephyr/drivers/clock_control/libdrivers__clock_control.a(clock_control_nrf.c.obj)
                0x0000000000006f9c                __device_dts_ord_67
 ._device.static.1_40_
                0x0000000000006fbc       0x20 zephyr/drivers/gpio/libdrivers__gpio.a(gpio_nrfx.c.obj)
                0x0000000000006fbc                __device_dts_ord_10
 ._device.static.1_50_
                0x0000000000006fdc       0x40 zephyr/drivers/serial/libdrivers__serial.a(uart_nrfx_uarte.c.obj)
                0x0000000000006fdc                __device_dts_ord_94
                0x0000000000006ffc                __device_dts_ord_93
 *(SORT_BY_NAME(SORT_BY_ALIGNMENT(._device.static.*_???_*)))
 *(SORT_BY_NAME(SORT_BY_ALIGNMENT(._device.static.*_????_*)))
 *(SORT_BY_NAME(SORT_BY_ALIGNMENT(._device.static.*_?????_*)))
                0x000000000000701c                _device_list_end = .

sw_isr_table    0x000000000000701c      0x208
                0x000000000000701c                . = ALIGN (0x4)
 *(SORT_BY_ALIGNMENT(.gnu.linkonce.sw_isr_table*))
 .gnu.linkonce.sw_isr_table
                0x000000000000701c      0x208 zephyr/arch/common/libisr_tables.a(isr_tables.c.obj)
                0x000000000000701c                _sw_isr_table

initlevel_error
                0x0000000000006f54        0x0
 *(SORT_BY_NAME(SORT_BY_ALIGNMENT(.z_init_*)))
                0x0000000000000001                ASSERT ((SIZEOF (initlevel_error) == 0x0), Undefined initialization levels used.)

app_shmem_regions
                0x0000000000007224        0x0
                0x0000000000007224                __app_shmem_regions_start = .
 *(SORT_BY_NAME(SORT_BY_ALIGNMENT(.app_regions.*)))
                0x0000000000007224                __app_shmem_regions_end = .

k_p4wq_initparam_area
                0x0000000000007224        0x0
                0x0000000000007224                _k_p4wq_initparam_list_start = .
 *(SORT_BY_NAME(SORT_BY_ALIGNMENT(._k_p4wq_initparam.static.*)))
                0x0000000000007224                _k_p4wq_initparam_list_end = .

_static_thread_data_area
                0x0000000000007224        0x0
                0x0000000000007224                __static_thread_data_list_start = .
 *(SORT_BY_NAME(SORT_BY_ALIGNMENT(.__static_thread_data.static.*)))
                0x0000000000007224                __static_thread_data_list_end = .

device_deps     0x0000000000007224        0x0
                0x0000000000007224                __device_deps_start = .
 *(SORT_BY_NAME(SORT_BY_ALIGNMENT(.__device_deps_pass2*)))
                0x0000000000007224                __device_deps_end = .

gpio_driver_api_area
                0x0000000000007224       0x24
                0x0000000000007224                _gpio_driver_api_list_start = .
 *(SORT_BY_NAME(SORT_BY_ALIGNMENT(._gpio_driver_api.static.*)))
 ._gpio_driver_api.static.gpio_nrfx_drv_api_funcs_
                0x0000000000007224       0x24 zephyr/drivers/gpio/libdrivers__gpio.a(gpio_nrfx.c.obj)
                0x0000000000007248                _gpio_driver_api_list_end = .

shared_irq_driver_api_area
                0x0000000000007248        0x0
                0x0000000000007248                _shared_irq_driver_api_list_start = .
 *(SORT_BY_NAME(SORT_BY_ALIGNMENT(._shared_irq_driver_api.static.*)))
                0x0000000000007248                _shared_irq_driver_api_list_end = .

crypto_driver_api_area
                0x0000000000007248        0x0
                0x0000000000007248                _crypto_driver_api_list_start = .
 *(SORT_BY_NAME(SORT_BY_ALIGNMENT(._crypto_driver_api.static.*)))
                0x0000000000007248                _crypto_driver_api_list_end = .

adc_driver_api_area
                0x0000000000007248        0x0
                0x0000000000007248                _adc_driver_api_list_start = .
 *(SORT_BY_NAME(SORT_BY_ALIGNMENT(._adc_driver_api.static.*)))
                0x0000000000007248                _adc_driver_api_list_end = .

auxdisplay_driver_api_area
                0x0000000000007248        0x0
                0x0000000000007248                _auxdisplay_driver_api_list_start = .
 *(SORT_BY_NAME(SORT_BY_ALIGNMENT(._auxdisplay_driver_api.static.*)))
                0x0000000000007248                _auxdisplay_driver_api_list_end = .

bbram_driver_api_area
                0x0000000000007248        0x0
                0x0000000000007248                _bbram_driver_api_list_start = .
 *(SORT_BY_NAME(SORT_BY_ALIGNMENT(._bbram_driver_api.static.*)))
                0x0000000000007248                _bbram_driver_api_list_end = .

bt_hci_driver_api_area
                0x0000000000007248        0x0
                0x0000000000007248                _bt_hci_driver_api_list_start = .
 *(SORT_BY_NAME(SORT_BY_ALIGNMENT(._bt_hci_driver_api.static.*)))
                0x0000000000007248                _bt_hci_driver_api_list_end = .

can_driver_api_area
                0x0000000000007248        0x0
                0x0000000000007248                _can_driver_api_list_start = .
 *(SORT_BY_NAME(SORT_BY_ALIGNMENT(._can_driver_api.static.*)))
                0x0000000000007248                _can_driver_api_list_end = .

cellular_driver_api_area
                0x0000000000007248        0x0
                0x0000000000007248                _cellular_driver_api_list_start = .
 *(SORT_BY_NAME(SORT_BY_ALIGNMENT(._cellular_driver_api.static.*)))
                0x0000000000007248                _cellular_driver_api_list_end = .

charger_driver_api_area
                0x0000000000007248        0x0
                0x0000000000007248                _charger_driver_api_list_start = .
 *(SORT_BY_NAME(SORT_BY_ALIGNMENT(._charger_driver_api.static.*)))
                0x0000000000007248                _charger_driver_api_list_end = .

clock_control_driver_api_area
                0x0000000000007248       0x1c
                0x0000000000007248                _clock_control_driver_api_list_start = .
 *(SORT_BY_NAME(SORT_BY_ALIGNMENT(._clock_control_driver_api.static.*)))
 ._clock_control_driver_api.static.clock_control_api_
                0x0000000000007248       0x1c zephyr/drivers/clock_control/libdrivers__clock_control.a(clock_control_nrf.c.obj)
                0x0000000000007264                _clock_control_driver_api_list_end = .

comparator_driver_api_area
                0x0000000000007264        0x0
                0x0000000000007264                _comparator_driver_api_list_start = .
 *(SORT_BY_NAME(SORT_BY_ALIGNMENT(._comparator_driver_api.static.*)))
                0x0000000000007264                _comparator_driver_api_list_end = .

coredump_driver_api_area
                0x0000000000007264        0x0
                0x0000000000007264                _coredump_driver_api_list_start = .
 *(SORT_BY_NAME(SORT_BY_ALIGNMENT(._coredump_driver_api.static.*)))
                0x0000000000007264                _coredump_driver_api_list_end = .

counter_driver_api_area
                0x0000000000007264        0x0
                0x0000000000007264                _counter_driver_api_list_start = .
 *(SORT_BY_NAME(SORT_BY_ALIGNMENT(._counter_driver_api.static.*)))
                0x0000000000007264                _counter_driver_api_list_end = .

dac_driver_api_area
                0x0000000000007264        0x0
                0x0000000000007264                _dac_driver_api_list_start = .
 *(SORT_BY_NAME(SORT_BY_ALIGNMENT(._dac_driver_api.static.*)))
                0x0000000000007264                _dac_driver_api_list_end = .

dai_driver_api_area
                0x0000000000007264        0x0
                0x0000000000007264                _dai_driver_api_list_start = .
 *(SORT_BY_NAME(SORT_BY_ALIGNMENT(._dai_driver_api.static.*)))
                0x0000000000007264                _dai_driver_api_list_end = .

display_driver_api_area
                0x0000000000007264        0x0
                0x0000000000007264                _display_driver_api_list_start = .
 *(SORT_BY_NAME(SORT_BY_ALIGNMENT(._display_driver_api.static.*)))
                0x0000000000007264                _display_driver_api_list_end = .

dma_driver_api_area
                0x0000000000007264        0x0
                0x0000000000007264                _dma_driver_api_list_start = .
 *(SORT_BY_NAME(SORT_BY_ALIGNMENT(._dma_driver_api.static.*)))
                0x0000000000007264                _dma_driver_api_list_end = .

edac_driver_api_area
                0x0000000000007264        0x0
                0x0000000000007264                _edac_driver_api_list_start = .
 *(SORT_BY_NAME(SORT_BY_ALIGNMENT(._edac_driver_api.static.*)))
                0x0000000000007264                _edac_driver_api_list_end = .

eeprom_driver_api_area
                0x0000000000007264        0x0
                0x0000000000007264                _eeprom_driver_api_list_start = .
 *(SORT_BY_NAME(SORT_BY_ALIGNMENT(._eeprom_driver_api.static.*)))
                0x0000000000007264                _eeprom_driver_api_list_end = .

emul_bbram_driver_api_area
                0x0000000000007264        0x0
                0x0000000000007264                _emul_bbram_driver_api_list_start = .
 *(SORT_BY_NAME(SORT_BY_ALIGNMENT(._emul_bbram_driver_api.static.*)))
                0x0000000000007264                _emul_bbram_driver_api_list_end = .

fuel_gauge_emul_driver_api_area
                0x0000000000007264        0x0
                0x0000000000007264                _fuel_gauge_emul_driver_api_list_start = .
 *(SORT_BY_NAME(SORT_BY_ALIGNMENT(._fuel_gauge_emul_driver_api.static.*)))
                0x0000000000007264                _fuel_gauge_emul_driver_api_list_end = .

emul_sensor_driver_api_area
                0x0000000000007264        0x0
                0x0000000000007264                _emul_sensor_driver_api_list_start = .
 *(SORT_BY_NAME(SORT_BY_ALIGNMENT(._emul_sensor_driver_api.static.*)))
                0x0000000000007264                _emul_sensor_driver_api_list_end = .

entropy_driver_api_area
                0x0000000000007264        0x0
                0x0000000000007264                _entropy_driver_api_list_start = .
 *(SORT_BY_NAME(SORT_BY_ALIGNMENT(._entropy_driver_api.static.*)))
                0x0000000000007264                _entropy_driver_api_list_end = .

espi_driver_api_area
                0x0000000000007264        0x0
                0x0000000000007264                _espi_driver_api_list_start = .
 *(SORT_BY_NAME(SORT_BY_ALIGNMENT(._espi_driver_api.static.*)))
                0x0000000000007264                _espi_driver_api_list_end = .

espi_saf_driver_api_area
                0x0000000000007264        0x0
                0x0000000000007264                _espi_saf_driver_api_list_start = .
 *(SORT_BY_NAME(SORT_BY_ALIGNMENT(._espi_saf_driver_api.static.*)))
                0x0000000000007264                _espi_saf_driver_api_list_end = .

flash_driver_api_area
                0x0000000000007264        0x0
                0x0000000000007264                _flash_driver_api_list_start = .
 *(SORT_BY_NAME(SORT_BY_ALIGNMENT(._flash_driver_api.static.*)))
                0x0000000000007264                _flash_driver_api_list_end = .

fpga_driver_api_area
                0x0000000000007264        0x0
                0x0000000000007264                _fpga_driver_api_list_start = .
 *(SORT_BY_NAME(SORT_BY_ALIGNMENT(._fpga_driver_api.static.*)))
                0x0000000000007264                _fpga_driver_api_list_end = .

fuel_gauge_driver_api_area
                0x0000000000007264        0x0
                0x0000000000007264                _fuel_gauge_driver_api_list_start = .
 *(SORT_BY_NAME(SORT_BY_ALIGNMENT(._fuel_gauge_driver_api.static.*)))
                0x0000000000007264                _fuel_gauge_driver_api_list_end = .

gnss_driver_api_area
                0x0000000000007264        0x0
                0x0000000000007264                _gnss_driver_api_list_start = .
 *(SORT_BY_NAME(SORT_BY_ALIGNMENT(._gnss_driver_api.static.*)))
                0x0000000000007264                _gnss_driver_api_list_end = .

haptics_driver_api_area
                0x0000000000007264        0x0
                0x0000000000007264                _haptics_driver_api_list_start = .
 *(SORT_BY_NAME(SORT_BY_ALIGNMENT(._haptics_driver_api.static.*)))
                0x0000000000007264                _haptics_driver_api_list_end = .

hwspinlock_driver_api_area
                0x0000000000007264        0x0
                0x0000000000007264                _hwspinlock_driver_api_list_start = .
 *(SORT_BY_NAME(SORT_BY_ALIGNMENT(._hwspinlock_driver_api.static.*)))
                0x0000000000007264                _hwspinlock_driver_api_list_end = .

i2c_driver_api_area
                0x0000000000007264        0x0
                0x0000000000007264                _i2c_driver_api_list_start = .
 *(SORT_BY_NAME(SORT_BY_ALIGNMENT(._i2c_driver_api.static.*)))
                0x0000000000007264                _i2c_driver_api_list_end = .

i2c_target_driver_api_area
                0x0000000000007264        0x0
                0x0000000000007264                _i2c_target_driver_api_list_start = .
 *(SORT_BY_NAME(SORT_BY_ALIGNMENT(._i2c_target_driver_api.static.*)))
                0x0000000000007264                _i2c_target_driver_api_list_end = .

i2s_driver_api_area
                0x0000000000007264        0x0
                0x0000000000007264                _i2s_driver_api_list_start = .
 *(SORT_BY_NAME(SORT_BY_ALIGNMENT(._i2s_driver_api.static.*)))
                0x0000000000007264                _i2s_driver_api_list_end = .

i3c_driver_api_area
                0x0000000000007264        0x0
                0x0000000000007264                _i3c_driver_api_list_start = .
 *(SORT_BY_NAME(SORT_BY_ALIGNMENT(._i3c_driver_api.static.*)))
                0x0000000000007264                _i3c_driver_api_list_end = .

ipm_driver_api_area
                0x0000000000007264        0x0
                0x0000000000007264                _ipm_driver_api_list_start = .
 *(SORT_BY_NAME(SORT_BY_ALIGNMENT(._ipm_driver_api.static.*)))
                0x0000000000007264                _ipm_driver_api_list_end = .

led_driver_api_area
                0x0000000000007264        0x0
                0x0000000000007264                _led_driver_api_list_start = .
 *(SORT_BY_NAME(SORT_BY_ALIGNMENT(._led_driver_api.static.*)))
                0x0000000000007264                _led_driver_api_list_end = .

led_strip_driver_api_area
                0x0000000000007264        0x0
                0x0000000000007264                _led_strip_driver_api_list_start = .
 *(SORT_BY_NAME(SORT_BY_ALIGNMENT(._led_strip_driver_api.static.*)))
                0x0000000000007264                _led_strip_driver_api_list_end = .

lora_driver_api_area
                0x0000000000007264        0x0
                0x0000000000007264                _lora_driver_api_list_start = .
 *(SORT_BY_NAME(SORT_BY_ALIGNMENT(._lora_driver_api.static.*)))
                0x0000000000007264                _lora_driver_api_list_end = .

mbox_driver_api_area
                0x0000000000007264        0x0
                0x0000000000007264                _mbox_driver_api_list_start = .
 *(SORT_BY_NAME(SORT_BY_ALIGNMENT(._mbox_driver_api.static.*)))
                0x0000000000007264                _mbox_driver_api_list_end = .

mdio_driver_api_area
                0x0000000000007264        0x0
                0x0000000000007264                _mdio_driver_api_list_start = .
 *(SORT_BY_NAME(SORT_BY_ALIGNMENT(._mdio_driver_api.static.*)))
                0x0000000000007264                _mdio_driver_api_list_end = .

mipi_dbi_driver_api_area
                0x0000000000007264        0x0
                0x0000000000007264                _mipi_dbi_driver_api_list_start = .
 *(SORT_BY_NAME(SORT_BY_ALIGNMENT(._mipi_dbi_driver_api.static.*)))
                0x0000000000007264                _mipi_dbi_driver_api_list_end = .

mipi_dsi_driver_api_area
                0x0000000000007264        0x0
                0x0000000000007264                _mipi_dsi_driver_api_list_start = .
 *(SORT_BY_NAME(SORT_BY_ALIGNMENT(._mipi_dsi_driver_api.static.*)))
                0x0000000000007264                _mipi_dsi_driver_api_list_end = .

mspi_driver_api_area
                0x0000000000007264        0x0
                0x0000000000007264                _mspi_driver_api_list_start = .
 *(SORT_BY_NAME(SORT_BY_ALIGNMENT(._mspi_driver_api.static.*)))
                0x0000000000007264                _mspi_driver_api_list_end = .

peci_driver_api_area
                0x0000000000007264        0x0
                0x0000000000007264                _peci_driver_api_list_start = .
 *(SORT_BY_NAME(SORT_BY_ALIGNMENT(._peci_driver_api.static.*)))
                0x0000000000007264                _peci_driver_api_list_end = .

ps2_driver_api_area
                0x0000000000007264        0x0
                0x0000000000007264                _ps2_driver_api_list_start = .
 *(SORT_BY_NAME(SORT_BY_ALIGNMENT(._ps2_driver_api.static.*)))
                0x0000000000007264                _ps2_driver_api_list_end = .

ptp_clock_driver_api_area
                0x0000000000007264        0x0
                0x0000000000007264                _ptp_clock_driver_api_list_start = .
 *(SORT_BY_NAME(SORT_BY_ALIGNMENT(._ptp_clock_driver_api.static.*)))
                0x0000000000007264                _ptp_clock_driver_api_list_end = .

pwm_driver_api_area
                0x0000000000007264        0x0
                0x0000000000007264                _pwm_driver_api_list_start = .
 *(SORT_BY_NAME(SORT_BY_ALIGNMENT(._pwm_driver_api.static.*)))
                0x0000000000007264                _pwm_driver_api_list_end = .

regulator_parent_driver_api_area
                0x0000000000007264        0x0
                0x0000000000007264                _regulator_parent_driver_api_list_start = .
 *(SORT_BY_NAME(SORT_BY_ALIGNMENT(._regulator_parent_driver_api.static.*)))
                0x0000000000007264                _regulator_parent_driver_api_list_end = .

regulator_driver_api_area
                0x0000000000007264        0x0
                0x0000000000007264                _regulator_driver_api_list_start = .
 *(SORT_BY_NAME(SORT_BY_ALIGNMENT(._regulator_driver_api.static.*)))
                0x0000000000007264                _regulator_driver_api_list_end = .

reset_driver_api_area
                0x0000000000007264        0x0
                0x0000000000007264                _reset_driver_api_list_start = .
 *(SORT_BY_NAME(SORT_BY_ALIGNMENT(._reset_driver_api.static.*)))
                0x0000000000007264                _reset_driver_api_list_end = .

retained_mem_driver_api_area
                0x0000000000007264        0x0
                0x0000000000007264                _retained_mem_driver_api_list_start = .
 *(SORT_BY_NAME(SORT_BY_ALIGNMENT(._retained_mem_driver_api.static.*)))
                0x0000000000007264                _retained_mem_driver_api_list_end = .

rtc_driver_api_area
                0x0000000000007264        0x0
                0x0000000000007264                _rtc_driver_api_list_start = .
 *(SORT_BY_NAME(SORT_BY_ALIGNMENT(._rtc_driver_api.static.*)))
                0x0000000000007264                _rtc_driver_api_list_end = .

sdhc_driver_api_area
                0x0000000000007264        0x0
                0x0000000000007264                _sdhc_driver_api_list_start = .
 *(SORT_BY_NAME(SORT_BY_ALIGNMENT(._sdhc_driver_api.static.*)))
                0x0000000000007264                _sdhc_driver_api_list_end = .

sensor_driver_api_area
                0x0000000000007264        0x0
                0x0000000000007264                _sensor_driver_api_list_start = .
 *(SORT_BY_NAME(SORT_BY_ALIGNMENT(._sensor_driver_api.static.*)))
                0x0000000000007264                _sensor_driver_api_list_end = .

smbus_driver_api_area
                0x0000000000007264        0x0
                0x0000000000007264                _smbus_driver_api_list_start = .
 *(SORT_BY_NAME(SORT_BY_ALIGNMENT(._smbus_driver_api.static.*)))
                0x0000000000007264                _smbus_driver_api_list_end = .

spi_driver_api_area
                0x0000000000007264        0x0
                0x0000000000007264                _spi_driver_api_list_start = .
 *(SORT_BY_NAME(SORT_BY_ALIGNMENT(._spi_driver_api.static.*)))
                0x0000000000007264                _spi_driver_api_list_end = .

stepper_driver_api_area
                0x0000000000007264        0x0
                0x0000000000007264                _stepper_driver_api_list_start = .
 *(SORT_BY_NAME(SORT_BY_ALIGNMENT(._stepper_driver_api.static.*)))
                0x0000000000007264                _stepper_driver_api_list_end = .

syscon_driver_api_area
                0x0000000000007264        0x0
                0x0000000000007264                _syscon_driver_api_list_start = .
 *(SORT_BY_NAME(SORT_BY_ALIGNMENT(._syscon_driver_api.static.*)))
                0x0000000000007264                _syscon_driver_api_list_end = .

tee_driver_api_area
                0x0000000000007264        0x0
                0x0000000000007264                _tee_driver_api_list_start = .
 *(SORT_BY_NAME(SORT_BY_ALIGNMENT(._tee_driver_api.static.*)))
                0x0000000000007264                _tee_driver_api_list_end = .

video_driver_api_area
                0x0000000000007264        0x0
                0x0000000000007264                _video_driver_api_list_start = .
 *(SORT_BY_NAME(SORT_BY_ALIGNMENT(._video_driver_api.static.*)))
                0x0000000000007264                _video_driver_api_list_end = .

virtio_driver_api_area
                0x0000000000007264        0x0
                0x0000000000007264                _virtio_driver_api_list_start = .
 *(SORT_BY_NAME(SORT_BY_ALIGNMENT(._virtio_driver_api.static.*)))
                0x0000000000007264                _virtio_driver_api_list_end = .

w1_driver_api_area
                0x0000000000007264        0x0
                0x0000000000007264                _w1_driver_api_list_start = .
 *(SORT_BY_NAME(SORT_BY_ALIGNMENT(._w1_driver_api.static.*)))
                0x0000000000007264                _w1_driver_api_list_end = .

wdt_driver_api_area
                0x0000000000007264        0x0
                0x0000000000007264                _wdt_driver_api_list_start = .
 *(SORT_BY_NAME(SORT_BY_ALIGNMENT(._wdt_driver_api.static.*)))
                0x0000000000007264                _wdt_driver_api_list_end = .

can_transceiver_driver_api_area
                0x0000000000007264        0x0
                0x0000000000007264                _can_transceiver_driver_api_list_start = .
 *(SORT_BY_NAME(SORT_BY_ALIGNMENT(._can_transceiver_driver_api.static.*)))
                0x0000000000007264                _can_transceiver_driver_api_list_end = .

nrf_clock_control_driver_api_area
                0x0000000000007264        0x0
                0x0000000000007264                _nrf_clock_control_driver_api_list_start = .
 *(SORT_BY_NAME(SORT_BY_ALIGNMENT(._nrf_clock_control_driver_api.static.*)))
                0x0000000000007264                _nrf_clock_control_driver_api_list_end = .

i3c_target_driver_api_area
                0x0000000000007264        0x0
                0x0000000000007264                _i3c_target_driver_api_list_start = .
 *(SORT_BY_NAME(SORT_BY_ALIGNMENT(._i3c_target_driver_api.static.*)))
                0x0000000000007264                _i3c_target_driver_api_list_end = .

its_driver_api_area
                0x0000000000007264        0x0
                0x0000000000007264                _its_driver_api_list_start = .
 *(SORT_BY_NAME(SORT_BY_ALIGNMENT(._its_driver_api.static.*)))
                0x0000000000007264                _its_driver_api_list_end = .

vtd_driver_api_area
                0x0000000000007264        0x0
                0x0000000000007264                _vtd_driver_api_list_start = .
 *(SORT_BY_NAME(SORT_BY_ALIGNMENT(._vtd_driver_api.static.*)))
                0x0000000000007264                _vtd_driver_api_list_end = .

renesas_elc_driver_api_area
                0x0000000000007264        0x0
                0x0000000000007264                _renesas_elc_driver_api_list_start = .
 *(SORT_BY_NAME(SORT_BY_ALIGNMENT(._renesas_elc_driver_api.static.*)))
                0x0000000000007264                _renesas_elc_driver_api_list_end = .

tgpio_driver_api_area
                0x0000000000007264        0x0
                0x0000000000007264                _tgpio_driver_api_list_start = .
 *(SORT_BY_NAME(SORT_BY_ALIGNMENT(._tgpio_driver_api.static.*)))
                0x0000000000007264                _tgpio_driver_api_list_end = .

pcie_ctrl_driver_api_area
                0x0000000000007264        0x0
                0x0000000000007264                _pcie_ctrl_driver_api_list_start = .
 *(SORT_BY_NAME(SORT_BY_ALIGNMENT(._pcie_ctrl_driver_api.static.*)))
                0x0000000000007264                _pcie_ctrl_driver_api_list_end = .

pcie_ep_driver_api_area
                0x0000000000007264        0x0
                0x0000000000007264                _pcie_ep_driver_api_list_start = .
 *(SORT_BY_NAME(SORT_BY_ALIGNMENT(._pcie_ep_driver_api.static.*)))
                0x0000000000007264                _pcie_ep_driver_api_list_end = .

psi5_driver_api_area
                0x0000000000007264        0x0
                0x0000000000007264                _psi5_driver_api_list_start = .
 *(SORT_BY_NAME(SORT_BY_ALIGNMENT(._psi5_driver_api.static.*)))
                0x0000000000007264                _psi5_driver_api_list_end = .

sent_driver_api_area
                0x0000000000007264        0x0
                0x0000000000007264                _sent_driver_api_list_start = .
 *(SORT_BY_NAME(SORT_BY_ALIGNMENT(._sent_driver_api.static.*)))
                0x0000000000007264                _sent_driver_api_list_end = .

svc_driver_api_area
                0x0000000000007264        0x0
                0x0000000000007264                _svc_driver_api_list_start = .
 *(SORT_BY_NAME(SORT_BY_ALIGNMENT(._svc_driver_api.static.*)))